cons.c:25:6:print	16	static
cons.c:113:6:printHelpCommands	16	static
cons.c:125:6:cmdHelp	24	static
cons.c:147:5:convertToInt	24	static
cons.c:166:6:printOp	16	static
cons.c:186:6:printHex	24	static
cons.c:190:6:printDec	24	static
cons.c:196:6:printOutputState	16	static
cons.c:205:6:printConfigInput1Op	24	static
cons.c:217:6:printConfigInput	40	static
cons.c:251:6:printConfigTimer	40	static
cons.c:265:6:cmdInput	40	static
cons.c:330:6:cmdTimer	32	static
cons.c:353:6:cmdShow	48	static
cons.c:409:6:cmdOutput	24	static
cons.c:427:6:cmdSave	16	static
cons.c:436:6:putBufPtr	16	static
cons.c:445:6:consThread	24	static
cons.c:472:6:consInit	8	static
