emCLI.c:24:6:initCLI	16	static
emCLI.c:30:6:printCh	24	static
emCLI.c:37:6:redrawLineAfterCursor	8	static
emCLI.c:43:6:redrawCursor	16	static
emCLI.c:52:6:printLog	16	static
emCLI.c:66:6:histClean	24	static
emCLI.c:78:6:histPutIn	16	static
emCLI.c:89:6:histGetFrom	16	static
emCLI.c:105:6:histMove	24	static
emCLI.c:127:6:putInLineCh	16	static
emCLI.c:144:6:delInLine	24	static
emCLI.c:160:6:closeTerm	8	static
emCLI.c:165:6:processCmds	24	static
emCLI.c:179:8:toLower	24	static
emCLI.c:183:6:processNewLine	16	static
emCLI.c:203:6:moveLineCursor	16	static
emCLI.c:232:6:processACMultiple	32	static
emCLI.c:256:6:processAutoComplete	24	static
emCLI.c:284:8:processConsoleStr2	24	static
emCLI.c:372:6:processConsoleStr	16	static
