io.c:41:6:__setOutputs	8	static
io.c:50:6:setOutputs	16	static
io.c:55:6:setOutputsByInputConfig	16	static
io.c:76:6:setOutputsOff	16	static
io.c:82:6:firstEnableOutputs	8	static
io.c:89:6:initIO	8	static
io.c:93:6:setOutputOn	16	static
io.c:98:6:setOutputOff	16	static
io.c:102:6:setOutputToggle	16	static
io.c:107:5:getOutputState	16	static
io.c:112:10:getOutputsState	4	static
io.c:123:10:readInputs	16	static
io.c:135:6:processInputEvent	24	static
io.c:167:6:threadInputTimers	24	static
io.c:186:6:processInputEvents	24	static
io.c:202:6:threadSPI	16	static
io.c:221:5:startTimer	16	static
io.c:227:6:processTimerEvent	16	static
io.c:232:6:threadTimers	24	static
io.c:244:6:offActiveTimers	16	static
io.c:264:6:initThreads	16	static
