Archive member included to satisfy reference by file (symbol)

c:/st/stm32cubeide_1.3.0/stm32cubeide/plugins/com.st.stm32cube.ide.mcu.externaltools.gnu-tools-for-stm32.7-2018-q2-update.win32_1.5.0.202011040924/tools/bin/../lib/gcc/arm-none-eabi/7.3.1/../../../../arm-none-eabi/lib/thumb/v7-m\libc_nano.a(lib_a-errno.o)
                              Core/Src/syscalls.o (__errno)
c:/st/stm32cubeide_1.3.0/stm32cubeide/plugins/com.st.stm32cube.ide.mcu.externaltools.gnu-tools-for-stm32.7-2018-q2-update.win32_1.5.0.202011040924/tools/bin/../lib/gcc/arm-none-eabi/7.3.1/../../../../arm-none-eabi/lib/thumb/v7-m\libc_nano.a(lib_a-exit.o)
                              c:/st/stm32cubeide_1.3.0/stm32cubeide/plugins/com.st.stm32cube.ide.mcu.externaltools.gnu-tools-for-stm32.7-2018-q2-update.win32_1.5.0.202011040924/tools/bin/../lib/gcc/arm-none-eabi/7.3.1/../../../../arm-none-eabi/lib/thumb/v7-m/crt0.o (exit)
c:/st/stm32cubeide_1.3.0/stm32cubeide/plugins/com.st.stm32cube.ide.mcu.externaltools.gnu-tools-for-stm32.7-2018-q2-update.win32_1.5.0.202011040924/tools/bin/../lib/gcc/arm-none-eabi/7.3.1/../../../../arm-none-eabi/lib/thumb/v7-m\libc_nano.a(lib_a-impure.o)
                              c:/st/stm32cubeide_1.3.0/stm32cubeide/plugins/com.st.stm32cube.ide.mcu.externaltools.gnu-tools-for-stm32.7-2018-q2-update.win32_1.5.0.202011040924/tools/bin/../lib/gcc/arm-none-eabi/7.3.1/../../../../arm-none-eabi/lib/thumb/v7-m\libc_nano.a(lib_a-exit.o) (_global_impure_ptr)
c:/st/stm32cubeide_1.3.0/stm32cubeide/plugins/com.st.stm32cube.ide.mcu.externaltools.gnu-tools-for-stm32.7-2018-q2-update.win32_1.5.0.202011040924/tools/bin/../lib/gcc/arm-none-eabi/7.3.1/../../../../arm-none-eabi/lib/thumb/v7-m\libc_nano.a(lib_a-init.o)
                              c:/st/stm32cubeide_1.3.0/stm32cubeide/plugins/com.st.stm32cube.ide.mcu.externaltools.gnu-tools-for-stm32.7-2018-q2-update.win32_1.5.0.202011040924/tools/bin/../lib/gcc/arm-none-eabi/7.3.1/../../../../arm-none-eabi/lib/thumb/v7-m/crt0.o (__libc_init_array)
c:/st/stm32cubeide_1.3.0/stm32cubeide/plugins/com.st.stm32cube.ide.mcu.externaltools.gnu-tools-for-stm32.7-2018-q2-update.win32_1.5.0.202011040924/tools/bin/../lib/gcc/arm-none-eabi/7.3.1/../../../../arm-none-eabi/lib/thumb/v7-m\libc_nano.a(lib_a-locale.o)
                              holse/emCLI.o (__locale_ctype_ptr)
c:/st/stm32cubeide_1.3.0/stm32cubeide/plugins/com.st.stm32cube.ide.mcu.externaltools.gnu-tools-for-stm32.7-2018-q2-update.win32_1.5.0.202011040924/tools/bin/../lib/gcc/arm-none-eabi/7.3.1/../../../../arm-none-eabi/lib/thumb/v7-m\libc_nano.a(lib_a-mbtowc_r.o)
                              c:/st/stm32cubeide_1.3.0/stm32cubeide/plugins/com.st.stm32cube.ide.mcu.externaltools.gnu-tools-for-stm32.7-2018-q2-update.win32_1.5.0.202011040924/tools/bin/../lib/gcc/arm-none-eabi/7.3.1/../../../../arm-none-eabi/lib/thumb/v7-m\libc_nano.a(lib_a-locale.o) (__ascii_mbtowc)
c:/st/stm32cubeide_1.3.0/stm32cubeide/plugins/com.st.stm32cube.ide.mcu.externaltools.gnu-tools-for-stm32.7-2018-q2-update.win32_1.5.0.202011040924/tools/bin/../lib/gcc/arm-none-eabi/7.3.1/../../../../arm-none-eabi/lib/thumb/v7-m\libc_nano.a(lib_a-memcpy-stub.o)
                              Middlewares/Third_Party/FreeRTOS/Source/CMSIS_RTOS_V2/cmsis_os2.o (memcpy)
c:/st/stm32cubeide_1.3.0/stm32cubeide/plugins/com.st.stm32cube.ide.mcu.externaltools.gnu-tools-for-stm32.7-2018-q2-update.win32_1.5.0.202011040924/tools/bin/../lib/gcc/arm-none-eabi/7.3.1/../../../../arm-none-eabi/lib/thumb/v7-m\libc_nano.a(lib_a-memmove.o)
                              holse/emCLI.o (memmove)
c:/st/stm32cubeide_1.3.0/stm32cubeide/plugins/com.st.stm32cube.ide.mcu.externaltools.gnu-tools-for-stm32.7-2018-q2-update.win32_1.5.0.202011040924/tools/bin/../lib/gcc/arm-none-eabi/7.3.1/../../../../arm-none-eabi/lib/thumb/v7-m\libc_nano.a(lib_a-memset.o)
                              c:/st/stm32cubeide_1.3.0/stm32cubeide/plugins/com.st.stm32cube.ide.mcu.externaltools.gnu-tools-for-stm32.7-2018-q2-update.win32_1.5.0.202011040924/tools/bin/../lib/gcc/arm-none-eabi/7.3.1/../../../../arm-none-eabi/lib/thumb/v7-m/crt0.o (memset)
c:/st/stm32cubeide_1.3.0/stm32cubeide/plugins/com.st.stm32cube.ide.mcu.externaltools.gnu-tools-for-stm32.7-2018-q2-update.win32_1.5.0.202011040924/tools/bin/../lib/gcc/arm-none-eabi/7.3.1/../../../../arm-none-eabi/lib/thumb/v7-m\libc_nano.a(lib_a-snprintf.o)
                              USB_DEVICE/App/usbd_cdc_if.o (snprintf)
c:/st/stm32cubeide_1.3.0/stm32cubeide/plugins/com.st.stm32cube.ide.mcu.externaltools.gnu-tools-for-stm32.7-2018-q2-update.win32_1.5.0.202011040924/tools/bin/../lib/gcc/arm-none-eabi/7.3.1/../../../../arm-none-eabi/lib/thumb/v7-m\libc_nano.a(lib_a-sscanf.o)
                              holse/emCLI.o (sscanf)
[...]
Memory Configuration

Name             Origin             Length             Attributes
RAM              0x0000000020000000 0x0000000000005000 xrw
FLASH            0x0000000008000000 0x0000000000010000 xr
*default*        0x0000000000000000 0xffffffffffffffff

Linker script and memory map

LOAD c:/st/stm32cubeide_1.3.0/stm32cubeide/plugins/com.st.stm32cube.ide.mcu.externaltools.gnu-tools-for-stm32.7-2018-q2-update.win32_1.5.0.202011040924/tools/bin/../lib/gcc/arm-none-eabi/7.3.1/thumb/v7-m/crti.o
LOAD c:/st/stm32cubeide_1.3.0/stm32cubeide/plugins/com.st.stm32cube.ide.mcu.externaltools.gnu-tools-for-stm32.7-2018-q2-update.win32_1.5.0.202011040924/tools/bin/../lib/gcc/arm-none-eabi/7.3.1/thumb/v7-m/crtbegin.o
LOAD c:/st/stm32cubeide_1.3.0/stm32cubeide/plugins/com.st.stm32cube.ide.mcu.externaltools.gnu-tools-for-stm32.7-2018-q2-update.win32_1.5.0.202011040924/tools/bin/../lib/gcc/arm-none-eabi/7.3.1/../../../../arm-none-eabi/lib/thumb/v7-m/crt0.o
LOAD Core/Src/freertos.o
LOAD Core/Src/gpio.o
LOAD Core/Src/main.o
LOAD Core/Src/rtc.o
LOAD Core/Src/spi.o
LOAD Core/Src/stm32f1xx_hal_msp.o
LOAD Core/Src/stm32f1xx_hal_timebase_tim.o
LOAD Core/Src/stm32f1xx_it.o
LOAD Core/Src/syscalls.o
LOAD Core/Src/sysmem.o
LOAD Core/Src/system_stm32f1xx.o
LOAD Core/Startup/startup_stm32f103c8tx.o
LOAD Drivers/STM32F1xx_HAL_Driver/Src/stm32f1xx_hal.o
LOAD Drivers/STM32F1xx_HAL_Driver/Src/stm32f1xx_hal_cortex.o
LOAD Drivers/STM32F1xx_HAL_Driver/Src/stm32f1xx_hal_dma.o
LOAD Drivers/STM32F1xx_HAL_Driver/Src/stm32f1xx_hal_exti.o
LOAD Drivers/STM32F1xx_HAL_Driver/Src/stm32f1xx_hal_flash.o
LOAD Drivers/STM32F1xx_HAL_Driver/Src/stm32f1xx_hal_flash_ex.o
LOAD Drivers/STM32F1xx_HAL_Driver/Src/stm32f1xx_hal_gpio.o
LOAD Drivers/STM32F1xx_HAL_Driver/Src/stm32f1xx_hal_gpio_ex.o
LOAD Drivers/STM32F1xx_HAL_Driver/Src/stm32f1xx_hal_pcd.o
LOAD Drivers/STM32F1xx_HAL_Driver/Src/stm32f1xx_hal_pcd_ex.o
LOAD Drivers/STM32F1xx_HAL_Driver/Src/stm32f1xx_hal_pwr.o
LOAD Drivers/STM32F1xx_HAL_Driver/Src/stm32f1xx_hal_rcc.o
LOAD Drivers/STM32F1xx_HAL_Driver/Src/stm32f1xx_hal_rcc_ex.o
LOAD Drivers/STM32F1xx_HAL_Driver/Src/stm32f1xx_hal_rtc.o
LOAD Drivers/STM32F1xx_HAL_Driver/Src/stm32f1xx_hal_rtc_ex.o
LOAD Drivers/STM32F1xx_HAL_Driver/Src/stm32f1xx_hal_spi.o
LOAD Drivers/STM32F1xx_HAL_Driver/Src/stm32f1xx_hal_tim.o
LOAD Drivers/STM32F1xx_HAL_Driver/Src/stm32f1xx_hal_tim_ex.o
LOAD Drivers/STM32F1xx_HAL_Driver/Src/stm32f1xx_ll_usb.o
LOAD Middlewares/ST/STM32_USB_Device_Library/Class/CDC/Src/usbd_cdc.o
LOAD Middlewares/ST/STM32_USB_Device_Library/Core/Src/usbd_core.o
LOAD Middlewares/ST/STM32_USB_Device_Library/Core/Src/usbd_ctlreq.o
LOAD Middlewares/ST/STM32_USB_Device_Library/Core/Src/usbd_ioreq.o
LOAD Middlewares/Third_Party/FreeRTOS/Source/CMSIS_RTOS_V2/cmsis_os2.o
LOAD Middlewares/Third_Party/FreeRTOS/Source/croutine.o
LOAD Middlewares/Third_Party/FreeRTOS/Source/event_groups.o
LOAD Middlewares/Third_Party/FreeRTOS/Source/list.o
LOAD Middlewares/Third_Party/FreeRTOS/Source/queue.o
LOAD Middlewares/Third_Party/FreeRTOS/Source/stream_buffer.o
LOAD Middlewares/Third_Party/FreeRTOS/Source/tasks.o
LOAD Middlewares/Third_Party/FreeRTOS/Source/timers.o
LOAD Middlewares/Third_Party/FreeRTOS/Source/portable/GCC/ARM_CM3/port.o
LOAD Middlewares/Third_Party/FreeRTOS/Source/portable/MemMang/heap_4.o
LOAD USB_DEVICE/App/usb_device.o
LOAD USB_DEVICE/App/usbd_cdc_if.o
LOAD USB_DEVICE/App/usbd_desc.o
LOAD USB_DEVICE/Target/usbd_conf.o
LOAD holse/STM32_EEPROM_SPI.o
LOAD holse/config.o
LOAD holse/cons.o
LOAD holse/emCLI.o
LOAD holse/io.o
START GROUP
LOAD c:/st/stm32cubeide_1.3.0/stm32cubeide/plugins/com.st.stm32cube.ide.mcu.externaltools.gnu-tools-for-stm32.7-2018-q2-update.win32_1.5.0.202011040924/tools/bin/../lib/gcc/arm-none-eabi/7.3.1/../../../../arm-none-eabi/lib/thumb/v7-m\libstdc++_nano.a
LOAD c:/st/stm32cubeide_1.3.0/stm32cubeide/plugins/com.st.stm32cube.ide.mcu.externaltools.gnu-tools-for-stm32.7-2018-q2-update.win32_1.5.0.202011040924/tools/bin/../lib/gcc/arm-none-eabi/7.3.1/../../../../arm-none-eabi/lib/thumb/v7-m\libsupc++_nano.a
END GROUP
LOAD c:/st/stm32cubeide_1.3.0/stm32cubeide/plugins/com.st.stm32cube.ide.mcu.externaltools.gnu-tools-for-stm32.7-2018-q2-update.win32_1.5.0.202011040924/tools/bin/../lib/gcc/arm-none-eabi/7.3.1/../../../../arm-none-eabi/lib/thumb/v7-m\libstdc++_nano.a
LOAD c:/st/stm32cubeide_1.3.0/stm32cubeide/plugins/com.st.stm32cube.ide.mcu.externaltools.gnu-tools-for-stm32.7-2018-q2-update.win32_1.5.0.202011040924/tools/bin/../lib/gcc/arm-none-eabi/7.3.1/../../../../arm-none-eabi/lib/thumb/v7-m\libm.a
LOAD c:/st/stm32cubeide_1.3.0/stm32cubeide/plugins/com.st.stm32cube.ide.mcu.externaltools.gnu-tools-for-stm32.7-2018-q2-update.win32_1.5.0.202011040924/tools/bin/../lib/gcc/arm-none-eabi/7.3.1/../../../../arm-none-eabi/lib/thumb/v7-m\libc_nano.a
START GROUP
LOAD c:/st/stm32cubeide_1.3.0/stm32cubeide/plugins/com.st.stm32cube.ide.mcu.externaltools.gnu-tools-for-stm32.7-2018-q2-update.win32_1.5.0.202011040924/tools/bin/../lib/gcc/arm-none-eabi/7.3.1/thumb/v7-m\libgcc.a
LOAD c:/st/stm32cubeide_1.3.0/stm32cubeide/plugins/com.st.stm32cube.ide.mcu.externaltools.gnu-tools-for-stm32.7-2018-q2-update.win32_1.5.0.202011040924/tools/bin/../lib/gcc/arm-none-eabi/7.3.1/../../../../arm-none-eabi/lib/thumb/v7-m\libc_nano.a
END GROUP
START GROUP
LOAD c:/st/stm32cubeide_1.3.0/stm32cubeide/plugins/com.st.stm32cube.ide.mcu.externaltools.gnu-tools-for-stm32.7-2018-q2-update.win32_1.5.0.202011040924/tools/bin/../lib/gcc/arm-none-eabi/7.3.1/thumb/v7-m\libgcc.a
LOAD c:/st/stm32cubeide_1.3.0/stm32cubeide/plugins/com.st.stm32cube.ide.mcu.externaltools.gnu-tools-for-stm32.7-2018-q2-update.win32_1.5.0.202011040924/tools/bin/../lib/gcc/arm-none-eabi/7.3.1/../../../../arm-none-eabi/lib/thumb/v7-m\libc_nano.a
LOAD c:/st/stm32cubeide_1.3.0/stm32cubeide/plugins/com.st.stm32cube.ide.mcu.externaltools.gnu-tools-for-stm32.7-2018-q2-update.win32_1.5.0.202011040924/tools/bin/../lib/gcc/arm-none-eabi/7.3.1/../../../../arm-none-eabi/lib/thumb/v7-m\libnosys.a
END GROUP
START GROUP
LOAD c:/st/stm32cubeide_1.3.0/stm32cubeide/plugins/com.st.stm32cube.ide.mcu.externaltools.gnu-tools-for-stm32.7-2018-q2-update.win32_1.5.0.202011040924/tools/bin/../lib/gcc/arm-none-eabi/7.3.1/thumb/v7-m\libgcc.a
LOAD c:/st/stm32cubeide_1.3.0/stm32cubeide/plugins/com.st.stm32cube.ide.mcu.externaltools.gnu-tools-for-stm32.7-2018-q2-update.win32_1.5.0.202011040924/tools/bin/../lib/gcc/arm-none-eabi/7.3.1/../../../../arm-none-eabi/lib/thumb/v7-m\libc_nano.a
LOAD c:/st/stm32cubeide_1.3.0/stm32cubeide/plugins/com.st.stm32cube.ide.mcu.externaltools.gnu-tools-for-stm32.7-2018-q2-update.win32_1.5.0.202011040924/tools/bin/../lib/gcc/arm-none-eabi/7.3.1/../../../../arm-none-eabi/lib/thumb/v7-m\libnosys.a
END GROUP
LOAD c:/st/stm32cubeide_1.3.0/stm32cubeide/plugins/com.st.stm32cube.ide.mcu.externaltools.gnu-tools-for-stm32.7-2018-q2-update.win32_1.5.0.202011040924/tools/bin/../lib/gcc/arm-none-eabi/7.3.1/thumb/v7-m/crtend.o
LOAD c:/st/stm32cubeide_1.3.0/stm32cubeide/plugins/com.st.stm32cube.ide.mcu.externaltools.gnu-tools-for-stm32.7-2018-q2-update.win32_1.5.0.202011040924/tools/bin/../lib/gcc/arm-none-eabi/7.3.1/thumb/v7-m/crtn.o
                0x0000000020005000                _estack = (ORIGIN (RAM) + LENGTH (RAM))
                0x0000000000000200                _Min_Heap_Size = 0x200
                0x0000000000000400                _Min_Stack_Size = 0x400

.isr_vector     0x0000000008000000      0x10c
                0x0000000008000000                . = ALIGN (0x4)
 *(.isr_vector)
 .isr_vector    0x0000000008000000      0x10c Core/Startup/startup_stm32f103c8tx.o
                0x0000000008000000                g_pfnVectors
                0x000000000800010c                . = ALIGN (0x4)

.text           0x0000000008000110     0x8644
                0x0000000008000110                . = ALIGN (0x4)
 *(.text)
 .text          0x0000000008000110       0x40 c:/st/stm32cubeide_1.3.0/stm32cubeide/plugins/com.st.stm32cube.ide.mcu.externaltools.gnu-tools-for-stm32.7-2018-q2-update.win32_1.5.0.202011040924/tools/bin/../lib/gcc/arm-none-eabi/7.3.1/thumb/v7-m/crtbegin.o
 .text          0x0000000008000150       0x14 c:/st/stm32cubeide_1.3.0/stm32cubeide/plugins/com.st.stm32cube.ide.mcu.externaltools.gnu-tools-for-stm32.7-2018-q2-update.win32_1.5.0.202011040924/tools/bin/../lib/gcc/arm-none-eabi/7.3.1/../../../../arm-none-eabi/lib/thumb/v7-m\libc_nano.a(lib_a-strcmp.o)
                0x0000000008000150                strcmp
 .text          0x0000000008000164       0x10 c:/st/stm32cubeide_1.3.0/stm32cubeide/plugins/com.st.stm32cube.ide.mcu.externaltools.gnu-tools-for-stm32.7-2018-q2-update.win32_1.5.0.202011040924/tools/bin/../lib/gcc/arm-none-eabi/7.3.1/../../../../arm-none-eabi/lib/thumb/v7-m\libc_nano.a(lib_a-strlen.o)
                0x0000000008000164                strlen
 *(.text*)
 .text.StartDefaultTask
                0x0000000008000174       0xbc Core/Src/freertos.o
                0x0000000008000174                StartDefaultTask
 .text.MX_FREERTOS_Init
                0x0000000008000230       0x20 Core/Src/freertos.o
                0x0000000008000230                MX_FREERTOS_Init
 .text.MX_GPIO_Init
                0x0000000008000250       0xcc Core/Src/gpio.o
                0x0000000008000250                MX_GPIO_Init
 .text.SendData
                0x000000000800031c       0x74 Core/Src/main.o
                0x000000000800031c                SendData
 .text.LedsWalk
                0x0000000008000390       0x56 Core/Src/main.o
                0x0000000008000390                LedsWalk
 *fill*         0x00000000080003e6        0x2 
 .text.ledsStartCheck
                0x00000000080003e8       0x78 Core/Src/main.o
                0x00000000080003e8                ledsStartCheck
 .text.SystemClock_Config
                0x0000000008000460       0x82 Core/Src/main.o
                0x0000000008000460                SystemClock_Config
 .text.startup.main
                0x00000000080004e2       0x2c Core/Src/main.o
                0x00000000080004e2                main
 *fill*         0x000000000800050e        0x2 
 .text.HAL_TIM_PeriodElapsedCallback
                0x0000000008000510       0x14 Core/Src/main.o
                0x0000000008000510                HAL_TIM_PeriodElapsedCallback
 .text.Error_Handler
                0x0000000008000524        0x4 Core/Src/main.o
                0x0000000008000524                Error_Handler
 .text.MX_RTC_Init
                0x0000000008000528       0x2c Core/Src/rtc.o
                0x0000000008000528                MX_RTC_Init
 .text.HAL_RTC_MspInit
                0x0000000008000554       0x3c Core/Src/rtc.o
                0x0000000008000554                HAL_RTC_MspInit
 .text.MX_SPI1_Init
                0x0000000008000590       0x44 Core/Src/spi.o
                0x0000000008000590                MX_SPI1_Init
 .text.MX_SPI2_Init
                0x00000000080005d4       0x44 Core/Src/spi.o
                0x00000000080005d4                MX_SPI2_Init
 .text.HAL_SPI_MspInit
                0x0000000008000618       0xd4 Core/Src/spi.o
                0x0000000008000618                HAL_SPI_MspInit
 .text.HAL_MspInit
                0x00000000080006ec       0x50 Core/Src/stm32f1xx_hal_msp.o
                0x00000000080006ec                HAL_MspInit
 .text.HAL_InitTick
                0x000000000800073c       0x78 Core/Src/stm32f1xx_hal_timebase_tim.o
                0x000000000800073c                HAL_InitTick
 .text.NMI_Handler
                0x00000000080007b4        0x2 Core/Src/stm32f1xx_it.o
                0x00000000080007b4                NMI_Handler
 *fill*         0x00000000080007b6        0x2 
 .text.HardFault_Handler
                0x00000000080007b8       0x14 Core/Src/stm32f1xx_it.o
                0x00000000080007b8                HardFault_Handler
 .text.MemManage_Handler
                0x00000000080007cc        0x2 Core/Src/stm32f1xx_it.o
                0x00000000080007cc                MemManage_Handler
 .text.BusFault_Handler
                0x00000000080007ce        0x2 Core/Src/stm32f1xx_it.o
                0x00000000080007ce                BusFault_Handler
 .text.UsageFault_Handler
                0x00000000080007d0        0x2 Core/Src/stm32f1xx_it.o
                0x00000000080007d0                UsageFault_Handler
 .text.DebugMon_Handler
                0x00000000080007d2        0x2 Core/Src/stm32f1xx_it.o
                0x00000000080007d2                DebugMon_Handler
 .text.USB_LP_CAN1_RX0_IRQHandler
                0x00000000080007d4        0xc Core/Src/stm32f1xx_it.o
                0x00000000080007d4                USB_LP_CAN1_RX0_IRQHandler
 .text.TIM4_IRQHandler
                0x00000000080007e0        0xc Core/Src/stm32f1xx_it.o
                0x00000000080007e0                TIM4_IRQHandler
 .text._sbrk    0x00000000080007ec       0x40 Core/Src/sysmem.o
                0x00000000080007ec                _sbrk
 .text.SystemInit
                0x000000000800082c        0x2 Core/Src/system_stm32f1xx.o
                0x000000000800082c                SystemInit
 *fill*         0x000000000800082e        0x2 
 .text.Reset_Handler
                0x0000000008000830       0x48 Core/Startup/startup_stm32f103c8tx.o
                0x0000000008000830                Reset_Handler
 .text.Default_Handler
                0x0000000008000878        0x2 Core/Startup/startup_stm32f103c8tx.o
                0x0000000008000878                RTC_Alarm_IRQHandler
                0x0000000008000878                EXTI2_IRQHandler
                0x0000000008000878                TIM1_CC_IRQHandler
                0x0000000008000878                PVD_IRQHandler
                0x0000000008000878                EXTI3_IRQHandler
                0x0000000008000878                EXTI0_IRQHandler
                0x0000000008000878                I2C2_EV_IRQHandler
                0x0000000008000878                ADC1_2_IRQHandler
                0x0000000008000878                SPI1_IRQHandler
                0x0000000008000878                TAMPER_IRQHandler
                0x0000000008000878                DMA1_Channel4_IRQHandler
                0x0000000008000878                USART3_IRQHandler
                0x0000000008000878                RTC_IRQHandler
                0x0000000008000878                DMA1_Channel7_IRQHandler
                0x0000000008000878                CAN1_RX1_IRQHandler
                0x0000000008000878                I2C1_EV_IRQHandler
                0x0000000008000878                DMA1_Channel6_IRQHandler
                0x0000000008000878                TIM3_IRQHandler
                0x0000000008000878                RCC_IRQHandler
                0x0000000008000878                TIM1_TRG_COM_IRQHandler
                0x0000000008000878                DMA1_Channel1_IRQHandler
                0x0000000008000878                Default_Handler
                0x0000000008000878                EXTI15_10_IRQHandler
                0x0000000008000878                EXTI9_5_IRQHandler
                0x0000000008000878                SPI2_IRQHandler
                0x0000000008000878                DMA1_Channel5_IRQHandler
                0x0000000008000878                EXTI4_IRQHandler
                0x0000000008000878                USB_HP_CAN1_TX_IRQHandler
                0x0000000008000878                DMA1_Channel3_IRQHandler
                0x0000000008000878                TIM1_UP_IRQHandler
                0x0000000008000878                WWDG_IRQHandler
                0x0000000008000878                TIM2_IRQHandler
                0x0000000008000878                TIM1_BRK_IRQHandler
                0x0000000008000878                EXTI1_IRQHandler
                0x0000000008000878                USART2_IRQHandler
                0x0000000008000878                I2C2_ER_IRQHandler
                0x0000000008000878                DMA1_Channel2_IRQHandler
                0x0000000008000878                CAN1_SCE_IRQHandler
                0x0000000008000878                FLASH_IRQHandler
                0x0000000008000878                USART1_IRQHandler
                0x0000000008000878                I2C1_ER_IRQHandler
                0x0000000008000878                USBWakeUp_IRQHandler
 *fill*         0x000000000800087a        0x2 
 .text.HAL_Init
                0x000000000800087c       0x24 Drivers/STM32F1xx_HAL_Driver/Src/stm32f1xx_hal.o
                0x000000000800087c                HAL_Init
 .text.HAL_IncTick
                0x00000000080008a0       0x18 Drivers/STM32F1xx_HAL_Driver/Src/stm32f1xx_hal.o
                0x00000000080008a0                HAL_IncTick
 .text.HAL_GetTick
                0x00000000080008b8        0xc Drivers/STM32F1xx_HAL_Driver/Src/stm32f1xx_hal.o
                0x00000000080008b8                HAL_GetTick
 .text.HAL_Delay
                0x00000000080008c4       0x24 Drivers/STM32F1xx_HAL_Driver/Src/stm32f1xx_hal.o
                0x00000000080008c4                HAL_Delay
 .text.HAL_NVIC_SetPriorityGrouping
                0x00000000080008e8       0x24 Drivers/STM32F1xx_HAL_Driver/Src/stm32f1xx_hal_cortex.o
                0x00000000080008e8                HAL_NVIC_SetPriorityGrouping
 .text.HAL_NVIC_SetPriority
                0x000000000800090c       0x68 Drivers/STM32F1xx_HAL_Driver/Src/stm32f1xx_hal_cortex.o
                0x000000000800090c                HAL_NVIC_SetPriority
 .text.HAL_NVIC_EnableIRQ
                0x0000000008000974       0x1c Drivers/STM32F1xx_HAL_Driver/Src/stm32f1xx_hal_cortex.o
                0x0000000008000974                HAL_NVIC_EnableIRQ
 .text.HAL_GPIO_Init
                0x0000000008000990      0x1c0 Drivers/STM32F1xx_HAL_Driver/Src/stm32f1xx_hal_gpio.o
                0x0000000008000990                HAL_GPIO_Init
 .text.HAL_GPIO_ReadPin
                0x0000000008000b50        0xc Drivers/STM32F1xx_HAL_Driver/Src/stm32f1xx_hal_gpio.o
                0x0000000008000b50                HAL_GPIO_ReadPin
 .text.HAL_GPIO_WritePin
                0x0000000008000b5c        0xa Drivers/STM32F1xx_HAL_Driver/Src/stm32f1xx_hal_gpio.o
                0x0000000008000b5c                HAL_GPIO_WritePin
 .text.HAL_GPIO_TogglePin
                0x0000000008000b66       0x12 Drivers/STM32F1xx_HAL_Driver/Src/stm32f1xx_hal_gpio.o
                0x0000000008000b66                HAL_GPIO_TogglePin
 .text.HAL_PCD_Init
                0x0000000008000b78       0xf0 Drivers/STM32F1xx_HAL_Driver/Src/stm32f1xx_hal_pcd.o
                0x0000000008000b78                HAL_PCD_Init
 .text.HAL_PCD_Start
                0x0000000008000c68       0x32 Drivers/STM32F1xx_HAL_Driver/Src/stm32f1xx_hal_pcd.o
                0x0000000008000c68                HAL_PCD_Start
 .text.HAL_PCD_SetAddress
                0x0000000008000c9a       0x28 Drivers/STM32F1xx_HAL_Driver/Src/stm32f1xx_hal_pcd.o
                0x0000000008000c9a                HAL_PCD_SetAddress
 *fill*         0x0000000008000cc2        0x2 
 .text.HAL_PCD_IRQHandler
                0x0000000008000cc4      0x844 Drivers/STM32F1xx_HAL_Driver/Src/stm32f1xx_hal_pcd.o
                0x0000000008000cc4                HAL_PCD_IRQHandler
 .text.HAL_PCD_EP_Open
                0x0000000008001508       0x64 Drivers/STM32F1xx_HAL_Driver/Src/stm32f1xx_hal_pcd.o
                0x0000000008001508                HAL_PCD_EP_Open
 .text.HAL_PCD_EP_Close
                0x000000000800156c       0x52 Drivers/STM32F1xx_HAL_Driver/Src/stm32f1xx_hal_pcd.o
                0x000000000800156c                HAL_PCD_EP_Close
 .text.HAL_PCD_EP_Receive
                0x00000000080015be       0x32 Drivers/STM32F1xx_HAL_Driver/Src/stm32f1xx_hal_pcd.o
                0x00000000080015be                HAL_PCD_EP_Receive
 .text.HAL_PCD_EP_GetRxCount
                0x00000000080015f0       0x10 Drivers/STM32F1xx_HAL_Driver/Src/stm32f1xx_hal_pcd.o
                0x00000000080015f0                HAL_PCD_EP_GetRxCount
 .text.HAL_PCD_EP_Transmit
                0x0000000008001600       0x34 Drivers/STM32F1xx_HAL_Driver/Src/stm32f1xx_hal_pcd.o
                0x0000000008001600                HAL_PCD_EP_Transmit
 .text.HAL_PCD_EP_SetStall
                0x0000000008001634       0x68 Drivers/STM32F1xx_HAL_Driver/Src/stm32f1xx_hal_pcd.o
                0x0000000008001634                HAL_PCD_EP_SetStall
 .text.HAL_PCD_EP_ClrStall
                0x000000000800169c       0x64 Drivers/STM32F1xx_HAL_Driver/Src/stm32f1xx_hal_pcd.o
                0x000000000800169c                HAL_PCD_EP_ClrStall
 .text.HAL_PCDEx_PMAConfig
                0x0000000008001700       0x36 Drivers/STM32F1xx_HAL_Driver/Src/stm32f1xx_hal_pcd_ex.o
                0x0000000008001700                HAL_PCDEx_PMAConfig
 *fill*         0x0000000008001736        0x2 
 .text.HAL_PWR_EnableBkUpAccess
                0x0000000008001738        0xc Drivers/STM32F1xx_HAL_Driver/Src/stm32f1xx_hal_pwr.o
                0x0000000008001738                HAL_PWR_EnableBkUpAccess
 .text.HAL_RCC_OscConfig
                0x0000000008001744      0x33c Drivers/STM32F1xx_HAL_Driver/Src/stm32f1xx_hal_rcc.o
                0x0000000008001744                HAL_RCC_OscConfig
 .text.HAL_RCC_GetSysClockFreq
                0x0000000008001a80       0x74 Drivers/STM32F1xx_HAL_Driver/Src/stm32f1xx_hal_rcc.o
                0x0000000008001a80                HAL_RCC_GetSysClockFreq
 .text.HAL_RCC_ClockConfig
                0x0000000008001af4      0x138 Drivers/STM32F1xx_HAL_Driver/Src/stm32f1xx_hal_rcc.o
                0x0000000008001af4                HAL_RCC_ClockConfig
 .text.HAL_RCC_GetPCLK1Freq
                0x0000000008001c2c       0x20 Drivers/STM32F1xx_HAL_Driver/Src/stm32f1xx_hal_rcc.o
                0x0000000008001c2c                HAL_RCC_GetPCLK1Freq
 .text.HAL_RCC_GetPCLK2Freq
                0x0000000008001c4c       0x20 Drivers/STM32F1xx_HAL_Driver/Src/stm32f1xx_hal_rcc.o
                0x0000000008001c4c                HAL_RCC_GetPCLK2Freq
 .text.HAL_RCC_GetClockConfig
                0x0000000008001c6c       0x3c Drivers/STM32F1xx_HAL_Driver/Src/stm32f1xx_hal_rcc.o
                0x0000000008001c6c                HAL_RCC_GetClockConfig
 .text.HAL_RCCEx_PeriphCLKConfig
                0x0000000008001ca8       0xf0 Drivers/STM32F1xx_HAL_Driver/Src/stm32f1xx_hal_rcc_ex.o
                0x0000000008001ca8                HAL_RCCEx_PeriphCLKConfig
 .text.HAL_RCCEx_GetPeriphCLKFreq
                0x0000000008001d98       0xe8 Drivers/STM32F1xx_HAL_Driver/Src/stm32f1xx_hal_rcc_ex.o
                0x0000000008001d98                HAL_RCCEx_GetPeriphCLKFreq
 .text.RTC_EnterInitMode
                0x0000000008001e80       0x2e Drivers/STM32F1xx_HAL_Driver/Src/stm32f1xx_hal_rtc.o
 .text.RTC_ExitInitMode
                0x0000000008001eae       0x30 Drivers/STM32F1xx_HAL_Driver/Src/stm32f1xx_hal_rtc.o
 .text.HAL_RTC_WaitForSynchro
                0x0000000008001ede       0x36 Drivers/STM32F1xx_HAL_Driver/Src/stm32f1xx_hal_rtc.o
                0x0000000008001ede                HAL_RTC_WaitForSynchro
 .text.HAL_RTC_Init
                0x0000000008001f14       0xa0 Drivers/STM32F1xx_HAL_Driver/Src/stm32f1xx_hal_rtc.o
                0x0000000008001f14                HAL_RTC_Init
 .text.SPI_WaitFlagStateUntilTimeout.constprop.6
                0x0000000008001fb4       0xac Drivers/STM32F1xx_HAL_Driver/Src/stm32f1xx_hal_spi.o
 .text.SPI_EndRxTransaction
                0x0000000008002060       0x4e Drivers/STM32F1xx_HAL_Driver/Src/stm32f1xx_hal_spi.o
 .text.SPI_EndRxTxTransaction
                0x00000000080020ae       0x1c Drivers/STM32F1xx_HAL_Driver/Src/stm32f1xx_hal_spi.o
 .text.HAL_SPI_Init
                0x00000000080020ca       0xb0 Drivers/STM32F1xx_HAL_Driver/Src/stm32f1xx_hal_spi.o
                0x00000000080020ca                HAL_SPI_Init
 .text.HAL_SPI_Transmit
                0x000000000800217a      0x156 Drivers/STM32F1xx_HAL_Driver/Src/stm32f1xx_hal_spi.o
                0x000000000800217a                HAL_SPI_Transmit
 .text.HAL_SPI_TransmitReceive
                0x00000000080022d0      0x1e0 Drivers/STM32F1xx_HAL_Driver/Src/stm32f1xx_hal_spi.o
                0x00000000080022d0                HAL_SPI_TransmitReceive
 .text.HAL_SPI_Receive
                0x00000000080024b0      0x136 Drivers/STM32F1xx_HAL_Driver/Src/stm32f1xx_hal_spi.o
                0x00000000080024b0                HAL_SPI_Receive
 .text.HAL_TIM_Base_MspInit
                0x00000000080025e6        0x2 Drivers/STM32F1xx_HAL_Driver/Src/stm32f1xx_hal_tim.o
                0x00000000080025e6                HAL_TIM_Base_MspInit
 .text.HAL_TIM_Base_Start_IT
                0x00000000080025e8       0x54 Drivers/STM32F1xx_HAL_Driver/Src/stm32f1xx_hal_tim.o
                0x00000000080025e8                HAL_TIM_Base_Start_IT
 .text.HAL_TIM_OC_DelayElapsedCallback
                0x000000000800263c        0x2 Drivers/STM32F1xx_HAL_Driver/Src/stm32f1xx_hal_tim.o
                0x000000000800263c                HAL_TIM_OC_DelayElapsedCallback
 .text.HAL_TIM_IC_CaptureCallback
                0x000000000800263e        0x2 Drivers/STM32F1xx_HAL_Driver/Src/stm32f1xx_hal_tim.o
                0x000000000800263e                HAL_TIM_IC_CaptureCallback
 .text.HAL_TIM_PWM_PulseFinishedCallback
                0x0000000008002640        0x2 Drivers/STM32F1xx_HAL_Driver/Src/stm32f1xx_hal_tim.o
                0x0000000008002640                HAL_TIM_PWM_PulseFinishedCallback
 .text.HAL_TIM_TriggerCallback
                0x0000000008002642        0x2 Drivers/STM32F1xx_HAL_Driver/Src/stm32f1xx_hal_tim.o
                0x0000000008002642                HAL_TIM_TriggerCallback
 .text.HAL_TIM_IRQHandler
                0x0000000008002644      0x144 Drivers/STM32F1xx_HAL_Driver/Src/stm32f1xx_hal_tim.o
                0x0000000008002644                HAL_TIM_IRQHandler
 .text.TIM_Base_SetConfig
                0x0000000008002788       0x70 Drivers/STM32F1xx_HAL_Driver/Src/stm32f1xx_hal_tim.o
                0x0000000008002788                TIM_Base_SetConfig
 .text.HAL_TIM_Base_Init
                0x00000000080027f8       0x58 Drivers/STM32F1xx_HAL_Driver/Src/stm32f1xx_hal_tim.o
                0x00000000080027f8                HAL_TIM_Base_Init
 .text.HAL_TIMEx_CommutCallback
                0x0000000008002850        0x2 Drivers/STM32F1xx_HAL_Driver/Src/stm32f1xx_hal_tim_ex.o
                0x0000000008002850                HAL_TIMEx_CommutCallback
 .text.HAL_TIMEx_BreakCallback
                0x0000000008002852        0x2 Drivers/STM32F1xx_HAL_Driver/Src/stm32f1xx_hal_tim_ex.o
                0x0000000008002852                HAL_TIMEx_BreakCallback
 .text.USB_CoreInit
                0x0000000008002854        0xe Drivers/STM32F1xx_HAL_Driver/Src/stm32f1xx_ll_usb.o
                0x0000000008002854                USB_CoreInit
 .text.USB_EnableGlobalInt
                0x0000000008002862       0x12 Drivers/STM32F1xx_HAL_Driver/Src/stm32f1xx_ll_usb.o
                0x0000000008002862                USB_EnableGlobalInt
 .text.USB_DisableGlobalInt
                0x0000000008002874       0x14 Drivers/STM32F1xx_HAL_Driver/Src/stm32f1xx_ll_usb.o
                0x0000000008002874                USB_DisableGlobalInt
 .text.USB_SetCurrentMode
                0x0000000008002888        0x4 Drivers/STM32F1xx_HAL_Driver/Src/stm32f1xx_ll_usb.o
                0x0000000008002888                USB_SetCurrentMode
 .text.USB_DevInit
                0x000000000800288c       0x28 Drivers/STM32F1xx_HAL_Driver/Src/stm32f1xx_ll_usb.o
                0x000000000800288c                USB_DevInit
 .text.USB_ActivateEndpoint
                0x00000000080028b4      0x27c Drivers/STM32F1xx_HAL_Driver/Src/stm32f1xx_ll_usb.o
                0x00000000080028b4                USB_ActivateEndpoint
 .text.USB_DeactivateEndpoint
                0x0000000008002b30      0x18c Drivers/STM32F1xx_HAL_Driver/Src/stm32f1xx_ll_usb.o
                0x0000000008002b30                USB_DeactivateEndpoint
 .text.USB_EPSetStall
                0x0000000008002cbc       0x38 Drivers/STM32F1xx_HAL_Driver/Src/stm32f1xx_ll_usb.o
                0x0000000008002cbc                USB_EPSetStall
 .text.USB_EPClearStall
                0x0000000008002cf4       0x86 Drivers/STM32F1xx_HAL_Driver/Src/stm32f1xx_ll_usb.o
                0x0000000008002cf4                USB_EPClearStall
 .text.USB_SetDevAddress
                0x0000000008002d7a        0xc Drivers/STM32F1xx_HAL_Driver/Src/stm32f1xx_ll_usb.o
                0x0000000008002d7a                USB_SetDevAddress
 .text.USB_DevConnect
                0x0000000008002d86        0x4 Drivers/STM32F1xx_HAL_Driver/Src/stm32f1xx_ll_usb.o
                0x0000000008002d86                USB_DevConnect
 .text.USB_DevDisconnect
                0x0000000008002d8a        0x4 Drivers/STM32F1xx_HAL_Driver/Src/stm32f1xx_ll_usb.o
                0x0000000008002d8a                USB_DevDisconnect
 .text.USB_ReadInterrupts
                0x0000000008002d8e        0x6 Drivers/STM32F1xx_HAL_Driver/Src/stm32f1xx_ll_usb.o
                0x0000000008002d8e                USB_ReadInterrupts
 .text.USB_EP0_OutStart
                0x0000000008002d94        0x4 Drivers/STM32F1xx_HAL_Driver/Src/stm32f1xx_ll_usb.o
                0x0000000008002d94                USB_EP0_OutStart
 .text.USB_WritePMA
                0x0000000008002d98       0x20 Drivers/STM32F1xx_HAL_Driver/Src/stm32f1xx_ll_usb.o
                0x0000000008002d98                USB_WritePMA
 .text.USB_EPStartXfer
                0x0000000008002db8      0x558 Drivers/STM32F1xx_HAL_Driver/Src/stm32f1xx_ll_usb.o
                0x0000000008002db8                USB_EPStartXfer
 .text.USB_ReadPMA
                0x0000000008003310       0x38 Drivers/STM32F1xx_HAL_Driver/Src/stm32f1xx_ll_usb.o
                0x0000000008003310                USB_ReadPMA
 .text.USBD_CDC_EP0_RxReady
                0x0000000008003348       0x28 Middlewares/ST/STM32_USB_Device_Library/Class/CDC/Src/usbd_cdc.o
 .text.USBD_CDC_GetFSCfgDesc
                0x0000000008003370        0xc Middlewares/ST/STM32_USB_Device_Library/Class/CDC/Src/usbd_cdc.o
 .text.USBD_CDC_GetHSCfgDesc
                0x000000000800337c        0xc Middlewares/ST/STM32_USB_Device_Library/Class/CDC/Src/usbd_cdc.o
 .text.USBD_CDC_GetOtherSpeedCfgDesc
                0x0000000008003388        0xc Middlewares/ST/STM32_USB_Device_Library/Class/CDC/Src/usbd_cdc.o
 .text.USBD_CDC_GetDeviceQualifierDescriptor
                0x0000000008003394        0xc Middlewares/ST/STM32_USB_Device_Library/Class/CDC/Src/usbd_cdc.o
                0x0000000008003394                USBD_CDC_GetDeviceQualifierDescriptor
 .text.USBD_CDC_DataOut
                0x00000000080033a0       0x2e Middlewares/ST/STM32_USB_Device_Library/Class/CDC/Src/usbd_cdc.o
 .text.USBD_CDC_DataIn
                0x00000000080033ce       0x42 Middlewares/ST/STM32_USB_Device_Library/Class/CDC/Src/usbd_cdc.o
 .text.USBD_CDC_Setup
                0x0000000008003410       0xbc Middlewares/ST/STM32_USB_Device_Library/Class/CDC/Src/usbd_cdc.o
 .text.USBD_CDC_DeInit
                0x00000000080034cc       0x42 Middlewares/ST/STM32_USB_Device_Library/Class/CDC/Src/usbd_cdc.o
 .text.USBD_CDC_Init
                0x000000000800350e       0xa6 Middlewares/ST/STM32_USB_Device_Library/Class/CDC/Src/usbd_cdc.o
 .text.USBD_CDC_RegisterInterface
                0x00000000080035b4        0xe Middlewares/ST/STM32_USB_Device_Library/Class/CDC/Src/usbd_cdc.o
                0x00000000080035b4                USBD_CDC_RegisterInterface
 .text.USBD_CDC_SetTxBuffer
                0x00000000080035c2       0x10 Middlewares/ST/STM32_USB_Device_Library/Class/CDC/Src/usbd_cdc.o
                0x00000000080035c2                USBD_CDC_SetTxBuffer
 .text.USBD_CDC_SetRxBuffer
                0x00000000080035d2        0xc Middlewares/ST/STM32_USB_Device_Library/Class/CDC/Src/usbd_cdc.o
                0x00000000080035d2                USBD_CDC_SetRxBuffer
 .text.USBD_CDC_TransmitPacket
                0x00000000080035de       0x32 Middlewares/ST/STM32_USB_Device_Library/Class/CDC/Src/usbd_cdc.o
                0x00000000080035de                USBD_CDC_TransmitPacket
 .text.USBD_CDC_ReceivePacket
                0x0000000008003610       0x26 Middlewares/ST/STM32_USB_Device_Library/Class/CDC/Src/usbd_cdc.o
                0x0000000008003610                USBD_CDC_ReceivePacket
 .text.USBD_Init
                0x0000000008003636       0x2a Middlewares/ST/STM32_USB_Device_Library/Core/Src/usbd_core.o
                0x0000000008003636                USBD_Init
 .text.USBD_RegisterClass
                0x0000000008003660        0xe Middlewares/ST/STM32_USB_Device_Library/Core/Src/usbd_core.o
                0x0000000008003660                USBD_RegisterClass
 .text.USBD_Start
                0x000000000800366e        0xa Middlewares/ST/STM32_USB_Device_Library/Core/Src/usbd_core.o
                0x000000000800366e                USBD_Start
 .text.USBD_SetClassConfig
                0x0000000008003678       0x16 Middlewares/ST/STM32_USB_Device_Library/Core/Src/usbd_core.o
                0x0000000008003678                USBD_SetClassConfig
 .text.USBD_ClrClassConfig
                0x000000000800368e        0xe Middlewares/ST/STM32_USB_Device_Library/Core/Src/usbd_core.o
                0x000000000800368e                USBD_ClrClassConfig
 .text.USBD_LL_SetupStage
                0x000000000800369c       0x5a Middlewares/ST/STM32_USB_Device_Library/Core/Src/usbd_core.o
                0x000000000800369c                USBD_LL_SetupStage
 .text.USBD_LL_DataOutStage
                0x00000000080036f6       0x74 Middlewares/ST/STM32_USB_Device_Library/Core/Src/usbd_core.o
                0x00000000080036f6                USBD_LL_DataOutStage
 .text.USBD_LL_DataInStage
                0x000000000800376a       0xb6 Middlewares/ST/STM32_USB_Device_Library/Core/Src/usbd_core.o
                0x000000000800376a                USBD_LL_DataInStage
 .text.USBD_LL_Reset
                0x0000000008003820       0x4e Middlewares/ST/STM32_USB_Device_Library/Core/Src/usbd_core.o
                0x0000000008003820                USBD_LL_Reset
 .text.USBD_LL_SetSpeed
                0x000000000800386e        0x6 Middlewares/ST/STM32_USB_Device_Library/Core/Src/usbd_core.o
                0x000000000800386e                USBD_LL_SetSpeed
 .text.USBD_LL_Suspend
                0x0000000008003874       0x12 Middlewares/ST/STM32_USB_Device_Library/Core/Src/usbd_core.o
                0x0000000008003874                USBD_LL_Suspend
 .text.USBD_LL_Resume
                0x0000000008003886       0x14 Middlewares/ST/STM32_USB_Device_Library/Core/Src/usbd_core.o
                0x0000000008003886                USBD_LL_Resume
 .text.USBD_LL_SOF
                0x000000000800389a       0x18 Middlewares/ST/STM32_USB_Device_Library/Core/Src/usbd_core.o
                0x000000000800389a                USBD_LL_SOF
 .text.USBD_CtlError.constprop.1
                0x00000000080038b2       0x16 Middlewares/ST/STM32_USB_Device_Library/Core/Src/usbd_ctlreq.o
 .text.USBD_StdDevReq
                0x00000000080038c8      0x248 Middlewares/ST/STM32_USB_Device_Library/Core/Src/usbd_ctlreq.o
                0x00000000080038c8                USBD_StdDevReq
 .text.USBD_StdItfReq
                0x0000000008003b10       0x4a Middlewares/ST/STM32_USB_Device_Library/Core/Src/usbd_ctlreq.o
                0x0000000008003b10                USBD_StdItfReq
 .text.USBD_StdEPReq
                0x0000000008003b5a      0x112 Middlewares/ST/STM32_USB_Device_Library/Core/Src/usbd_ctlreq.o
                0x0000000008003b5a                USBD_StdEPReq
 .text.USBD_ParseSetupRequest
                0x0000000008003c6c       0x28 Middlewares/ST/STM32_USB_Device_Library/Core/Src/usbd_ctlreq.o
                0x0000000008003c6c                USBD_ParseSetupRequest
 .text.USBD_CtlError
                0x0000000008003c94       0x16 Middlewares/ST/STM32_USB_Device_Library/Core/Src/usbd_ctlreq.o
                0x0000000008003c94                USBD_CtlError
 .text.USBD_GetString
                0x0000000008003caa       0x38 Middlewares/ST/STM32_USB_Device_Library/Core/Src/usbd_ctlreq.o
                0x0000000008003caa                USBD_GetString
 .text.USBD_CtlSendData
                0x0000000008003ce2       0x1a Middlewares/ST/STM32_USB_Device_Library/Core/Src/usbd_ioreq.o
                0x0000000008003ce2                USBD_CtlSendData
 .text.USBD_CtlContinueSendData
                0x0000000008003cfc       0x10 Middlewares/ST/STM32_USB_Device_Library/Core/Src/usbd_ioreq.o
                0x0000000008003cfc                USBD_CtlContinueSendData
 .text.USBD_CtlPrepareRx
                0x0000000008003d0c       0x1e Middlewares/ST/STM32_USB_Device_Library/Core/Src/usbd_ioreq.o
                0x0000000008003d0c                USBD_CtlPrepareRx
 .text.USBD_CtlContinueRx
                0x0000000008003d2a       0x10 Middlewares/ST/STM32_USB_Device_Library/Core/Src/usbd_ioreq.o
                0x0000000008003d2a                USBD_CtlContinueRx
 .text.USBD_CtlSendStatus
                0x0000000008003d3a       0x16 Middlewares/ST/STM32_USB_Device_Library/Core/Src/usbd_ioreq.o
                0x0000000008003d3a                USBD_CtlSendStatus
 .text.USBD_CtlReceiveStatus
                0x0000000008003d50       0x16 Middlewares/ST/STM32_USB_Device_Library/Core/Src/usbd_ioreq.o
                0x0000000008003d50                USBD_CtlReceiveStatus
 *fill*         0x0000000008003d66        0x2 
 .text.osKernelInitialize
                0x0000000008003d68       0x38 Middlewares/Third_Party/FreeRTOS/Source/CMSIS_RTOS_V2/cmsis_os2.o
                0x0000000008003d68                osKernelInitialize
 .text.osKernelStart
                0x0000000008003da0       0x40 Middlewares/Third_Party/FreeRTOS/Source/CMSIS_RTOS_V2/cmsis_os2.o
                0x0000000008003da0                osKernelStart
 .text.osThreadNew
                0x0000000008003de0       0xb8 Middlewares/Third_Party/FreeRTOS/Source/CMSIS_RTOS_V2/cmsis_os2.o
                0x0000000008003de0                osThreadNew
 .text.osDelay  0x0000000008003e98       0x38 Middlewares/Third_Party/FreeRTOS/Source/CMSIS_RTOS_V2/cmsis_os2.o
                0x0000000008003e98                osDelay
 .text.vApplicationGetIdleTaskMemory
                0x0000000008003ed0       0x18 Middlewares/Third_Party/FreeRTOS/Source/CMSIS_RTOS_V2/cmsis_os2.o
                0x0000000008003ed0                vApplicationGetIdleTaskMemory
 .text.vApplicationGetTimerTaskMemory
                0x0000000008003ee8       0x18 Middlewares/Third_Party/FreeRTOS/Source/CMSIS_RTOS_V2/cmsis_os2.o
                0x0000000008003ee8                vApplicationGetTimerTaskMemory
 .text.vListInitialise
                0x0000000008003f00       0x16 Middlewares/Third_Party/FreeRTOS/Source/list.o
                0x0000000008003f00                vListInitialise
 .text.vListInitialiseItem
                0x0000000008003f16        0x6 Middlewares/Third_Party/FreeRTOS/Source/list.o
                0x0000000008003f16                vListInitialiseItem
 .text.vListInsertEnd
                0x0000000008003f1c       0x18 Middlewares/Third_Party/FreeRTOS/Source/list.o
                0x0000000008003f1c                vListInsertEnd
 .text.vListInsert
                0x0000000008003f34       0x2e Middlewares/Third_Party/FreeRTOS/Source/list.o
                0x0000000008003f34                vListInsert
 .text.uxListRemove
                0x0000000008003f62       0x22 Middlewares/Third_Party/FreeRTOS/Source/list.o
                0x0000000008003f62                uxListRemove
 .text.prvIsQueueEmpty
                0x0000000008003f84       0x16 Middlewares/Third_Party/FreeRTOS/Source/queue.o
 .text.prvCopyDataToQueue
                0x0000000008003f9a       0x66 Middlewares/Third_Party/FreeRTOS/Source/queue.o
 .text.prvCopyDataFromQueue
                0x0000000008004000       0x28 Middlewares/Third_Party/FreeRTOS/Source/queue.o
 .text.prvUnlockQueue
                0x0000000008004028       0x70 Middlewares/Third_Party/FreeRTOS/Source/queue.o
 .text.xQueueGenericReset
                0x0000000008004098       0x80 Middlewares/Third_Party/FreeRTOS/Source/queue.o
                0x0000000008004098                xQueueGenericReset
 .text.xQueueGenericCreateStatic
                0x0000000008004118       0x9a Middlewares/Third_Party/FreeRTOS/Source/queue.o
                0x0000000008004118                xQueueGenericCreateStatic
 *fill*         0x00000000080041b2        0x2 
 .text.xQueueGenericSend
                0x00000000080041b4      0x164 Middlewares/Third_Party/FreeRTOS/Source/queue.o
                0x00000000080041b4                xQueueGenericSend
 .text.xQueueGenericSendFromISR
                0x0000000008004318       0xc2 Middlewares/Third_Party/FreeRTOS/Source/queue.o
                0x0000000008004318                xQueueGenericSendFromISR
 *fill*         0x00000000080043da        0x2 
 .text.xQueueReceive
                0x00000000080043dc      0x140 Middlewares/Third_Party/FreeRTOS/Source/queue.o
                0x00000000080043dc                xQueueReceive
 .text.vQueueAddToRegistry
                0x000000000800451c       0x24 Middlewares/Third_Party/FreeRTOS/Source/queue.o
                0x000000000800451c                vQueueAddToRegistry
 .text.vQueueWaitForMessageRestricted
                0x0000000008004540       0x46 Middlewares/Third_Party/FreeRTOS/Source/queue.o
                0x0000000008004540                vQueueWaitForMessageRestricted
 *fill*         0x0000000008004586        0x2 
 .text.prvAddNewTaskToReadyList
                0x0000000008004588      0x100 Middlewares/Third_Party/FreeRTOS/Source/tasks.o
 .text.prvDeleteTCB
                0x0000000008004688       0x36 Middlewares/Third_Party/FreeRTOS/Source/tasks.o
 *fill*         0x00000000080046be        0x2 
 .text.prvIdleTask
                0x00000000080046c0       0x64 Middlewares/Third_Party/FreeRTOS/Source/tasks.o
 .text.prvResetNextTaskUnblockTime
                0x0000000008004724       0x24 Middlewares/Third_Party/FreeRTOS/Source/tasks.o
 .text.prvInitialiseNewTask.isra.2
                0x0000000008004748       0x86 Middlewares/Third_Party/FreeRTOS/Source/tasks.o
 *fill*         0x00000000080047ce        0x2 
 .text.prvAddCurrentTaskToDelayedList
                0x00000000080047d0       0x74 Middlewares/Third_Party/FreeRTOS/Source/tasks.o
 .text.xTaskCreateStatic
                0x0000000008004844       0x6e Middlewares/Third_Party/FreeRTOS/Source/tasks.o
                0x0000000008004844                xTaskCreateStatic
 .text.xTaskCreate
                0x00000000080048b2       0x5a Middlewares/Third_Party/FreeRTOS/Source/tasks.o
                0x00000000080048b2                xTaskCreate
 .text.vTaskStartScheduler
                0x000000000800490c       0x88 Middlewares/Third_Party/FreeRTOS/Source/tasks.o
                0x000000000800490c                vTaskStartScheduler
 .text.vTaskSuspendAll
                0x0000000008004994       0x10 Middlewares/Third_Party/FreeRTOS/Source/tasks.o
                0x0000000008004994                vTaskSuspendAll
 .text.xTaskGetTickCount
                0x00000000080049a4        0xc Middlewares/Third_Party/FreeRTOS/Source/tasks.o
                0x00000000080049a4                xTaskGetTickCount
 .text.xTaskIncrementTick
                0x00000000080049b0      0x120 Middlewares/Third_Party/FreeRTOS/Source/tasks.o
                0x00000000080049b0                xTaskIncrementTick
 .text.xTaskResumeAll
                0x0000000008004ad0       0xe8 Middlewares/Third_Party/FreeRTOS/Source/tasks.o
                0x0000000008004ad0                xTaskResumeAll
 .text.vTaskDelay
                0x0000000008004bb8       0x48 Middlewares/Third_Party/FreeRTOS/Source/tasks.o
                0x0000000008004bb8                vTaskDelay
 .text.vTaskSwitchContext
                0x0000000008004c00       0x78 Middlewares/Third_Party/FreeRTOS/Source/tasks.o
                0x0000000008004c00                vTaskSwitchContext
 .text.vTaskPlaceOnEventList
                0x0000000008004c78       0x34 Middlewares/Third_Party/FreeRTOS/Source/tasks.o
                0x0000000008004c78                vTaskPlaceOnEventList
 .text.vTaskPlaceOnEventListRestricted
                0x0000000008004cac       0x40 Middlewares/Third_Party/FreeRTOS/Source/tasks.o
                0x0000000008004cac                vTaskPlaceOnEventListRestricted
 .text.xTaskRemoveFromEventList
                0x0000000008004cec       0x80 Middlewares/Third_Party/FreeRTOS/Source/tasks.o
                0x0000000008004cec                xTaskRemoveFromEventList
 .text.vTaskInternalSetTimeOutState
                0x0000000008004d6c       0x18 Middlewares/Third_Party/FreeRTOS/Source/tasks.o
                0x0000000008004d6c                vTaskInternalSetTimeOutState
 .text.xTaskCheckForTimeOut
                0x0000000008004d84       0x78 Middlewares/Third_Party/FreeRTOS/Source/tasks.o
                0x0000000008004d84                xTaskCheckForTimeOut
 .text.vTaskMissedYield
                0x0000000008004dfc        0xc Middlewares/Third_Party/FreeRTOS/Source/tasks.o
                0x0000000008004dfc                vTaskMissedYield
 .text.xTaskGetSchedulerState
                0x0000000008004e08       0x20 Middlewares/Third_Party/FreeRTOS/Source/tasks.o
                0x0000000008004e08                xTaskGetSchedulerState
 .text.xTaskPriorityDisinherit
                0x0000000008004e28       0x84 Middlewares/Third_Party/FreeRTOS/Source/tasks.o
                0x0000000008004e28                xTaskPriorityDisinherit
 .text.prvCheckForValidListAndQueue
                0x0000000008004eac       0x68 Middlewares/Third_Party/FreeRTOS/Source/timers.o
 .text.prvInsertTimerInActiveList
                0x0000000008004f14       0x3c Middlewares/Third_Party/FreeRTOS/Source/timers.o
 .text.xTimerCreateTimerTask
                0x0000000008004f50       0x64 Middlewares/Third_Party/FreeRTOS/Source/timers.o
                0x0000000008004f50                xTimerCreateTimerTask
 .text.xTimerGenericCommand
                0x0000000008004fb4       0x58 Middlewares/Third_Party/FreeRTOS/Source/timers.o
                0x0000000008004fb4                xTimerGenericCommand
 .text.prvSwitchTimerLists
                0x000000000800500c       0x7c Middlewares/Third_Party/FreeRTOS/Source/timers.o
 .text.prvTimerTask
                0x0000000008005088      0x1d0 Middlewares/Third_Party/FreeRTOS/Source/timers.o
 .text.prvTaskExitError
                0x0000000008005258       0x40 Middlewares/Third_Party/FreeRTOS/Source/portable/GCC/ARM_CM3/port.o
 .text.unlikely.prvPortStartFirstTask
                0x0000000008005298       0x20 Middlewares/Third_Party/FreeRTOS/Source/portable/GCC/ARM_CM3/port.o
 .text.pxPortInitialiseStack
                0x00000000080052b8       0x24 Middlewares/Third_Party/FreeRTOS/Source/portable/GCC/ARM_CM3/port.o
                0x00000000080052b8                pxPortInitialiseStack
 *fill*         0x00000000080052dc        0x4 
 .text.SVC_Handler
                0x00000000080052e0       0x24 Middlewares/Third_Party/FreeRTOS/Source/portable/GCC/ARM_CM3/port.o
                0x00000000080052e0                SVC_Handler
 .text.vPortEnterCritical
                0x0000000008005304       0x44 Middlewares/Third_Party/FreeRTOS/Source/portable/GCC/ARM_CM3/port.o
                0x0000000008005304                vPortEnterCritical
 .text.vPortExitCritical
                0x0000000008005348       0x28 Middlewares/Third_Party/FreeRTOS/Source/portable/GCC/ARM_CM3/port.o
                0x0000000008005348                vPortExitCritical
 .text.PendSV_Handler
                0x0000000008005370       0x44 Middlewares/Third_Party/FreeRTOS/Source/portable/GCC/ARM_CM3/port.o
                0x0000000008005370                PendSV_Handler
 .text.SysTick_Handler
                0x00000000080053b4       0x2c Middlewares/Third_Party/FreeRTOS/Source/portable/GCC/ARM_CM3/port.o
                0x00000000080053b4                SysTick_Handler
 .text.vPortSetupTimerInterrupt
                0x00000000080053e0       0x34 Middlewares/Third_Party/FreeRTOS/Source/portable/GCC/ARM_CM3/port.o
                0x00000000080053e0                vPortSetupTimerInterrupt
 .text.xPortStartScheduler
                0x0000000008005414       0xb4 Middlewares/Third_Party/FreeRTOS/Source/portable/GCC/ARM_CM3/port.o
                0x0000000008005414                xPortStartScheduler
 .text.vPortValidateInterruptPriority
                0x00000000080054c8       0x5c Middlewares/Third_Party/FreeRTOS/Source/portable/GCC/ARM_CM3/port.o
                0x00000000080054c8                vPortValidateInterruptPriority
 .text.unlikely.prvInsertBlockIntoFreeList
                0x0000000008005524       0x48 Middlewares/Third_Party/FreeRTOS/Source/portable/MemMang/heap_4.o
 .text.pvPortMalloc
                0x000000000800556c      0x118 Middlewares/Third_Party/FreeRTOS/Source/portable/MemMang/heap_4.o
                0x000000000800556c                pvPortMalloc
 .text.vPortFree
                0x0000000008005684       0x70 Middlewares/Third_Party/FreeRTOS/Source/portable/MemMang/heap_4.o
                0x0000000008005684                vPortFree
 .text.ResetUsbConnection
                0x00000000080056f4       0x4c USB_DEVICE/App/usb_device.o
                0x00000000080056f4                ResetUsbConnection
 .text.MX_USB_DEVICE_Init
                0x0000000008005740       0x54 USB_DEVICE/App/usb_device.o
                0x0000000008005740                MX_USB_DEVICE_Init
 .text.CDC_DeInit_FS
                0x0000000008005794        0x4 USB_DEVICE/App/usbd_cdc_if.o
 .text.CDC_Control_FS
                0x0000000008005798        0x4 USB_DEVICE/App/usbd_cdc_if.o
 .text.CDC_Receive_FS
                0x000000000800579c        0xa USB_DEVICE/App/usbd_cdc_if.o
 *fill*         0x00000000080057a6        0x2 
 .text.CDC_Init_FS
                0x00000000080057a8       0x28 USB_DEVICE/App/usbd_cdc_if.o
 .text.CDC_Transmit_FS
                0x00000000080057d0       0x2c USB_DEVICE/App/usbd_cdc_if.o
                0x00000000080057d0                CDC_Transmit_FS
 .text.CDC_Receive_FS_ProcessNext
                0x00000000080057fc       0x1c USB_DEVICE/App/usbd_cdc_if.o
                0x00000000080057fc                CDC_Receive_FS_ProcessNext
 .text.USBD_FS_DeviceDescriptor
                0x0000000008005818        0xc USB_DEVICE/App/usbd_desc.o
                0x0000000008005818                USBD_FS_DeviceDescriptor
 .text.USBD_FS_LangIDStrDescriptor
                0x0000000008005824        0xc USB_DEVICE/App/usbd_desc.o
                0x0000000008005824                USBD_FS_LangIDStrDescriptor
 .text.IntToUnicode
                0x0000000008005830       0x2a USB_DEVICE/App/usbd_desc.o
 *fill*         0x000000000800585a        0x2 
 .text.USBD_FS_SerialStrDescriptor
                0x000000000800585c       0x40 USB_DEVICE/App/usbd_desc.o
                0x000000000800585c                USBD_FS_SerialStrDescriptor
 .text.USBD_FS_ManufacturerStrDescriptor
                0x000000000800589c       0x1c USB_DEVICE/App/usbd_desc.o
                0x000000000800589c                USBD_FS_ManufacturerStrDescriptor
 .text.USBD_FS_ProductStrDescriptor
                0x00000000080058b8       0x1c USB_DEVICE/App/usbd_desc.o
                0x00000000080058b8                USBD_FS_ProductStrDescriptor
 .text.USBD_FS_ConfigStrDescriptor
                0x00000000080058d4       0x1c USB_DEVICE/App/usbd_desc.o
                0x00000000080058d4                USBD_FS_ConfigStrDescriptor
 .text.USBD_FS_InterfaceStrDescriptor
                0x00000000080058f0       0x1c USB_DEVICE/App/usbd_desc.o
                0x00000000080058f0                USBD_FS_InterfaceStrDescriptor
 .text.HAL_PCD_MspInit
                0x000000000800590c       0x40 USB_DEVICE/Target/usbd_conf.o
                0x000000000800590c                HAL_PCD_MspInit
 .text.HAL_PCD_SetupStageCallback
                0x000000000800594c        0xc USB_DEVICE/Target/usbd_conf.o
                0x000000000800594c                HAL_PCD_SetupStageCallback
 .text.HAL_PCD_DataOutStageCallback
                0x0000000008005958       0x12 USB_DEVICE/Target/usbd_conf.o
                0x0000000008005958                HAL_PCD_DataOutStageCallback
 .text.HAL_PCD_DataInStageCallback
                0x000000000800596a       0x10 USB_DEVICE/Target/usbd_conf.o
                0x000000000800596a                HAL_PCD_DataInStageCallback
 .text.HAL_PCD_SOFCallback
                0x000000000800597a        0x8 USB_DEVICE/Target/usbd_conf.o
                0x000000000800597a                HAL_PCD_SOFCallback
 .text.HAL_PCD_ResetCallback
                0x0000000008005982       0x24 USB_DEVICE/Target/usbd_conf.o
                0x0000000008005982                HAL_PCD_ResetCallback
 *fill*         0x00000000080059a6        0x2 
 .text.HAL_PCD_SuspendCallback
                0x00000000080059a8       0x20 USB_DEVICE/Target/usbd_conf.o
                0x00000000080059a8                HAL_PCD_SuspendCallback
 .text.HAL_PCD_ResumeCallback
                0x00000000080059c8        0x8 USB_DEVICE/Target/usbd_conf.o
                0x00000000080059c8                HAL_PCD_ResumeCallback
 .text.USBD_LL_Init
                0x00000000080059d0       0x84 USB_DEVICE/Target/usbd_conf.o
                0x00000000080059d0                USBD_LL_Init
 .text.USBD_LL_Start
                0x0000000008005a54       0x1c USB_DEVICE/Target/usbd_conf.o
                0x0000000008005a54                USBD_LL_Start
 .text.USBD_LL_OpenEP
                0x0000000008005a70       0x20 USB_DEVICE/Target/usbd_conf.o
                0x0000000008005a70                USBD_LL_OpenEP
 .text.USBD_LL_CloseEP
                0x0000000008005a90       0x1c USB_DEVICE/Target/usbd_conf.o
                0x0000000008005a90                USBD_LL_CloseEP
 .text.USBD_LL_StallEP
                0x0000000008005aac       0x1c USB_DEVICE/Target/usbd_conf.o
                0x0000000008005aac                USBD_LL_StallEP
 .text.USBD_LL_ClearStallEP
                0x0000000008005ac8       0x1c USB_DEVICE/Target/usbd_conf.o
                0x0000000008005ac8                USBD_LL_ClearStallEP
 .text.USBD_LL_IsStallEP
                0x0000000008005ae4       0x24 USB_DEVICE/Target/usbd_conf.o
                0x0000000008005ae4                USBD_LL_IsStallEP
 .text.USBD_LL_SetUSBAddress
                0x0000000008005b08       0x1c USB_DEVICE/Target/usbd_conf.o
                0x0000000008005b08                USBD_LL_SetUSBAddress
 .text.USBD_LL_Transmit
                0x0000000008005b24       0x1c USB_DEVICE/Target/usbd_conf.o
                0x0000000008005b24                USBD_LL_Transmit
 .text.USBD_LL_PrepareReceive
                0x0000000008005b40       0x1c USB_DEVICE/Target/usbd_conf.o
                0x0000000008005b40                USBD_LL_PrepareReceive
 .text.USBD_LL_GetRxDataSize
                0x0000000008005b5c        0x8 USB_DEVICE/Target/usbd_conf.o
                0x0000000008005b5c                USBD_LL_GetRxDataSize
 .text.USBD_static_malloc
                0x0000000008005b64        0x8 USB_DEVICE/Target/usbd_conf.o
                0x0000000008005b64                USBD_static_malloc
 .text.USBD_static_free
                0x0000000008005b6c        0x2 USB_DEVICE/Target/usbd_conf.o
                0x0000000008005b6c                USBD_static_free
 .text.HAL_PCDEx_SetConnectionState
                0x0000000008005b6e        0x2 USB_DEVICE/Target/usbd_conf.o
                0x0000000008005b6e                HAL_PCDEx_SetConnectionState
 .text.EEPROM_SPI_INIT
                0x0000000008005b70        0xc holse/STM32_EEPROM_SPI.o
                0x0000000008005b70                EEPROM_SPI_INIT
 .text.EEPROM_SPI_SendInstruction
                0x0000000008005b7c       0x34 holse/STM32_EEPROM_SPI.o
                0x0000000008005b7c                EEPROM_SPI_SendInstruction
 .text.EEPROM_SPI_ReadBuffer
                0x0000000008005bb0       0x74 holse/STM32_EEPROM_SPI.o
                0x0000000008005bb0                EEPROM_SPI_ReadBuffer
 .text.sEE_WriteEnable
                0x0000000008005c24       0x30 holse/STM32_EEPROM_SPI.o
                0x0000000008005c24                sEE_WriteEnable
 .text.sEE_WriteDisable
                0x0000000008005c54       0x30 holse/STM32_EEPROM_SPI.o
                0x0000000008005c54                sEE_WriteDisable
 .text.EEPROM_SPI_WaitStandbyState
                0x0000000008005c84       0x64 holse/STM32_EEPROM_SPI.o
                0x0000000008005c84                EEPROM_SPI_WaitStandbyState
 .text.EEPROM_SPI_WritePage
                0x0000000008005ce8       0x98 holse/STM32_EEPROM_SPI.o
                0x0000000008005ce8                EEPROM_SPI_WritePage
 .text.EEPROM_SPI_WriteBuffer
                0x0000000008005d80       0xc0 holse/STM32_EEPROM_SPI.o
                0x0000000008005d80                EEPROM_SPI_WriteBuffer
 .text.setInput
                0x0000000008005e40       0x1c holse/config.o
                0x0000000008005e40                setInput
 .text.setInputClick
                0x0000000008005e5c       0x20 holse/config.o
                0x0000000008005e5c                setInputClick
 .text.setInputDoubleClick
                0x0000000008005e7c       0x20 holse/config.o
                0x0000000008005e7c                setInputDoubleClick
 .text.setInputLPress
                0x0000000008005e9c       0x20 holse/config.o
                0x0000000008005e9c                setInputLPress
 .text.setConfigTimer
                0x0000000008005ebc       0x1c holse/config.o
                0x0000000008005ebc                setConfigTimer
 .text.getInput
                0x0000000008005ed8       0x14 holse/config.o
                0x0000000008005ed8                getInput
 .text.getInputClick
                0x0000000008005eec       0x18 holse/config.o
                0x0000000008005eec                getInputClick
 .text.getInputDoubleClick
                0x0000000008005f04       0x18 holse/config.o
                0x0000000008005f04                getInputDoubleClick
 .text.getInputLPress
                0x0000000008005f1c       0x18 holse/config.o
                0x0000000008005f1c                getInputLPress
 .text.getConfigTimer
                0x0000000008005f34       0x14 holse/config.o
                0x0000000008005f34                getConfigTimer
 .text.loadFromFlash
                0x0000000008005f48       0x88 holse/config.o
                0x0000000008005f48                loadFromFlash
 .text.saveToFlash
                0x0000000008005fd0       0x38 holse/config.o
                0x0000000008005fd0                saveToFlash
 .text.print    0x0000000008006008       0x20 holse/cons.o
                0x0000000008006008                print
 .text.cmdSave  0x0000000008006028       0x1c holse/cons.o
                0x0000000008006028                cmdSave
 .text.consThread
                0x0000000008006044       0x4c holse/cons.o
                0x0000000008006044                consThread
 .text.printHelpCommands
                0x0000000008006090       0x54 holse/cons.o
                0x0000000008006090                printHelpCommands
 .text.cmdHelp  0x00000000080060e4       0x64 holse/cons.o
                0x00000000080060e4                cmdHelp
 .text.convertToInt
                0x0000000008006148       0x60 holse/cons.o
                0x0000000008006148                convertToInt
 .text.printOp  0x00000000080061a8       0x44 holse/cons.o
                0x00000000080061a8                printOp
 .text.printHex
                0x00000000080061ec       0x20 holse/cons.o
                0x00000000080061ec                printHex
 .text.printDec
                0x000000000800620c       0x20 holse/cons.o
                0x000000000800620c                printDec
 .text.printOutputState
                0x000000000800622c       0x48 holse/cons.o
                0x000000000800622c                printOutputState
 .text.cmdOutput
                0x0000000008006274       0x78 holse/cons.o
                0x0000000008006274                cmdOutput
 .text.printConfigInput1Op
                0x00000000080062ec       0x50 holse/cons.o
                0x00000000080062ec                printConfigInput1Op
 .text.printConfigInput
                0x000000000800633c       0xac holse/cons.o
                0x000000000800633c                printConfigInput
 .text.cmdInput
                0x00000000080063e8      0x158 holse/cons.o
                0x00000000080063e8                cmdInput
 .text.printConfigTimer
                0x0000000008006540       0x74 holse/cons.o
                0x0000000008006540                printConfigTimer
 .text.cmdTimer
                0x00000000080065b4       0x58 holse/cons.o
                0x00000000080065b4                cmdTimer
 .text.cmdShow  0x000000000800660c      0x108 holse/cons.o
                0x000000000800660c                cmdShow
 .text.putBufPtr
                0x0000000008006714       0x14 holse/cons.o
                0x0000000008006714                putBufPtr
 .text.consInit
                0x0000000008006728       0x28 holse/cons.o
                0x0000000008006728                consInit
 .text.histMove.part.0
                0x0000000008006750       0x40 holse/emCLI.o
 .text.initCLI  0x0000000008006790       0x14 holse/emCLI.o
                0x0000000008006790                initCLI
 .text.printCh  0x00000000080067a4       0x2c holse/emCLI.o
                0x00000000080067a4                printCh
 .text.redrawLineAfterCursor
                0x00000000080067d0       0x40 holse/emCLI.o
                0x00000000080067d0                redrawLineAfterCursor
 .text.redrawCursor
                0x0000000008006810       0x34 holse/emCLI.o
                0x0000000008006810                redrawCursor
 .text.histClean
                0x0000000008006844       0x68 holse/emCLI.o
                0x0000000008006844                histClean
 .text.histPutIn
                0x00000000080068ac       0x70 holse/emCLI.o
                0x00000000080068ac                histPutIn
 .text.histGetFrom
                0x000000000800691c       0x58 holse/emCLI.o
                0x000000000800691c                histGetFrom
 .text.histMove
                0x0000000008006974       0x4c holse/emCLI.o
                0x0000000008006974                histMove
 .text.putInLineCh
                0x00000000080069c0       0x78 holse/emCLI.o
                0x00000000080069c0                putInLineCh
 .text.delInLine
                0x0000000008006a38       0x5c holse/emCLI.o
                0x0000000008006a38                delInLine
 .text.closeTerm
                0x0000000008006a94       0x1c holse/emCLI.o
                0x0000000008006a94                closeTerm
 .text.processCmds
                0x0000000008006ab0       0x50 holse/emCLI.o
                0x0000000008006ab0                processCmds
 .text.toLower  0x0000000008006b00       0x28 holse/emCLI.o
                0x0000000008006b00                toLower
 .text.processNewLine
                0x0000000008006b28       0x90 holse/emCLI.o
                0x0000000008006b28                processNewLine
 .text.moveLineCursor
                0x0000000008006bb8       0xc8 holse/emCLI.o
                0x0000000008006bb8                moveLineCursor
 .text.processACMultiple
                0x0000000008006c80       0xc0 holse/emCLI.o
                0x0000000008006c80                processACMultiple
 .text.processAutoComplete
                0x0000000008006d40       0x88 holse/emCLI.o
                0x0000000008006d40                processAutoComplete
 .text.processConsoleStr2
                0x0000000008006dc8      0x158 holse/emCLI.o
                0x0000000008006dc8                processConsoleStr2
 .text.processConsoleStr
                0x0000000008006f20       0x1c holse/emCLI.o
                0x0000000008006f20                processConsoleStr
 .text.__setOutputs
                0x0000000008006f3c       0x50 holse/io.o
                0x0000000008006f3c                __setOutputs
 .text.setOutputs
                0x0000000008006f8c       0x10 holse/io.o
                0x0000000008006f8c                setOutputs
 .text.setOutputsByInputConfig
                0x0000000008006f9c       0x58 holse/io.o
                0x0000000008006f9c                setOutputsByInputConfig
 .text.setOutputsOff
                0x0000000008006ff4       0x14 holse/io.o
                0x0000000008006ff4                setOutputsOff
 .text.firstEnableOutputs
                0x0000000008007008       0x30 holse/io.o
                0x0000000008007008                firstEnableOutputs
 .text.setOutputOn
                0x0000000008007038       0x20 holse/io.o
                0x0000000008007038                setOutputOn
 .text.setOutputOff
                0x0000000008007058       0x20 holse/io.o
                0x0000000008007058                setOutputOff
 .text.setOutputToggle
                0x0000000008007078       0x20 holse/io.o
                0x0000000008007078                setOutputToggle
 .text.getOutputState
                0x0000000008007098       0x20 holse/io.o
                0x0000000008007098                getOutputState
 .text.readInputs
                0x00000000080070b8       0x3c holse/io.o
                0x00000000080070b8                readInputs
 .text.startTimer
                0x00000000080070f4       0x38 holse/io.o
                0x00000000080070f4                startTimer
 .text.processInputEvent
                0x000000000800712c       0x88 holse/io.o
                0x000000000800712c                processInputEvent
 .text.threadInputTimers
                0x00000000080071b4       0x44 holse/io.o
                0x00000000080071b4                threadInputTimers
 .text.processInputEvents
                0x00000000080071f8       0x5c holse/io.o
                0x00000000080071f8                processInputEvents
 .text.threadSPI
                0x0000000008007254       0x40 holse/io.o
                0x0000000008007254                threadSPI
 .text.processTimerEvent
                0x0000000008007294       0x24 holse/io.o
                0x0000000008007294                processTimerEvent
 .text.threadTimers
                0x00000000080072b8       0x30 holse/io.o
                0x00000000080072b8                threadTimers
 .text.offActiveTimers
                0x00000000080072e8       0x24 holse/io.o
                0x00000000080072e8                offActiveTimers
 .text.initThreads
                0x000000000800730c       0x60 holse/io.o
                0x000000000800730c                initThreads
 .text.initIO   0x000000000800736c        0xe holse/io.o
                0x000000000800736c                initIO
 *fill*         0x000000000800737a        0x2 
 .text.__errno  0x000000000800737c        0xc c:/st/stm32cubeide_1.3.0/stm32cubeide/plugins/com.st.stm32cube.ide.mcu.externaltools.gnu-tools-for-stm32.7-2018-q2-update.win32_1.5.0.202011040924/tools/bin/../lib/gcc/arm-none-eabi/7.3.1/../../../../arm-none-eabi/lib/thumb/v7-m\libc_nano.a(lib_a-errno.o)
                0x000000000800737c                __errno
 .text.__libc_init_array
                0x0000000008007388       0x48 c:/st/stm32cubeide_1.3.0/stm32cubeide/plugins/com.st.stm32cube.ide.mcu.externaltools.gnu-tools-for-stm32.7-2018-q2-update.win32_1.5.0.202011040924/tools/bin/../lib/gcc/arm-none-eabi/7.3.1/../../../../arm-none-eabi/lib/thumb/v7-m\libc_nano.a(lib_a-init.o)
                0x0000000008007388                __libc_init_array
 .text.__locale_ctype_ptr_l
                0x00000000080073d0        0x6 c:/st/stm32cubeide_1.3.0/stm32cubeide/plugins/com.st.stm32cube.ide.mcu.externaltools.gnu-tools-for-stm32.7-2018-q2-update.win32_1.5.0.202011040924/tools/bin/../lib/gcc/arm-none-eabi/7.3.1/../../../../arm-none-eabi/lib/thumb/v7-m\libc_nano.a(lib_a-locale.o)
                0x00000000080073d0                __locale_ctype_ptr_l
 *fill*         0x00000000080073d6        0x2 
 .text.__locale_ctype_ptr
                0x00000000080073d8       0x1c c:/st/stm32cubeide_1.3.0/stm32cubeide/plugins/com.st.stm32cube.ide.mcu.externaltools.gnu-tools-for-stm32.7-2018-q2-update.win32_1.5.0.202011040924/tools/bin/../lib/gcc/arm-none-eabi/7.3.1/../../../../arm-none-eabi/lib/thumb/v7-m\libc_nano.a(lib_a-locale.o)
                0x00000000080073d8                __locale_ctype_ptr
 .text.__ascii_mbtowc
                0x00000000080073f4       0x24 c:/st/stm32cubeide_1.3.0/stm32cubeide/plugins/com.st.stm32cube.ide.mcu.externaltools.gnu-tools-for-stm32.7-2018-q2-update.win32_1.5.0.202011040924/tools/bin/../lib/gcc/arm-none-eabi/7.3.1/../../../../arm-none-eabi/lib/thumb/v7-m\libc_nano.a(lib_a-mbtowc_r.o)
                0x00000000080073f4                __ascii_mbtowc
 .text.memcpy   0x0000000008007418       0x16 c:/st/stm32cubeide_1.3.0/stm32cubeide/plugins/com.st.stm32cube.ide.mcu.externaltools.gnu-tools-for-stm32.7-2018-q2-update.win32_1.5.0.202011040924/tools/bin/../lib/gcc/arm-none-eabi/7.3.1/../../../../arm-none-eabi/lib/thumb/v7-m\libc_nano.a(lib_a-memcpy-stub.o)
                0x0000000008007418                memcpy
 .text.memmove  0x000000000800742e       0x32 c:/st/stm32cubeide_1.3.0/stm32cubeide/plugins/com.st.stm32cube.ide.mcu.externaltools.gnu-tools-for-stm32.7-2018-q2-update.win32_1.5.0.202011040924/tools/bin/../lib/gcc/arm-none-eabi/7.3.1/../../../../arm-none-eabi/lib/thumb/v7-m\libc_nano.a(lib_a-memmove.o)
                0x000000000800742e                memmove
 .text.memset   0x0000000008007460       0x10 c:/st/stm32cubeide_1.3.0/stm32cubeide/plugins/com.st.stm32cube.ide.mcu.externaltools.gnu-tools-for-stm32.7-2018-q2-update.win32_1.5.0.202011040924/tools/bin/../lib/gcc/arm-none-eabi/7.3.1/../../../../arm-none-eabi/lib/thumb/v7-m\libc_nano.a(lib_a-memset.o)
                0x0000000008007460                memset
 .text.snprintf
                0x0000000008007470       0x68 c:/st/stm32cubeide_1.3.0/stm32cubeide/plugins/com.st.stm32cube.ide.mcu.externaltools.gnu-tools-for-stm32.7-2018-q2-update.win32_1.5.0.202011040924/tools/bin/../lib/gcc/arm-none-eabi/7.3.1/../../../../arm-none-eabi/lib/thumb/v7-m\libc_nano.a(lib_a-snprintf.o)
                0x0000000008007470                sniprintf
                0x0000000008007470                snprintf
 .text.sscanf   0x00000000080074d8       0x54 c:/st/stm32cubeide_1.3.0/stm32cubeide/plugins/com.st.stm32cube.ide.mcu.externaltools.gnu-tools-for-stm32.7-2018-q2-update.win32_1.5.0.202011040924/tools/bin/../lib/gcc/arm-none-eabi/7.3.1/../../../../arm-none-eabi/lib/thumb/v7-m\libc_nano.a(lib_a-sscanf.o)
                0x00000000080074d8                siscanf
                0x00000000080074d8                sscanf
 .text.__seofread
                0x000000000800752c        0x4 c:/st/stm32cubeide_1.3.0/stm32cubeide/plugins/com.st.stm32cube.ide.mcu.externaltools.gnu-tools-for-stm32.7-2018-q2-update.win32_1.5.0.202011040924/tools/bin/../lib/gcc/arm-none-eabi/7.3.1/../../../../arm-none-eabi/lib/thumb/v7-m\libc_nano.a(lib_a-stdio.o)
                0x000000000800752c                __seofread
 .text.strchr   0x0000000008007530       0x1a c:/st/stm32cubeide_1.3.0/stm32cubeide/plugins/com.st.stm32cube.ide.mcu.externaltools.gnu-tools-for-stm32.7-2018-q2-update.win32_1.5.0.202011040924/tools/bin/../lib/gcc/arm-none-eabi/7.3.1/../../../../arm-none-eabi/lib/thumb/v7-m\libc_nano.a(lib_a-strchr.o)
                0x0000000008007530                strchr
 .text.strncat  0x000000000800754a       0x28 c:/st/stm32cubeide_1.3.0/stm32cubeide/plugins/com.st.stm32cube.ide.mcu.externaltools.gnu-tools-for-stm32.7-2018-q2-update.win32_1.5.0.202011040924/tools/bin/../lib/gcc/arm-none-eabi/7.3.1/../../../../arm-none-eabi/lib/thumb/v7-m\libc_nano.a(lib_a-strncat.o)
                0x000000000800754a                strncat
 .text.strncmp  0x0000000008007572       0x24 c:/st/stm32cubeide_1.3.0/stm32cubeide/plugins/com.st.stm32cube.ide.mcu.externaltools.gnu-tools-for-stm32.7-2018-q2-update.win32_1.5.0.202011040924/tools/bin/../lib/gcc/arm-none-eabi/7.3.1/../../../../arm-none-eabi/lib/thumb/v7-m\libc_nano.a(lib_a-strncmp.o)
                0x0000000008007572                strncmp
 *fill*         0x0000000008007596        0x2 
 .text.strtok   0x0000000008007598       0x54 c:/st/stm32cubeide_1.3.0/stm32cubeide/plugins/com.st.stm32cube.ide.mcu.externaltools.gnu-tools-for-stm32.7-2018-q2-update.win32_1.5.0.202011040924/tools/bin/../lib/gcc/arm-none-eabi/7.3.1/../../../../arm-none-eabi/lib/thumb/v7-m\libc_nano.a(lib_a-strtok.o)
                0x0000000008007598                strtok
 .text.__strtok_r
                0x00000000080075ec       0x54 c:/st/stm32cubeide_1.3.0/stm32cubeide/plugins/com.st.stm32cube.ide.mcu.externaltools.gnu-tools-for-stm32.7-2018-q2-update.win32_1.5.0.202011040924/tools/bin/../lib/gcc/arm-none-eabi/7.3.1/../../../../arm-none-eabi/lib/thumb/v7-m\libc_nano.a(lib_a-strtok_r.o)
                0x00000000080075ec                __strtok_r
 .text._strtoul_l.isra.0
                0x0000000008007640       0xf4 c:/st/stm32cubeide_1.3.0/stm32cubeide/plugins/com.st.stm32cube.ide.mcu.externaltools.gnu-tools-for-stm32.7-2018-q2-update.win32_1.5.0.202011040924/tools/bin/../lib/gcc/arm-none-eabi/7.3.1/../../../../arm-none-eabi/lib/thumb/v7-m\libc_nano.a(lib_a-strtoul.o)
 .text._strtoul_r
                0x0000000008007734       0x24 c:/st/stm32cubeide_1.3.0/stm32cubeide/plugins/com.st.stm32cube.ide.mcu.externaltools.gnu-tools-for-stm32.7-2018-q2-update.win32_1.5.0.202011040924/tools/bin/../lib/gcc/arm-none-eabi/7.3.1/../../../../arm-none-eabi/lib/thumb/v7-m\libc_nano.a(lib_a-strtoul.o)
                0x0000000008007734                _strtoul_r
 .text.strtoul  0x0000000008007758       0x2c c:/st/stm32cubeide_1.3.0/stm32cubeide/plugins/com.st.stm32cube.ide.mcu.externaltools.gnu-tools-for-stm32.7-2018-q2-update.win32_1.5.0.202011040924/tools/bin/../lib/gcc/arm-none-eabi/7.3.1/../../../../arm-none-eabi/lib/thumb/v7-m\libc_nano.a(lib_a-strtoul.o)
                0x0000000008007758                strtoul
 .text.__ascii_wctomb
                0x0000000008007784       0x1a c:/st/stm32cubeide_1.3.0/stm32cubeide/plugins/com.st.stm32cube.ide.mcu.externaltools.gnu-tools-for-stm32.7-2018-q2-update.win32_1.5.0.202011040924/tools/bin/../lib/gcc/arm-none-eabi/7.3.1/../../../../arm-none-eabi/lib/thumb/v7-m\libc_nano.a(lib_a-wctomb_r.o)
                0x0000000008007784                __ascii_wctomb
 *fill*         0x000000000800779e        0x2 
 .text.malloc   0x00000000080077a0       0x10 c:/st/stm32cubeide_1.3.0/stm32cubeide/plugins/com.st.stm32cube.ide.mcu.externaltools.gnu-tools-for-stm32.7-2018-q2-update.win32_1.5.0.202011040924/tools/bin/../lib/gcc/arm-none-eabi/7.3.1/../../../../arm-none-eabi/lib/thumb/v7-m\libc_nano.a(lib_a-malloc.o)
                0x00000000080077a0                malloc
 .text._free_r  0x00000000080077b0       0x98 c:/st/stm32cubeide_1.3.0/stm32cubeide/plugins/com.st.stm32cube.ide.mcu.externaltools.gnu-tools-for-stm32.7-2018-q2-update.win32_1.5.0.202011040924/tools/bin/../lib/gcc/arm-none-eabi/7.3.1/../../../../arm-none-eabi/lib/thumb/v7-m\libc_nano.a(lib_a-nano-freer.o)
                0x00000000080077b0                _free_r
 .text._malloc_r
                0x0000000008007848       0xb4 c:/st/stm32cubeide_1.3.0/stm32cubeide/plugins/com.st.stm32cube.ide.mcu.externaltools.gnu-tools-for-stm32.7-2018-q2-update.win32_1.5.0.202011040924/tools/bin/../lib/gcc/arm-none-eabi/7.3.1/../../../../arm-none-eabi/lib/thumb/v7-m\libc_nano.a(lib_a-nano-mallocr.o)
                0x0000000008007848                _malloc_r
 .text.__ssputs_r
                0x00000000080078fc       0xb4 c:/st/stm32cubeide_1.3.0/stm32cubeide/plugins/com.st.stm32cube.ide.mcu.externaltools.gnu-tools-for-stm32.7-2018-q2-update.win32_1.5.0.202011040924/tools/bin/../lib/gcc/arm-none-eabi/7.3.1/../../../../arm-none-eabi/lib/thumb/v7-m\libc_nano.a(lib_a-nano-svfprintf.o)
                0x00000000080078fc                __ssputs_r
 .text._svfprintf_r
                0x00000000080079b0      0x1f0 c:/st/stm32cubeide_1.3.0/stm32cubeide/plugins/com.st.stm32cube.ide.mcu.externaltools.gnu-tools-for-stm32.7-2018-q2-update.win32_1.5.0.202011040924/tools/bin/../lib/gcc/arm-none-eabi/7.3.1/../../../../arm-none-eabi/lib/thumb/v7-m\libc_nano.a(lib_a-nano-svfprintf.o)
                0x00000000080079b0                _svfiprintf_r
                0x00000000080079b0                _svfprintf_r
 .text._sungetc_r
                0x0000000008007ba0       0x7a c:/st/stm32cubeide_1.3.0/stm32cubeide/plugins/com.st.stm32cube.ide.mcu.externaltools.gnu-tools-for-stm32.7-2018-q2-update.win32_1.5.0.202011040924/tools/bin/../lib/gcc/arm-none-eabi/7.3.1/../../../../arm-none-eabi/lib/thumb/v7-m\libc_nano.a(lib_a-nano-svfscanf.o)
                0x0000000008007ba0                _sungetc_r
 .text.__ssrefill_r
                0x0000000008007c1a       0x3a c:/st/stm32cubeide_1.3.0/stm32cubeide/plugins/com.st.stm32cube.ide.mcu.externaltools.gnu-tools-for-stm32.7-2018-q2-update.win32_1.5.0.202011040924/tools/bin/../lib/gcc/arm-none-eabi/7.3.1/../../../../arm-none-eabi/lib/thumb/v7-m\libc_nano.a(lib_a-nano-svfscanf.o)
                0x0000000008007c1a                __ssrefill_r
 .text.__ssvfscanf_r
                0x0000000008007c54      0x2a0 c:/st/stm32cubeide_1.3.0/stm32cubeide/plugins/com.st.stm32cube.ide.mcu.externaltools.gnu-tools-for-stm32.7-2018-q2-update.win32_1.5.0.202011040924/tools/bin/../lib/gcc/arm-none-eabi/7.3.1/../../../../arm-none-eabi/lib/thumb/v7-m\libc_nano.a(lib_a-nano-svfscanf.o)
                0x0000000008007c54                __ssvfiscanf_r
                0x0000000008007c54                __ssvfscanf_r
 .text._printf_common
                0x0000000008007ef4       0xec c:/st/stm32cubeide_1.3.0/stm32cubeide/plugins/com.st.stm32cube.ide.mcu.externaltools.gnu-tools-for-stm32.7-2018-q2-update.win32_1.5.0.202011040924/tools/bin/../lib/gcc/arm-none-eabi/7.3.1/../../../../arm-none-eabi/lib/thumb/v7-m\libc_nano.a(lib_a-nano-vfprintf_i.o)
                0x0000000008007ef4                _printf_common
 .text._printf_i
                0x0000000008007fe0      0x224 c:/st/stm32cubeide_1.3.0/stm32cubeide/plugins/com.st.stm32cube.ide.mcu.externaltools.gnu-tools-for-stm32.7-2018-q2-update.win32_1.5.0.202011040924/tools/bin/../lib/gcc/arm-none-eabi/7.3.1/../../../../arm-none-eabi/lib/thumb/v7-m\libc_nano.a(lib_a-nano-vfprintf_i.o)
                0x0000000008007fe0                _printf_i
 .text._scanf_chars
                0x0000000008008204       0xc4 c:/st/stm32cubeide_1.3.0/stm32cubeide/plugins/com.st.stm32cube.ide.mcu.externaltools.gnu-tools-for-stm32.7-2018-q2-update.win32_1.5.0.202011040924/tools/bin/../lib/gcc/arm-none-eabi/7.3.1/../../../../arm-none-eabi/lib/thumb/v7-m\libc_nano.a(lib_a-nano-vfscanf_i.o)
                0x0000000008008204                _scanf_chars
 .text._scanf_i
                0x00000000080082c8      0x1ec c:/st/stm32cubeide_1.3.0/stm32cubeide/plugins/com.st.stm32cube.ide.mcu.externaltools.gnu-tools-for-stm32.7-2018-q2-update.win32_1.5.0.202011040924/tools/bin/../lib/gcc/arm-none-eabi/7.3.1/../../../../arm-none-eabi/lib/thumb/v7-m\libc_nano.a(lib_a-nano-vfscanf_i.o)
                0x00000000080082c8                _scanf_i
 .text._sbrk_r  0x00000000080084b4       0x20 c:/st/stm32cubeide_1.3.0/stm32cubeide/plugins/com.st.stm32cube.ide.mcu.externaltools.gnu-tools-for-stm32.7-2018-q2-update.win32_1.5.0.202011040924/tools/bin/../lib/gcc/arm-none-eabi/7.3.1/../../../../arm-none-eabi/lib/thumb/v7-m\libc_nano.a(lib_a-sbrkr.o)
                0x00000000080084b4                _sbrk_r
 .text.__sccl   0x00000000080084d4       0x62 c:/st/stm32cubeide_1.3.0/stm32cubeide/plugins/com.st.stm32cube.ide.mcu.externaltools.gnu-tools-for-stm32.7-2018-q2-update.win32_1.5.0.202011040924/tools/bin/../lib/gcc/arm-none-eabi/7.3.1/../../../../arm-none-eabi/lib/thumb/v7-m\libc_nano.a(lib_a-sccl.o)
                0x00000000080084d4                __sccl
 .text._strtol_l.isra.0
                0x0000000008008536       0xf6 c:/st/stm32cubeide_1.3.0/stm32cubeide/plugins/com.st.stm32cube.ide.mcu.externaltools.gnu-tools-for-stm32.7-2018-q2-update.win32_1.5.0.202011040924/tools/bin/../lib/gcc/arm-none-eabi/7.3.1/../../../../arm-none-eabi/lib/thumb/v7-m\libc_nano.a(lib_a-strtol.o)
 .text._strtol_r
                0x000000000800862c       0x24 c:/st/stm32cubeide_1.3.0/stm32cubeide/plugins/com.st.stm32cube.ide.mcu.externaltools.gnu-tools-for-stm32.7-2018-q2-update.win32_1.5.0.202011040924/tools/bin/../lib/gcc/arm-none-eabi/7.3.1/../../../../arm-none-eabi/lib/thumb/v7-m\libc_nano.a(lib_a-strtol.o)
                0x000000000800862c                _strtol_r
 .text.__submore
                0x0000000008008650       0x70 c:/st/stm32cubeide_1.3.0/stm32cubeide/plugins/com.st.stm32cube.ide.mcu.externaltools.gnu-tools-for-stm32.7-2018-q2-update.win32_1.5.0.202011040924/tools/bin/../lib/gcc/arm-none-eabi/7.3.1/../../../../arm-none-eabi/lib/thumb/v7-m\libc_nano.a(lib_a-ungetc.o)
                0x0000000008008650                __submore
 .text.memchr   0x00000000080086c0       0x1c c:/st/stm32cubeide_1.3.0/stm32cubeide/plugins/com.st.stm32cube.ide.mcu.externaltools.gnu-tools-for-stm32.7-2018-q2-update.win32_1.5.0.202011040924/tools/bin/../lib/gcc/arm-none-eabi/7.3.1/../../../../arm-none-eabi/lib/thumb/v7-m\libc_nano.a(lib_a-memchr-stub.o)
                0x00000000080086c0                memchr
 .text.__malloc_lock
                0x00000000080086dc        0x2 c:/st/stm32cubeide_1.3.0/stm32cubeide/plugins/com.st.stm32cube.ide.mcu.externaltools.gnu-tools-for-stm32.7-2018-q2-update.win32_1.5.0.202011040924/tools/bin/../lib/gcc/arm-none-eabi/7.3.1/../../../../arm-none-eabi/lib/thumb/v7-m\libc_nano.a(lib_a-mlock.o)
                0x00000000080086dc                __malloc_lock
 .text.__malloc_unlock
                0x00000000080086de        0x2 c:/st/stm32cubeide_1.3.0/stm32cubeide/plugins/com.st.stm32cube.ide.mcu.externaltools.gnu-tools-for-stm32.7-2018-q2-update.win32_1.5.0.202011040924/tools/bin/../lib/gcc/arm-none-eabi/7.3.1/../../../../arm-none-eabi/lib/thumb/v7-m\libc_nano.a(lib_a-mlock.o)
                0x00000000080086de                __malloc_unlock
 .text._realloc_r
                0x00000000080086e0       0x4c c:/st/stm32cubeide_1.3.0/stm32cubeide/plugins/com.st.stm32cube.ide.mcu.externaltools.gnu-tools-for-stm32.7-2018-q2-update.win32_1.5.0.202011040924/tools/bin/../lib/gcc/arm-none-eabi/7.3.1/../../../../arm-none-eabi/lib/thumb/v7-m\libc_nano.a(lib_a-nano-reallocr.o)
                0x00000000080086e0                _realloc_r
 .text._malloc_usable_size_r
                0x000000000800872c       0x10 c:/st/stm32cubeide_1.3.0/stm32cubeide/plugins/com.st.stm32cube.ide.mcu.externaltools.gnu-tools-for-stm32.7-2018-q2-update.win32_1.5.0.202011040924/tools/bin/../lib/gcc/arm-none-eabi/7.3.1/../../../../arm-none-eabi/lib/thumb/v7-m\libc_nano.a(lib_a-nano-msizer.o)
                0x000000000800872c                _malloc_usable_size_r
 *(.glue_7)
 .glue_7        0x000000000800873c        0x0 linker stubs
 *(.glue_7t)
 .glue_7t       0x000000000800873c        0x0 linker stubs
 *(.eh_frame)
 .eh_frame      0x000000000800873c        0x0 c:/st/stm32cubeide_1.3.0/stm32cubeide/plugins/com.st.stm32cube.ide.mcu.externaltools.gnu-tools-for-stm32.7-2018-q2-update.win32_1.5.0.202011040924/tools/bin/../lib/gcc/arm-none-eabi/7.3.1/thumb/v7-m/crtbegin.o
 *(.init)
 .init          0x000000000800873c        0x4 c:/st/stm32cubeide_1.3.0/stm32cubeide/plugins/com.st.stm32cube.ide.mcu.externaltools.gnu-tools-for-stm32.7-2018-q2-update.win32_1.5.0.202011040924/tools/bin/../lib/gcc/arm-none-eabi/7.3.1/thumb/v7-m/crti.o
                0x000000000800873c                _init
 .init          0x0000000008008740        0x8 c:/st/stm32cubeide_1.3.0/stm32cubeide/plugins/com.st.stm32cube.ide.mcu.externaltools.gnu-tools-for-stm32.7-2018-q2-update.win32_1.5.0.202011040924/tools/bin/../lib/gcc/arm-none-eabi/7.3.1/thumb/v7-m/crtn.o
 *(.fini)
 .fini          0x0000000008008748        0x4 c:/st/stm32cubeide_1.3.0/stm32cubeide/plugins/com.st.stm32cube.ide.mcu.externaltools.gnu-tools-for-stm32.7-2018-q2-update.win32_1.5.0.202011040924/tools/bin/../lib/gcc/arm-none-eabi/7.3.1/thumb/v7-m/crti.o
                0x0000000008008748                _fini
 .fini          0x000000000800874c        0x8 c:/st/stm32cubeide_1.3.0/stm32cubeide/plugins/com.st.stm32cube.ide.mcu.externaltools.gnu-tools-for-stm32.7-2018-q2-update.win32_1.5.0.202011040924/tools/bin/../lib/gcc/arm-none-eabi/7.3.1/thumb/v7-m/crtn.o
                0x0000000008008754                . = ALIGN (0x4)
                0x0000000008008754                _etext = .

.vfp11_veneer   0x0000000008008754        0x0
 .vfp11_veneer  0x0000000008008754        0x0 linker stubs

.v4_bx          0x0000000008008754        0x0
 .v4_bx         0x0000000008008754        0x0 linker stubs

.iplt           0x0000000008008754        0x0
 .iplt          0x0000000008008754        0x0 c:/st/stm32cubeide_1.3.0/stm32cubeide/plugins/com.st.stm32cube.ide.mcu.externaltools.gnu-tools-for-stm32.7-2018-q2-update.win32_1.5.0.202011040924/tools/bin/../lib/gcc/arm-none-eabi/7.3.1/thumb/v7-m/crtbegin.o

.rodata         0x0000000008008754      0x970
                0x0000000008008754                . = ALIGN (0x4)
 *(.rodata)
 .rodata        0x0000000008008754       0x10 Drivers/STM32F1xx_HAL_Driver/Src/stm32f1xx_hal_rcc.o
 .rodata        0x0000000008008764       0x10 Drivers/STM32F1xx_HAL_Driver/Src/stm32f1xx_hal_rcc_ex.o
 .rodata        0x0000000008008774        0xc c:/st/stm32cubeide_1.3.0/stm32cubeide/plugins/com.st.stm32cube.ide.mcu.externaltools.gnu-tools-for-stm32.7-2018-q2-update.win32_1.5.0.202011040924/tools/bin/../lib/gcc/arm-none-eabi/7.3.1/../../../../arm-none-eabi/lib/thumb/v7-m\libc_nano.a(lib_a-nano-vfscanf_i.o)
 *(.rodata*)
 .rodata.defaultTask_attributes
                0x0000000008008780       0x24 Core/Src/freertos.o
                0x0000000008008780                defaultTask_attributes
 .rodata.str1.1
                0x00000000080087a4        0xc Core/Src/freertos.o
 .rodata.AHBPrescTable
                0x00000000080087b0       0x10 Core/Src/system_stm32f1xx.o
                0x00000000080087b0                AHBPrescTable
 .rodata.APBPrescTable
                0x00000000080087c0        0x8 Core/Src/system_stm32f1xx.o
                0x00000000080087c0                APBPrescTable
 .rodata.vTaskStartScheduler.str1.1
                0x00000000080087c8        0x5 Middlewares/Third_Party/FreeRTOS/Source/tasks.o
 .rodata.prvCheckForValidListAndQueue.str1.1
                0x00000000080087cd        0x5 Middlewares/Third_Party/FreeRTOS/Source/timers.o
 .rodata.xTimerCreateTimerTask.str1.1
                0x00000000080087d2        0x8 Middlewares/Third_Party/FreeRTOS/Source/timers.o
 .rodata.USBD_FS_ConfigStrDescriptor.str1.1
                0x00000000080087da        0xb USB_DEVICE/App/usbd_desc.o
 .rodata.USBD_FS_InterfaceStrDescriptor.str1.1
                0x00000000080087e5        0xe USB_DEVICE/App/usbd_desc.o
 .rodata.USBD_FS_ManufacturerStrDescriptor.str1.1
                0x00000000080087f3       0x13 USB_DEVICE/App/usbd_desc.o
 .rodata.USBD_FS_ProductStrDescriptor.str1.1
                0x0000000008008806       0x16 USB_DEVICE/App/usbd_desc.o
 .rodata.CSWTCH.3
                0x000000000800881c        0x4 USB_DEVICE/Target/usbd_conf.o
 .rodata.cmdHelp.str1.1
                0x0000000008008820       0x18 holse/cons.o
 .rodata.cmdInput.str1.1
                0x0000000008008838       0x19 holse/cons.o
                                         0x1f (size before relaxing)
 .rodata.cmdOutput.str1.1
                0x0000000008008851        0xe holse/cons.o
 .rodata.cmdSave.str1.1
                0x000000000800885f       0x23 holse/cons.o
 .rodata.cmdShow.str1.1
                0x0000000008008882       0x1f holse/cons.o
                                         0x26 (size before relaxing)
 *fill*         0x00000000080088a1        0x3 
 .rodata.consTask_attributes
                0x00000000080088a4       0x24 holse/cons.o
                0x00000000080088a4                consTask_attributes
 .rodata.printConfigInput.str1.1
                0x00000000080088c8       0x31 holse/cons.o
 .rodata.printConfigInput1Op.str1.1
                0x00000000080088f9        0xc holse/cons.o
                                          0xf (size before relaxing)
 .rodata.printConfigTimer.str1.1
                0x0000000008008905        0xa holse/cons.o
                                         0x11 (size before relaxing)
 .rodata.printDec.str1.1
                0x000000000800890f        0x3 holse/cons.o
 .rodata.printHelpCommands.str1.1
                0x0000000008008912       0x47 holse/cons.o
                                         0x4a (size before relaxing)
 .rodata.printHex.str1.1
                0x0000000008008959        0x3 holse/cons.o
 .rodata.printOp.str1.1
                0x000000000800895c       0x2d holse/cons.o
 .rodata.printOutputState.str1.1
                0x0000000008008989        0x8 holse/cons.o
                                          0xa (size before relaxing)
 .rodata.str1.1
                0x0000000008008991      0x43a holse/cons.o
 .rodata.closeTerm.str1.1
                0x0000000008008dcb       0x2a holse/emCLI.o
 .rodata.delInLine.str1.1
                0x0000000008008df5        0x5 holse/emCLI.o
 .rodata.printLog.str1.1
                0x0000000008008dfa        0x3 holse/emCLI.o
 .rodata.processACMultiple.str1.1
                0x0000000008008dfa       0x17 holse/emCLI.o
                                         0x19 (size before relaxing)
 .rodata.processConsoleStr2.str1.1
                0x0000000008008e11        0x7 holse/emCLI.o
 .rodata.processNewLine.str1.1
                0x0000000008008e18       0xd1 holse/emCLI.o
                                         0xd9 (size before relaxing)
 .rodata.putInLineCh.str1.1
                0x0000000008008ee9        0x5 holse/emCLI.o
 .rodata.redrawCursor.str1.1
                0x0000000008008eee        0x6 holse/emCLI.o
 .rodata.redrawLineAfterCursor.str1.1
                0x0000000008008ef4       0x19 holse/emCLI.o
 .rodata.initThreads.str1.1
                0x0000000008008f0d       0x19 holse/io.o
                                          0x1 (size before relaxing)
 .rodata._setlocale_r.str1.1
                0x0000000008008f0d        0x6 c:/st/stm32cubeide_1.3.0/stm32cubeide/plugins/com.st.stm32cube.ide.mcu.externaltools.gnu-tools-for-stm32.7-2018-q2-update.win32_1.5.0.202011040924/tools/bin/../lib/gcc/arm-none-eabi/7.3.1/../../../../arm-none-eabi/lib/thumb/v7-m\libc_nano.a(lib_a-locale.o)
                                          0x9 (size before relaxing)
 .rodata.str1.1
                0x0000000008008f13        0x2 c:/st/stm32cubeide_1.3.0/stm32cubeide/plugins/com.st.stm32cube.ide.mcu.externaltools.gnu-tools-for-stm32.7-2018-q2-update.win32_1.5.0.202011040924/tools/bin/../lib/gcc/arm-none-eabi/7.3.1/../../../../arm-none-eabi/lib/thumb/v7-m\libc_nano.a(lib_a-locale.o)
 .rodata._ctype_
                0x0000000008008f15      0x101 c:/st/stm32cubeide_1.3.0/stm32cubeide/plugins/com.st.stm32cube.ide.mcu.externaltools.gnu-tools-for-stm32.7-2018-q2-update.win32_1.5.0.202011040924/tools/bin/../lib/gcc/arm-none-eabi/7.3.1/../../../../arm-none-eabi/lib/thumb/v7-m\libc_nano.a(lib_a-ctype_.o)
                0x0000000008008f15                _ctype_
 .rodata._svfprintf_r.str1.1
                0x0000000008009016       0x11 c:/st/stm32cubeide_1.3.0/stm32cubeide/plugins/com.st.stm32cube.ide.mcu.externaltools.gnu-tools-for-stm32.7-2018-q2-update.win32_1.5.0.202011040924/tools/bin/../lib/gcc/arm-none-eabi/7.3.1/../../../../arm-none-eabi/lib/thumb/v7-m\libc_nano.a(lib_a-nano-svfprintf.o)
 .rodata.__ssvfscanf_r.str1.1
                0x0000000008009027        0x4 c:/st/stm32cubeide_1.3.0/stm32cubeide/plugins/com.st.stm32cube.ide.mcu.externaltools.gnu-tools-for-stm32.7-2018-q2-update.win32_1.5.0.202011040924/tools/bin/../lib/gcc/arm-none-eabi/7.3.1/../../../../arm-none-eabi/lib/thumb/v7-m\libc_nano.a(lib_a-nano-svfscanf.o)
 .rodata._printf_i.str1.1
                0x0000000008009027       0x22 c:/st/stm32cubeide_1.3.0/stm32cubeide/plugins/com.st.stm32cube.ide.mcu.externaltools.gnu-tools-for-stm32.7-2018-q2-update.win32_1.5.0.202011040924/tools/bin/../lib/gcc/arm-none-eabi/7.3.1/../../../../arm-none-eabi/lib/thumb/v7-m\libc_nano.a(lib_a-nano-vfprintf_i.o)
 .rodata._scanf_i.str1.1
                0x0000000008009049       0x12 c:/st/stm32cubeide_1.3.0/stm32cubeide/plugins/com.st.stm32cube.ide.mcu.externaltools.gnu-tools-for-stm32.7-2018-q2-update.win32_1.5.0.202011040924/tools/bin/../lib/gcc/arm-none-eabi/7.3.1/../../../../arm-none-eabi/lib/thumb/v7-m\libc_nano.a(lib_a-nano-vfscanf_i.o)
 .rodata.str1.1
                0x000000000800905b        0x9 c:/st/stm32cubeide_1.3.0/stm32cubeide/plugins/com.st.stm32cube.ide.mcu.externaltools.gnu-tools-for-stm32.7-2018-q2-update.win32_1.5.0.202011040924/tools/bin/../lib/gcc/arm-none-eabi/7.3.1/../../../../arm-none-eabi/lib/thumb/v7-m\libc_nano.a(lib_a-nano-vfscanf_i.o)
 .rodata.__sf_fake_stderr
                0x0000000008009064       0x20 c:/st/stm32cubeide_1.3.0/stm32cubeide/plugins/com.st.stm32cube.ide.mcu.externaltools.gnu-tools-for-stm32.7-2018-q2-update.win32_1.5.0.202011040924/tools/bin/../lib/gcc/arm-none-eabi/7.3.1/../../../../arm-none-eabi/lib/thumb/v7-m\libc_nano.a(lib_a-findfp.o)
                0x0000000008009064                __sf_fake_stderr
 .rodata.__sf_fake_stdin
                0x0000000008009084       0x20 c:/st/stm32cubeide_1.3.0/stm32cubeide/plugins/com.st.stm32cube.ide.mcu.externaltools.gnu-tools-for-stm32.7-2018-q2-update.win32_1.5.0.202011040924/tools/bin/../lib/gcc/arm-none-eabi/7.3.1/../../../../arm-none-eabi/lib/thumb/v7-m\libc_nano.a(lib_a-findfp.o)
                0x0000000008009084                __sf_fake_stdin
 .rodata.__sf_fake_stdout
                0x00000000080090a4       0x20 c:/st/stm32cubeide_1.3.0/stm32cubeide/plugins/com.st.stm32cube.ide.mcu.externaltools.gnu-tools-for-stm32.7-2018-q2-update.win32_1.5.0.202011040924/tools/bin/../lib/gcc/arm-none-eabi/7.3.1/../../../../arm-none-eabi/lib/thumb/v7-m\libc_nano.a(lib_a-findfp.o)
                0x00000000080090a4                __sf_fake_stdout
                0x00000000080090c4                . = ALIGN (0x4)

.rel.dyn        0x00000000080090c4        0x0