io.c:41:6:__setOutputs	8	static
io.c:50:6:setOutputs	0	static
io.c:55:6:setOutputsByInputConfig	0	static
io.c:76:6:setOutputsOff	0	static
io.c:82:6:firstEnableOutputs	8	static
io.c:93:6:setOutputOn	0	static
io.c:98:6:setOutputOff	0	static
io.c:102:6:setOutputToggle	0	static
io.c:107:5:getOutputState	0	static
io.c:112:10:getOutputsState	0	static
io.c:123:10:readInputs	16	static
io.c:221:5:startTimer	8	static
io.c:135:6:processInputEvent	8	static
io.c:167:6:threadInputTimers	24	static
io.c:186:6:processInputEvents	32	static
io.c:202:6:threadSPI	8	static
io.c:227:6:processTimerEvent	8	static
io.c:232:6:threadTimers	16	static
io.c:244:6:offActiveTimers	16	static
io.c:264:6:initThreads	24	static
io.c:89:6:initIO	8	static
