Archive member included to satisfy reference by file (symbol)

c:/st/stm32cubeide_1.3.0/stm32cubeide/plugins/com.st.stm32cube.ide.mcu.externaltools.gnu-tools-for-stm32.7-2018-q2-update.win32_1.5.0.202011040924/tools/bin/../lib/gcc/arm-none-eabi/7.3.1/../../../../arm-none-eabi/lib/thumb/v7-m\libc_nano.a(lib_a-errno.o)
                              Core/Src/syscalls.o (__errno)
c:/st/stm32cubeide_1.3.0/stm32cubeide/plugins/com.st.stm32cube.ide.mcu.externaltools.gnu-tools-for-stm32.7-2018-q2-update.win32_1.5.0.202011040924/tools/bin/../lib/gcc/arm-none-eabi/7.3.1/../../../../arm-none-eabi/lib/thumb/v7-m\libc_nano.a(lib_a-exit.o)
                              c:/st/stm32cubeide_1.3.0/stm32cubeide/plugins/com.st.stm32cube.ide.mcu.externaltools.gnu-tools-for-stm32.7-2018-q2-update.win32_1.5.0.202011040924/tools/bin/../lib/gcc/arm-none-eabi/7.3.1/../../../../arm-none-eabi/lib/thumb/v7-m/crt0.o (exit)
c:/st/stm32cubeide_1.3.0/stm32cubeide/plugins/com.st.stm32cube.ide.mcu.externaltools.gnu-tools-for-stm32.7-2018-q2-update.win32_1.5.0.202011040924/tools/bin/../lib/gcc/arm-none-eabi/7.3.1/../../../../arm-none-eabi/lib/thumb/v7-m\libc_nano.a(lib_a-impure.o)
                              c:/st/stm32cubeide_1.3.0/stm32cubeide/plugins/com.st.stm32cube.ide.mcu.externaltools.gnu-tools-for-stm32.7-2018-q2-update.win32_1.5.0.202011040924/tools/bin/../lib/gcc/arm-none-eabi/7.3.1/../../../../arm-none-eabi/lib/thumb/v7-m\libc_nano.a(lib_a-exit.o) (_global_impure_ptr)
c:/st/stm32cubeide_1.3.0/stm32cubeide/plugins/com.st.stm32cube.ide.mcu.externaltools.gnu-tools-for-stm32.7-2018-q2-update.win32_1.5.0.202011040924/tools/bin/../lib/gcc/arm-none-eabi/7.3.1/../../../../arm-none-eabi/lib/thumb/v7-m\libc_nano.a(lib_a-init.o)
                              c:/st/stm32cubeide_1.3.0/stm32cubeide/plugins/com.st.stm32cube.ide.mcu.externaltools.gnu-tools-for-stm32.7-2018-q2-update.win32_1.5.0.202011040924/tools/bin/../lib/gcc/arm-none-eabi/7.3.1/../../../../arm-none-eabi/lib/thumb/v7-m/crt0.o (__libc_init_array)
c:/st/stm32cubeide_1.3.0/stm32cubeide/plugins/com.st.stm32cube.ide.mcu.externaltools.gnu-tools-for-stm32.7-2018-q2-update.win32_1.5.0.202011040924/tools/bin/../lib/gcc/arm-none-eabi/7.3.1/../../../../arm-none-eabi/lib/thumb/v7-m\libc_nano.a(lib_a-locale.o)
                              holse/emCLI.o (__locale_ctype_ptr)
c:/st/stm32cubeide_1.3.0/stm32cubeide/plugins/com.st.stm32cube.ide.mcu.externaltools.gnu-tools-for-stm32.7-2018-q2-update.win32_1.5.0.202011040924/tools/bin/../lib/gcc/arm-none-eabi/7.3.1/../../../../arm-none-eabi/lib/thumb/v7-m\libc_nano.a(lib_a-mbtowc_r.o)
                              c:/st/stm32cubeide_1.3.0/stm32cubeide/plugins/com.st.stm32cube.ide.mcu.externaltools.gnu-tools-for-stm32.7-2018-q2-update.win32_1.5.0.202011040924/tools/bin/../lib/gcc/arm-none-eabi/7.3.1/../../../../arm-none-eabi/lib/thumb/v7-m\libc_nano.a(lib_a-locale.o) (__ascii_mbtowc)
c:/st/stm32cubeide_1.3.0/stm32cubeide/plugins/com.st.stm32cube.ide.mcu.externaltools.gnu-tools-for-stm32.7-2018-q2-update.win32_1.5.0.202011040924/tools/bin/../lib/gcc/arm-none-eabi/7.3.1/../../../../arm-none-eabi/lib/thumb/v7-m\libc_nano.a(lib_a-memcpy-stub.o)
                              Middlewares/Third_Party/FreeRTOS/Source/CMSIS_RTOS_V2/cmsis_os2.o (memcpy)
c:/st/stm32cubeide_1.3.0/stm32cubeide/plugins/com.st.stm32cube.ide.mcu.externaltools.gnu-tools-for-stm32.7-2018-q2-update.win32_1.5.0.202011040924/tools/bin/../lib/gcc/arm-none-eabi/7.3.1/../../../../arm-none-eabi/lib/thumb/v7-m\libc_nano.a(lib_a-memmove.o)
                              holse/emCLI.o (memmove)
c:/st/stm32cubeide_1.3.0/stm32cubeide/plugins/com.st.stm32cube.ide.mcu.externaltools.gnu-tools-for-stm32.7-2018-q2-update.win32_1.5.0.202011040924/tools/bin/../lib/gcc/arm-none-eabi/7.3.1/../../../../arm-none-eabi/lib/thumb/v7-m\libc_nano.a(lib_a-memset.o)
                              c:/st/stm32cubeide_1.3.0/stm32cubeide/plugins/com.st.stm32cube.ide.mcu.externaltools.gnu-tools-for-stm32.7-2018-q2-update.win32_1.5.0.202011040924/tools/bin/../lib/gcc/arm-none-eabi/7.3.1/../../../../arm-none-eabi/lib/thumb/v7-m/crt0.o (memset)
c:/st/stm32cubeide_1.3.0/stm32cubeide/plugins/com.st.stm32cube.ide.mcu.externaltools.gnu-tools-for-stm32.7-2018-q2-update.win32_1.5.0.202011040924/tools/bin/../lib/gcc/arm-none-eabi/7.3.1/../../../../arm-none-eabi/lib/thumb/v7-m\libc_nano.a(lib_a-snprintf.o)
                              USB_DEVICE/App/usbd_cdc_if.o (snprintf)
c:/st/stm32cubeide_1.3.0/stm32cubeide/plugins/com.st.stm32cube.ide.mcu.externaltools.gnu-tools-for-stm32.7-2018-q2-update.win32_1.5.0.202011040924/tools/bin/../lib/gcc/arm-none-eabi/7.3.1/../../../../arm-none-eabi/lib/thumb/v7-m\libc_nano.a(lib_a-sscanf.o)
                              holse/emCLI.o (sscanf)
[...]
Memory Configuration

Name             Origin             Length             Attributes
RAM              0x0000000020000000 0x0000000000005000 xrw
FLASH            0x0000000008000000 0x0000000000010000 xr
*default*        0x0000000000000000 0xffffffffffffffff

Linker script and memory map

LOAD c:/st/stm32cubeide_1.3.0/stm32cubeide/plugins/com.st.stm32cube.ide.mcu.externaltools.gnu-tools-for-stm32.7-2018-q2-update.win32_1.5.0.202011040924/tools/bin/../lib/gcc/arm-none-eabi/7.3.1/thumb/v7-m/crti.o
LOAD c:/st/stm32cubeide_1.3.0/stm32cubeide/plugins/com.st.stm32cube.ide.mcu.externaltools.gnu-tools-for-stm32.7-2018-q2-update.win32_1.5.0.202011040924/tools/bin/../lib/gcc/arm-none-eabi/7.3.1/thumb/v7-m/crtbegin.o
LOAD c:/st/stm32cubeide_1.3.0/stm32cubeide/plugins/com.st.stm32cube.ide.mcu.externaltools.gnu-tools-for-stm32.7-2018-q2-update.win32_1.5.0.202011040924/tools/bin/../lib/gcc/arm-none-eabi/7.3.1/../../../../arm-none-eabi/lib/thumb/v7-m/crt0.o
LOAD Core/Src/freertos.o
LOAD Core/Src/gpio.o
LOAD Core/Src/main.o
LOAD Core/Src/rtc.o
LOAD Core/Src/spi.o
LOAD Core/Src/stm32f1xx_hal_msp.o
LOAD Core/Src/stm32f1xx_hal_timebase_tim.o
LOAD Core/Src/stm32f1xx_it.o
LOAD Core/Src/syscalls.o
LOAD Core/Src/sysmem.o
LOAD Core/Src/system_stm32f1xx.o
LOAD Core/Startup/startup_stm32f103c8tx.o
LOAD Drivers/STM32F1xx_HAL_Driver/Src/stm32f1xx_hal.o
LOAD Drivers/STM32F1xx_HAL_Driver/Src/stm32f1xx_hal_cortex.o
LOAD Drivers/STM32F1xx_HAL_Driver/Src/stm32f1xx_hal_dma.o
LOAD Drivers/STM32F1xx_HAL_Driver/Src/stm32f1xx_hal_exti.o
LOAD Drivers/STM32F1xx_HAL_Driver/Src/stm32f1xx_hal_flash.o
LOAD Drivers/STM32F1xx_HAL_Driver/Src/stm32f1xx_hal_flash_ex.o
LOAD Drivers/STM32F1xx_HAL_Driver/Src/stm32f1xx_hal_gpio.o
LOAD Drivers/STM32F1xx_HAL_Driver/Src/stm32f1xx_hal_gpio_ex.o
LOAD Drivers/STM32F1xx_HAL_Driver/Src/stm32f1xx_hal_pcd.o
LOAD Drivers/STM32F1xx_HAL_Driver/Src/stm32f1xx_hal_pcd_ex.o
LOAD Drivers/STM32F1xx_HAL_Driver/Src/stm32f1xx_hal_pwr.o
LOAD Drivers/STM32F1xx_HAL_Driver/Src/stm32f1xx_hal_rcc.o
LOAD Drivers/STM32F1xx_HAL_Driver/Src/stm32f1xx_hal_rcc_ex.o
LOAD Drivers/STM32F1xx_HAL_Driver/Src/stm32f1xx_hal_rtc.o
LOAD Drivers/STM32F1xx_HAL_Driver/Src/stm32f1xx_hal_rtc_ex.o
LOAD Drivers/STM32F1xx_HAL_Driver/Src/stm32f1xx_hal_spi.o
LOAD Drivers/STM32F1xx_HAL_Driver/Src/stm32f1xx_hal_tim.o
LOAD Drivers/STM32F1xx_HAL_Driver/Src/stm32f1xx_hal_tim_ex.o
LOAD Drivers/STM32F1xx_HAL_Driver/Src/stm32f1xx_ll_usb.o
LOAD Middlewares/ST/STM32_USB_Device_Library/Class/CDC/Src/usbd_cdc.o
LOAD Middlewares/ST/STM32_USB_Device_Library/Core/Src/usbd_core.o
LOAD Middlewares/ST/STM32_USB_Device_Library/Core/Src/usbd_ctlreq.o
LOAD Middlewares/ST/STM32_USB_Device_Library/Core/Src/usbd_ioreq.o
LOAD Middlewares/Third_Party/FreeRTOS/Source/CMSIS_RTOS_V2/cmsis_os2.o
LOAD Middlewares/Third_Party/FreeRTOS/Source/croutine.o
LOAD Middlewares/Third_Party/FreeRTOS/Source/event_groups.o
LOAD Middlewares/Third_Party/FreeRTOS/Source/list.o
LOAD Middlewares/Third_Party/FreeRTOS/Source/queue.o
LOAD Middlewares/Third_Party/FreeRTOS/Source/stream_buffer.o
LOAD Middlewares/Third_Party/FreeRTOS/Source/tasks.o
LOAD Middlewares/Third_Party/FreeRTOS/Source/timers.o
LOAD Middlewares/Third_Party/FreeRTOS/Source/portable/GCC/ARM_CM3/port.o
LOAD Middlewares/Third_Party/FreeRTOS/Source/portable/MemMang/heap_4.o
LOAD USB_DEVICE/App/usb_device.o
LOAD USB_DEVICE/App/usbd_cdc_if.o
LOAD USB_DEVICE/App/usbd_desc.o
LOAD USB_DEVICE/Target/usbd_conf.o
LOAD holse/STM32_EEPROM_SPI.o
LOAD holse/config.o
LOAD holse/cons.o
LOAD holse/emCLI.o
LOAD holse/io.o
START GROUP
LOAD c:/st/stm32cubeide_1.3.0/stm32cubeide/plugins/com.st.stm32cube.ide.mcu.externaltools.gnu-tools-for-stm32.7-2018-q2-update.win32_1.5.0.202011040924/tools/bin/../lib/gcc/arm-none-eabi/7.3.1/../../../../arm-none-eabi/lib/thumb/v7-m\libstdc++_nano.a
LOAD c:/st/stm32cubeide_1.3.0/stm32cubeide/plugins/com.st.stm32cube.ide.mcu.externaltools.gnu-tools-for-stm32.7-2018-q2-update.win32_1.5.0.202011040924/tools/bin/../lib/gcc/arm-none-eabi/7.3.1/../../../../arm-none-eabi/lib/thumb/v7-m\libsupc++_nano.a
END GROUP
LOAD c:/st/stm32cubeide_1.3.0/stm32cubeide/plugins/com.st.stm32cube.ide.mcu.externaltools.gnu-tools-for-stm32.7-2018-q2-update.win32_1.5.0.202011040924/tools/bin/../lib/gcc/arm-none-eabi/7.3.1/../../../../arm-none-eabi/lib/thumb/v7-m\libstdc++_nano.a
LOAD c:/st/stm32cubeide_1.3.0/stm32cubeide/plugins/com.st.stm32cube.ide.mcu.externaltools.gnu-tools-for-stm32.7-2018-q2-update.win32_1.5.0.202011040924/tools/bin/../lib/gcc/arm-none-eabi/7.3.1/../../../../arm-none-eabi/lib/thumb/v7-m\libm.a
LOAD c:/st/stm32cubeide_1.3.0/stm32cubeide/plugins/com.st.stm32cube.ide.mcu.externaltools.gnu-tools-for-stm32.7-2018-q2-update.win32_1.5.0.202011040924/tools/bin/../lib/gcc/arm-none-eabi/7.3.1/../../../../arm-none-eabi/lib/thumb/v7-m\libc_nano.a
START GROUP
LOAD c:/st/stm32cubeide_1.3.0/stm32cubeide/plugins/com.st.stm32cube.ide.mcu.externaltools.gnu-tools-for-stm32.7-2018-q2-update.win32_1.5.0.202011040924/tools/bin/../lib/gcc/arm-none-eabi/7.3.1/thumb/v7-m\libgcc.a
LOAD c:/st/stm32cubeide_1.3.0/stm32cubeide/plugins/com.st.stm32cube.ide.mcu.externaltools.gnu-tools-for-stm32.7-2018-q2-update.win32_1.5.0.202011040924/tools/bin/../lib/gcc/arm-none-eabi/7.3.1/../../../../arm-none-eabi/lib/thumb/v7-m\libc_nano.a
END GROUP
START GROUP
LOAD c:/st/stm32cubeide_1.3.0/stm32cubeide/plugins/com.st.stm32cube.ide.mcu.externaltools.gnu-tools-for-stm32.7-2018-q2-update.win32_1.5.0.202011040924/tools/bin/../lib/gcc/arm-none-eabi/7.3.1/thumb/v7-m\libgcc.a
LOAD c:/st/stm32cubeide_1.3.0/stm32cubeide/plugins/com.st.stm32cube.ide.mcu.externaltools.gnu-tools-for-stm32.7-2018-q2-update.win32_1.5.0.202011040924/tools/bin/../lib/gcc/arm-none-eabi/7.3.1/../../../../arm-none-eabi/lib/thumb/v7-m\libc_nano.a
LOAD c:/st/stm32cubeide_1.3.0/stm32cubeide/plugins/com.st.stm32cube.ide.mcu.externaltools.gnu-tools-for-stm32.7-2018-q2-update.win32_1.5.0.202011040924/tools/bin/../lib/gcc/arm-none-eabi/7.3.1/../../../../arm-none-eabi/lib/thumb/v7-m\libnosys.a
END GROUP
START GROUP
LOAD c:/st/stm32cubeide_1.3.0/stm32cubeide/plugins/com.st.stm32cube.ide.mcu.externaltools.gnu-tools-for-stm32.7-2018-q2-update.win32_1.5.0.202011040924/tools/bin/../lib/gcc/arm-none-eabi/7.3.1/thumb/v7-m\libgcc.a
LOAD c:/st/stm32cubeide_1.3.0/stm32cubeide/plugins/com.st.stm32cube.ide.mcu.externaltools.gnu-tools-for-stm32.7-2018-q2-update.win32_1.5.0.202011040924/tools/bin/../lib/gcc/arm-none-eabi/7.3.1/../../../../arm-none-eabi/lib/thumb/v7-m\libc_nano.a
LOAD c:/st/stm32cubeide_1.3.0/stm32cubeide/plugins/com.st.stm32cube.ide.mcu.externaltools.gnu-tools-for-stm32.7-2018-q2-update.win32_1.5.0.202011040924/tools/bin/../lib/gcc/arm-none-eabi/7.3.1/../../../../arm-none-eabi/lib/thumb/v7-m\libnosys.a
END GROUP
LOAD c:/st/stm32cubeide_1.3.0/stm32cubeide/plugins/com.st.stm32cube.ide.mcu.externaltools.gnu-tools-for-stm32.7-2018-q2-update.win32_1.5.0.202011040924/tools/bin/../lib/gcc/arm-none-eabi/7.3.1/thumb/v7-m/crtend.o
LOAD c:/st/stm32cubeide_1.3.0/stm32cubeide/plugins/com.st.stm32cube.ide.mcu.externaltools.gnu-tools-for-stm32.7-2018-q2-update.win32_1.5.0.202011040924/tools/bin/../lib/gcc/arm-none-eabi/7.3.1/thumb/v7-m/crtn.o
                0x0000000020005000                _estack = (ORIGIN (RAM) + LENGTH (RAM))
                0x0000000000000200                _Min_Heap_Size = 0x200
                0x0000000000000400                _Min_Stack_Size = 0x400

.isr_vector     0x0000000008000000      0x10c
                0x0000000008000000                . = ALIGN (0x4)
 *(.isr_vector)
 .isr_vector    0x0000000008000000      0x10c Core/Startup/startup_stm32f103c8tx.o
                0x0000000008000000                g_pfnVectors
                0x000000000800010c                . = ALIGN (0x4)

.text           0x0000000008000110     0xe81c
                0x0000000008000110                . = ALIGN (0x4)
 *(.text)
 .text          0x0000000008000110       0x40 c:/st/stm32cubeide_1.3.0/stm32cubeide/plugins/com.st.stm32cube.ide.mcu.externaltools.gnu-tools-for-stm32.7-2018-q2-update.win32_1.5.0.202011040924/tools/bin/../lib/gcc/arm-none-eabi/7.3.1/thumb/v7-m/crtbegin.o
 .text          0x0000000008000150       0x14 c:/st/stm32cubeide_1.3.0/stm32cubeide/plugins/com.st.stm32cube.ide.mcu.externaltools.gnu-tools-for-stm32.7-2018-q2-update.win32_1.5.0.202011040924/tools/bin/../lib/gcc/arm-none-eabi/7.3.1/../../../../arm-none-eabi/lib/thumb/v7-m\libc_nano.a(lib_a-strcmp.o)
                0x0000000008000150                strcmp
 .text          0x0000000008000164       0x10 c:/st/stm32cubeide_1.3.0/stm32cubeide/plugins/com.st.stm32cube.ide.mcu.externaltools.gnu-tools-for-stm32.7-2018-q2-update.win32_1.5.0.202011040924/tools/bin/../lib/gcc/arm-none-eabi/7.3.1/../../../../arm-none-eabi/lib/thumb/v7-m\libc_nano.a(lib_a-strlen.o)
                0x0000000008000164                strlen
 *(.text*)
 .text.MX_FREERTOS_Init
                0x0000000008000174       0x24 Core/Src/freertos.o
                0x0000000008000174                MX_FREERTOS_Init
 .text.StartDefaultTask
                0x0000000008000198       0xdc Core/Src/freertos.o
                0x0000000008000198                StartDefaultTask
 .text.MX_GPIO_Init
                0x0000000008000274       0xf0 Core/Src/gpio.o
                0x0000000008000274                MX_GPIO_Init
 .text.SendData
                0x0000000008000364       0x70 Core/Src/main.o
                0x0000000008000364                SendData
 .text.LedsWalk
                0x00000000080003d4       0x8a Core/Src/main.o
                0x00000000080003d4                LedsWalk
 *fill*         0x000000000800045e        0x2 
 .text.ledsStartCheck
                0x0000000008000460       0x78 Core/Src/main.o
                0x0000000008000460                ledsStartCheck
 .text.main     0x00000000080004d8       0x2e Core/Src/main.o
                0x00000000080004d8                main
 .text.SystemClock_Config
                0x0000000008000506       0xba Core/Src/main.o
                0x0000000008000506                SystemClock_Config
 .text.HAL_TIM_PeriodElapsedCallback
                0x00000000080005c0       0x24 Core/Src/main.o
                0x00000000080005c0                HAL_TIM_PeriodElapsedCallback
 .text.Error_Handler
                0x00000000080005e4        0x8 Core/Src/main.o
                0x00000000080005e4                Error_Handler
 .text.MX_RTC_Init
                0x00000000080005ec       0x38 Core/Src/rtc.o
                0x00000000080005ec                MX_RTC_Init
 .text.HAL_RTC_MspInit
                0x0000000008000624       0x48 Core/Src/rtc.o
                0x0000000008000624                HAL_RTC_MspInit
 .text.MX_SPI1_Init
                0x000000000800066c       0x6c Core/Src/spi.o
                0x000000000800066c                MX_SPI1_Init
 .text.MX_SPI2_Init
                0x00000000080006d8       0x6c Core/Src/spi.o
                0x00000000080006d8                MX_SPI2_Init
 .text.HAL_SPI_MspInit
                0x0000000008000744      0x10c Core/Src/spi.o
                0x0000000008000744                HAL_SPI_MspInit
 .text.HAL_MspInit
                0x0000000008000850       0x70 Core/Src/stm32f1xx_hal_msp.o
                0x0000000008000850                HAL_MspInit
 .text.HAL_InitTick
                0x00000000080008c0       0xb0 Core/Src/stm32f1xx_hal_timebase_tim.o
                0x00000000080008c0                HAL_InitTick
 .text.NMI_Handler
                0x0000000008000970        0x6 Core/Src/stm32f1xx_it.o
                0x0000000008000970                NMI_Handler
 *fill*         0x0000000008000976        0x2 
 .text.HardFault_Handler
                0x0000000008000978       0x14 Core/Src/stm32f1xx_it.o
                0x0000000008000978                HardFault_Handler
 .text.MemManage_Handler
                0x000000000800098c        0x6 Core/Src/stm32f1xx_it.o
                0x000000000800098c                MemManage_Handler
 .text.BusFault_Handler
                0x0000000008000992        0x6 Core/Src/stm32f1xx_it.o
                0x0000000008000992                BusFault_Handler
 .text.UsageFault_Handler
                0x0000000008000998        0x6 Core/Src/stm32f1xx_it.o
                0x0000000008000998                UsageFault_Handler
 .text.DebugMon_Handler
                0x000000000800099e        0xc Core/Src/stm32f1xx_it.o
                0x000000000800099e                DebugMon_Handler
 *fill*         0x00000000080009aa        0x2 
 .text.USB_LP_CAN1_RX0_IRQHandler
                0x00000000080009ac       0x14 Core/Src/stm32f1xx_it.o
                0x00000000080009ac                USB_LP_CAN1_RX0_IRQHandler
 .text.TIM4_IRQHandler
                0x00000000080009c0       0x14 Core/Src/stm32f1xx_it.o
                0x00000000080009c0                TIM4_IRQHandler
 .text._sbrk    0x00000000080009d4       0x6c Core/Src/sysmem.o
                0x00000000080009d4                _sbrk
 .text.SystemInit
                0x0000000008000a40        0xc Core/Src/system_stm32f1xx.o
                0x0000000008000a40                SystemInit
 .text.Reset_Handler
                0x0000000008000a4c       0x48 Core/Startup/startup_stm32f103c8tx.o
                0x0000000008000a4c                Reset_Handler
 .text.Default_Handler
                0x0000000008000a94        0x2 Core/Startup/startup_stm32f103c8tx.o
                0x0000000008000a94                RTC_Alarm_IRQHandler
                0x0000000008000a94                EXTI2_IRQHandler
                0x0000000008000a94                TIM1_CC_IRQHandler
                0x0000000008000a94                PVD_IRQHandler
                0x0000000008000a94                EXTI3_IRQHandler
                0x0000000008000a94                EXTI0_IRQHandler
                0x0000000008000a94                I2C2_EV_IRQHandler
                0x0000000008000a94                ADC1_2_IRQHandler
                0x0000000008000a94                SPI1_IRQHandler
                0x0000000008000a94                TAMPER_IRQHandler
                0x0000000008000a94                DMA1_Channel4_IRQHandler
                0x0000000008000a94                USART3_IRQHandler
                0x0000000008000a94                RTC_IRQHandler
                0x0000000008000a94                DMA1_Channel7_IRQHandler
                0x0000000008000a94                CAN1_RX1_IRQHandler
                0x0000000008000a94                I2C1_EV_IRQHandler
                0x0000000008000a94                DMA1_Channel6_IRQHandler
                0x0000000008000a94                TIM3_IRQHandler
                0x0000000008000a94                RCC_IRQHandler
                0x0000000008000a94                TIM1_TRG_COM_IRQHandler
                0x0000000008000a94                DMA1_Channel1_IRQHandler
                0x0000000008000a94                Default_Handler
                0x0000000008000a94                EXTI15_10_IRQHandler
                0x0000000008000a94                EXTI9_5_IRQHandler
                0x0000000008000a94                SPI2_IRQHandler
                0x0000000008000a94                DMA1_Channel5_IRQHandler
                0x0000000008000a94                EXTI4_IRQHandler
                0x0000000008000a94                USB_HP_CAN1_TX_IRQHandler
                0x0000000008000a94                DMA1_Channel3_IRQHandler
                0x0000000008000a94                TIM1_UP_IRQHandler
                0x0000000008000a94                WWDG_IRQHandler
                0x0000000008000a94                TIM2_IRQHandler
                0x0000000008000a94                TIM1_BRK_IRQHandler
                0x0000000008000a94                EXTI1_IRQHandler
                0x0000000008000a94                USART2_IRQHandler
                0x0000000008000a94                I2C2_ER_IRQHandler
                0x0000000008000a94                DMA1_Channel2_IRQHandler
                0x0000000008000a94                CAN1_SCE_IRQHandler
                0x0000000008000a94                FLASH_IRQHandler
                0x0000000008000a94                USART1_IRQHandler
                0x0000000008000a94                I2C1_ER_IRQHandler
                0x0000000008000a94                USBWakeUp_IRQHandler
 *fill*         0x0000000008000a96        0x2 
 .text.HAL_Init
                0x0000000008000a98       0x2c Drivers/STM32F1xx_HAL_Driver/Src/stm32f1xx_hal.o
                0x0000000008000a98                HAL_Init
 .text.HAL_IncTick
                0x0000000008000ac4       0x24 Drivers/STM32F1xx_HAL_Driver/Src/stm32f1xx_hal.o
                0x0000000008000ac4                HAL_IncTick
 .text.HAL_GetTick
                0x0000000008000ae8       0x14 Drivers/STM32F1xx_HAL_Driver/Src/stm32f1xx_hal.o
                0x0000000008000ae8                HAL_GetTick
 .text.HAL_Delay
                0x0000000008000afc       0x44 Drivers/STM32F1xx_HAL_Driver/Src/stm32f1xx_hal.o
                0x0000000008000afc                HAL_Delay
 .text.__NVIC_SetPriorityGrouping
                0x0000000008000b40       0x48 Drivers/STM32F1xx_HAL_Driver/Src/stm32f1xx_hal_cortex.o
 .text.__NVIC_GetPriorityGrouping
                0x0000000008000b88       0x1c Drivers/STM32F1xx_HAL_Driver/Src/stm32f1xx_hal_cortex.o
 .text.__NVIC_EnableIRQ
                0x0000000008000ba4       0x38 Drivers/STM32F1xx_HAL_Driver/Src/stm32f1xx_hal_cortex.o
 .text.__NVIC_SetPriority
                0x0000000008000bdc       0x54 Drivers/STM32F1xx_HAL_Driver/Src/stm32f1xx_hal_cortex.o
 .text.NVIC_EncodePriority
                0x0000000008000c30       0x64 Drivers/STM32F1xx_HAL_Driver/Src/stm32f1xx_hal_cortex.o
 .text.HAL_NVIC_SetPriorityGrouping
                0x0000000008000c94       0x16 Drivers/STM32F1xx_HAL_Driver/Src/stm32f1xx_hal_cortex.o
                0x0000000008000c94                HAL_NVIC_SetPriorityGrouping
 .text.HAL_NVIC_SetPriority
                0x0000000008000caa       0x38 Drivers/STM32F1xx_HAL_Driver/Src/stm32f1xx_hal_cortex.o
                0x0000000008000caa                HAL_NVIC_SetPriority
 .text.HAL_NVIC_EnableIRQ
                0x0000000008000ce2       0x1c Drivers/STM32F1xx_HAL_Driver/Src/stm32f1xx_hal_cortex.o
                0x0000000008000ce2                HAL_NVIC_EnableIRQ
 *fill*         0x0000000008000cfe        0x2 
 .text.HAL_GPIO_Init
                0x0000000008000d00      0x2b4 Drivers/STM32F1xx_HAL_Driver/Src/stm32f1xx_hal_gpio.o
                0x0000000008000d00                HAL_GPIO_Init
 .text.HAL_GPIO_ReadPin
                0x0000000008000fb4       0x2e Drivers/STM32F1xx_HAL_Driver/Src/stm32f1xx_hal_gpio.o
                0x0000000008000fb4                HAL_GPIO_ReadPin
 .text.HAL_GPIO_WritePin
                0x0000000008000fe2       0x30 Drivers/STM32F1xx_HAL_Driver/Src/stm32f1xx_hal_gpio.o
                0x0000000008000fe2                HAL_GPIO_WritePin
 .text.HAL_GPIO_TogglePin
                0x0000000008001012       0x32 Drivers/STM32F1xx_HAL_Driver/Src/stm32f1xx_hal_gpio.o
                0x0000000008001012                HAL_GPIO_TogglePin
 .text.HAL_PCD_Init
                0x0000000008001044      0x216 Drivers/STM32F1xx_HAL_Driver/Src/stm32f1xx_hal_pcd.o
                0x0000000008001044                HAL_PCD_Init
 .text.HAL_PCD_Start
                0x000000000800125a       0x4c Drivers/STM32F1xx_HAL_Driver/Src/stm32f1xx_hal_pcd.o
                0x000000000800125a                HAL_PCD_Start
 .text.HAL_PCD_IRQHandler
                0x00000000080012a6      0x2aa Drivers/STM32F1xx_HAL_Driver/Src/stm32f1xx_hal_pcd.o
                0x00000000080012a6                HAL_PCD_IRQHandler
 .text.HAL_PCD_SetAddress
                0x0000000008001550       0x4a Drivers/STM32F1xx_HAL_Driver/Src/stm32f1xx_hal_pcd.o
                0x0000000008001550                HAL_PCD_SetAddress
 .text.HAL_PCD_EP_Open
                0x000000000800159a       0xcc Drivers/STM32F1xx_HAL_Driver/Src/stm32f1xx_hal_pcd.o
                0x000000000800159a                HAL_PCD_EP_Open
 .text.HAL_PCD_EP_Close
                0x0000000008001666       0x90 Drivers/STM32F1xx_HAL_Driver/Src/stm32f1xx_hal_pcd.o
                0x0000000008001666                HAL_PCD_EP_Close
 .text.HAL_PCD_EP_Receive
                0x00000000080016f6       0x7a Drivers/STM32F1xx_HAL_Driver/Src/stm32f1xx_hal_pcd.o
                0x00000000080016f6                HAL_PCD_EP_Receive
 .text.HAL_PCD_EP_GetRxCount
                0x0000000008001770       0x2e Drivers/STM32F1xx_HAL_Driver/Src/stm32f1xx_hal_pcd.o
                0x0000000008001770                HAL_PCD_EP_GetRxCount
 .text.HAL_PCD_EP_Transmit
                0x000000000800179e       0x86 Drivers/STM32F1xx_HAL_Driver/Src/stm32f1xx_hal_pcd.o
                0x000000000800179e                HAL_PCD_EP_Transmit
 .text.HAL_PCD_EP_SetStall
                0x0000000008001824       0xc0 Drivers/STM32F1xx_HAL_Driver/Src/stm32f1xx_hal_pcd.o
                0x0000000008001824                HAL_PCD_EP_SetStall
 .text.HAL_PCD_EP_ClrStall
                0x00000000080018e4       0xa8 Drivers/STM32F1xx_HAL_Driver/Src/stm32f1xx_hal_pcd.o
                0x00000000080018e4                HAL_PCD_EP_ClrStall
 .text.PCD_EP_ISR_Handler
                0x000000000800198c      0x5e6 Drivers/STM32F1xx_HAL_Driver/Src/stm32f1xx_hal_pcd.o
 .text.HAL_PCD_EP_DB_Receive
                0x0000000008001f72      0x21a Drivers/STM32F1xx_HAL_Driver/Src/stm32f1xx_hal_pcd.o
 .text.HAL_PCD_EP_DB_Transmit
                0x000000000800218c      0x53a Drivers/STM32F1xx_HAL_Driver/Src/stm32f1xx_hal_pcd.o
 .text.HAL_PCDEx_PMAConfig
                0x00000000080026c6       0x84 Drivers/STM32F1xx_HAL_Driver/Src/stm32f1xx_hal_pcd_ex.o
                0x00000000080026c6                HAL_PCDEx_PMAConfig
 *fill*         0x000000000800274a        0x2 
 .text.HAL_PWR_EnableBkUpAccess
                0x000000000800274c       0x18 Drivers/STM32F1xx_HAL_Driver/Src/stm32f1xx_hal_pwr.o
                0x000000000800274c                HAL_PWR_EnableBkUpAccess
 .text.HAL_RCC_OscConfig
                0x0000000008002764      0x500 Drivers/STM32F1xx_HAL_Driver/Src/stm32f1xx_hal_rcc.o
                0x0000000008002764                HAL_RCC_OscConfig
 .text.HAL_RCC_ClockConfig
                0x0000000008002c64      0x1d4 Drivers/STM32F1xx_HAL_Driver/Src/stm32f1xx_hal_rcc.o
                0x0000000008002c64                HAL_RCC_ClockConfig
 .text.HAL_RCC_GetSysClockFreq
                0x0000000008002e38       0xc4 Drivers/STM32F1xx_HAL_Driver/Src/stm32f1xx_hal_rcc.o
                0x0000000008002e38                HAL_RCC_GetSysClockFreq
 .text.HAL_RCC_GetHCLKFreq
                0x0000000008002efc       0x14 Drivers/STM32F1xx_HAL_Driver/Src/stm32f1xx_hal_rcc.o
                0x0000000008002efc                HAL_RCC_GetHCLKFreq
 .text.HAL_RCC_GetPCLK1Freq
                0x0000000008002f10       0x28 Drivers/STM32F1xx_HAL_Driver/Src/stm32f1xx_hal_rcc.o
                0x0000000008002f10                HAL_RCC_GetPCLK1Freq
 .text.HAL_RCC_GetPCLK2Freq
                0x0000000008002f38       0x28 Drivers/STM32F1xx_HAL_Driver/Src/stm32f1xx_hal_rcc.o
                0x0000000008002f38                HAL_RCC_GetPCLK2Freq
 .text.HAL_RCC_GetClockConfig
                0x0000000008002f60       0x60 Drivers/STM32F1xx_HAL_Driver/Src/stm32f1xx_hal_rcc.o
                0x0000000008002f60                HAL_RCC_GetClockConfig
 .text.RCC_Delay
                0x0000000008002fc0       0x3c Drivers/STM32F1xx_HAL_Driver/Src/stm32f1xx_hal_rcc.o
 .text.HAL_RCCEx_PeriphCLKConfig
                0x0000000008002ffc      0x16c Drivers/STM32F1xx_HAL_Driver/Src/stm32f1xx_hal_rcc_ex.o
                0x0000000008002ffc                HAL_RCCEx_PeriphCLKConfig
 .text.HAL_RCCEx_GetPeriphCLKFreq
                0x0000000008003168      0x178 Drivers/STM32F1xx_HAL_Driver/Src/stm32f1xx_hal_rcc_ex.o
                0x0000000008003168                HAL_RCCEx_GetPeriphCLKFreq
 .text.HAL_RTC_Init
                0x00000000080032e0      0x12c Drivers/STM32F1xx_HAL_Driver/Src/stm32f1xx_hal_rtc.o
                0x00000000080032e0                HAL_RTC_Init
 .text.HAL_RTC_WaitForSynchro
                0x000000000800340c       0x5a Drivers/STM32F1xx_HAL_Driver/Src/stm32f1xx_hal_rtc.o
                0x000000000800340c                HAL_RTC_WaitForSynchro
 .text.RTC_EnterInitMode
                0x0000000008003466       0x50 Drivers/STM32F1xx_HAL_Driver/Src/stm32f1xx_hal_rtc.o
 .text.RTC_ExitInitMode
                0x00000000080034b6       0x50 Drivers/STM32F1xx_HAL_Driver/Src/stm32f1xx_hal_rtc.o
 .text.HAL_SPI_Init
                0x0000000008003506      0x108 Drivers/STM32F1xx_HAL_Driver/Src/stm32f1xx_hal_spi.o
                0x0000000008003506                HAL_SPI_Init
 .text.HAL_SPI_Transmit
                0x000000000800360e      0x278 Drivers/STM32F1xx_HAL_Driver/Src/stm32f1xx_hal_spi.o
                0x000000000800360e                HAL_SPI_Transmit
 .text.HAL_SPI_Receive
                0x0000000008003886      0x222 Drivers/STM32F1xx_HAL_Driver/Src/stm32f1xx_hal_spi.o
                0x0000000008003886                HAL_SPI_Receive
 .text.HAL_SPI_TransmitReceive
                0x0000000008003aa8      0x344 Drivers/STM32F1xx_HAL_Driver/Src/stm32f1xx_hal_spi.o
                0x0000000008003aa8                HAL_SPI_TransmitReceive
 .text.SPI_WaitFlagStateUntilTimeout
                0x0000000008003dec      0x110 Drivers/STM32F1xx_HAL_Driver/Src/stm32f1xx_hal_spi.o
 .text.SPI_EndRxTransaction
                0x0000000008003efc       0xa4 Drivers/STM32F1xx_HAL_Driver/Src/stm32f1xx_hal_spi.o
 .text.SPI_EndRxTxTransaction
                0x0000000008003fa0       0x3c Drivers/STM32F1xx_HAL_Driver/Src/stm32f1xx_hal_spi.o
 .text.HAL_TIM_Base_Init
                0x0000000008003fdc       0x9e Drivers/STM32F1xx_HAL_Driver/Src/stm32f1xx_hal_tim.o
                0x0000000008003fdc                HAL_TIM_Base_Init
 .text.HAL_TIM_Base_MspInit
                0x000000000800407a       0x12 Drivers/STM32F1xx_HAL_Driver/Src/stm32f1xx_hal_tim.o
                0x000000000800407a                HAL_TIM_Base_MspInit
 .text.HAL_TIM_Base_Start_IT
                0x000000000800408c       0xa4 Drivers/STM32F1xx_HAL_Driver/Src/stm32f1xx_hal_tim.o
                0x000000000800408c                HAL_TIM_Base_Start_IT
 .text.HAL_TIM_IRQHandler
                0x0000000008004130      0x210 Drivers/STM32F1xx_HAL_Driver/Src/stm32f1xx_hal_tim.o
                0x0000000008004130                HAL_TIM_IRQHandler
 .text.HAL_TIM_OC_DelayElapsedCallback
                0x0000000008004340       0x12 Drivers/STM32F1xx_HAL_Driver/Src/stm32f1xx_hal_tim.o
                0x0000000008004340                HAL_TIM_OC_DelayElapsedCallback
 .text.HAL_TIM_IC_CaptureCallback
                0x0000000008004352       0x12 Drivers/STM32F1xx_HAL_Driver/Src/stm32f1xx_hal_tim.o
                0x0000000008004352                HAL_TIM_IC_CaptureCallback
 .text.HAL_TIM_PWM_PulseFinishedCallback
                0x0000000008004364       0x12 Drivers/STM32F1xx_HAL_Driver/Src/stm32f1xx_hal_tim.o
                0x0000000008004364                HAL_TIM_PWM_PulseFinishedCallback
 .text.HAL_TIM_TriggerCallback
                0x0000000008004376       0x12 Drivers/STM32F1xx_HAL_Driver/Src/stm32f1xx_hal_tim.o
                0x0000000008004376                HAL_TIM_TriggerCallback
 .text.TIM_Base_SetConfig
                0x0000000008004388       0xc4 Drivers/STM32F1xx_HAL_Driver/Src/stm32f1xx_hal_tim.o
                0x0000000008004388                TIM_Base_SetConfig
 .text.HAL_TIMEx_CommutCallback
                0x000000000800444c       0x12 Drivers/STM32F1xx_HAL_Driver/Src/stm32f1xx_hal_tim_ex.o
                0x000000000800444c                HAL_TIMEx_CommutCallback
 .text.HAL_TIMEx_BreakCallback
                0x000000000800445e       0x12 Drivers/STM32F1xx_HAL_Driver/Src/stm32f1xx_hal_tim_ex.o
                0x000000000800445e                HAL_TIMEx_BreakCallback
 .text.USB_CoreInit
                0x0000000008004470       0x20 Drivers/STM32F1xx_HAL_Driver/Src/stm32f1xx_ll_usb.o
                0x0000000008004470                USB_CoreInit
 .text.USB_EnableGlobalInt
                0x0000000008004490       0x2c Drivers/STM32F1xx_HAL_Driver/Src/stm32f1xx_ll_usb.o
                0x0000000008004490                USB_EnableGlobalInt
 .text.USB_DisableGlobalInt
                0x00000000080044bc       0x34 Drivers/STM32F1xx_HAL_Driver/Src/stm32f1xx_ll_usb.o
                0x00000000080044bc                USB_DisableGlobalInt
 .text.USB_SetCurrentMode
                0x00000000080044f0       0x18 Drivers/STM32F1xx_HAL_Driver/Src/stm32f1xx_ll_usb.o
                0x00000000080044f0                USB_SetCurrentMode
 .text.USB_DevInit
                0x0000000008004508       0x40 Drivers/STM32F1xx_HAL_Driver/Src/stm32f1xx_ll_usb.o
                0x0000000008004508                USB_DevInit
 .text.USB_ActivateEndpoint
                0x0000000008004548      0x6d4 Drivers/STM32F1xx_HAL_Driver/Src/stm32f1xx_ll_usb.o
                0x0000000008004548                USB_ActivateEndpoint
 .text.USB_DeactivateEndpoint
                0x0000000008004c1c      0x3d8 Drivers/STM32F1xx_HAL_Driver/Src/stm32f1xx_ll_usb.o
                0x0000000008004c1c                USB_DeactivateEndpoint
 .text.USB_EPStartXfer
                0x0000000008004ff4     0x1240 Drivers/STM32F1xx_HAL_Driver/Src/stm32f1xx_ll_usb.o
                0x0000000008004ff4                USB_EPStartXfer
 .text.USB_EPSetStall
                0x0000000008006234       0xa0 Drivers/STM32F1xx_HAL_Driver/Src/stm32f1xx_ll_usb.o
                0x0000000008006234                USB_EPSetStall
 .text.USB_EPClearStall
                0x00000000080062d4      0x15a Drivers/STM32F1xx_HAL_Driver/Src/stm32f1xx_ll_usb.o
                0x00000000080062d4                USB_EPClearStall
 .text.USB_SetDevAddress
                0x000000000800642e       0x26 Drivers/STM32F1xx_HAL_Driver/Src/stm32f1xx_ll_usb.o
                0x000000000800642e                USB_SetDevAddress
 .text.USB_DevConnect
                0x0000000008006454       0x14 Drivers/STM32F1xx_HAL_Driver/Src/stm32f1xx_ll_usb.o
                0x0000000008006454                USB_DevConnect
 .text.USB_DevDisconnect
                0x0000000008006468       0x14 Drivers/STM32F1xx_HAL_Driver/Src/stm32f1xx_ll_usb.o
                0x0000000008006468                USB_DevDisconnect
 .text.USB_ReadInterrupts
                0x000000000800647c       0x1e Drivers/STM32F1xx_HAL_Driver/Src/stm32f1xx_ll_usb.o
                0x000000000800647c                USB_ReadInterrupts
 .text.USB_EP0_OutStart
                0x000000000800649a       0x16 Drivers/STM32F1xx_HAL_Driver/Src/stm32f1xx_ll_usb.o
                0x000000000800649a                USB_EP0_OutStart
 .text.USB_WritePMA
                0x00000000080064b0       0x88 Drivers/STM32F1xx_HAL_Driver/Src/stm32f1xx_ll_usb.o
                0x00000000080064b0                USB_WritePMA
 .text.USB_ReadPMA
                0x0000000008006538       0x9e Drivers/STM32F1xx_HAL_Driver/Src/stm32f1xx_ll_usb.o
                0x0000000008006538                USB_ReadPMA
 .text.USBD_CDC_Init
                0x00000000080065d6       0xf4 Middlewares/ST/STM32_USB_Device_Library/Class/CDC/Src/usbd_cdc.o
 .text.USBD_CDC_DeInit
                0x00000000080066ca       0x6e Middlewares/ST/STM32_USB_Device_Library/Class/CDC/Src/usbd_cdc.o
 .text.USBD_CDC_Setup
                0x0000000008006738      0x140 Middlewares/ST/STM32_USB_Device_Library/Class/CDC/Src/usbd_cdc.o
 .text.USBD_CDC_DataIn
                0x0000000008006878       0xa6 Middlewares/ST/STM32_USB_Device_Library/Class/CDC/Src/usbd_cdc.o
 .text.USBD_CDC_DataOut
                0x000000000800691e       0x56 Middlewares/ST/STM32_USB_Device_Library/Class/CDC/Src/usbd_cdc.o
 .text.USBD_CDC_EP0_RxReady
                0x0000000008006974       0x50 Middlewares/ST/STM32_USB_Device_Library/Class/CDC/Src/usbd_cdc.o
 .text.USBD_CDC_GetFSCfgDesc
                0x00000000080069c4       0x20 Middlewares/ST/STM32_USB_Device_Library/Class/CDC/Src/usbd_cdc.o
 .text.USBD_CDC_GetHSCfgDesc
                0x00000000080069e4       0x20 Middlewares/ST/STM32_USB_Device_Library/Class/CDC/Src/usbd_cdc.o
 .text.USBD_CDC_GetOtherSpeedCfgDesc
                0x0000000008006a04       0x20 Middlewares/ST/STM32_USB_Device_Library/Class/CDC/Src/usbd_cdc.o
 .text.USBD_CDC_GetDeviceQualifierDescriptor
                0x0000000008006a24       0x20 Middlewares/ST/STM32_USB_Device_Library/Class/CDC/Src/usbd_cdc.o
                0x0000000008006a24                USBD_CDC_GetDeviceQualifierDescriptor
 .text.USBD_CDC_RegisterInterface
                0x0000000008006a44       0x2c Middlewares/ST/STM32_USB_Device_Library/Class/CDC/Src/usbd_cdc.o
                0x0000000008006a44                USBD_CDC_RegisterInterface
 .text.USBD_CDC_SetTxBuffer
                0x0000000008006a70       0x32 Middlewares/ST/STM32_USB_Device_Library/Class/CDC/Src/usbd_cdc.o
                0x0000000008006a70                USBD_CDC_SetTxBuffer
 .text.USBD_CDC_SetRxBuffer
                0x0000000008006aa2       0x26 Middlewares/ST/STM32_USB_Device_Library/Class/CDC/Src/usbd_cdc.o
                0x0000000008006aa2                USBD_CDC_SetRxBuffer
 .text.USBD_CDC_TransmitPacket
                0x0000000008006ac8       0x5e Middlewares/ST/STM32_USB_Device_Library/Class/CDC/Src/usbd_cdc.o
                0x0000000008006ac8                USBD_CDC_TransmitPacket
 .text.USBD_CDC_ReceivePacket
                0x0000000008006b26       0x54 Middlewares/ST/STM32_USB_Device_Library/Class/CDC/Src/usbd_cdc.o
                0x0000000008006b26                USBD_CDC_ReceivePacket
 .text.USBD_Init
                0x0000000008006b7a       0x56 Middlewares/ST/STM32_USB_Device_Library/Core/Src/usbd_core.o
                0x0000000008006b7a                USBD_Init
 .text.USBD_RegisterClass
                0x0000000008006bd0       0x32 Middlewares/ST/STM32_USB_Device_Library/Core/Src/usbd_core.o
                0x0000000008006bd0                USBD_RegisterClass
 .text.USBD_Start
                0x0000000008006c02       0x18 Middlewares/ST/STM32_USB_Device_Library/Core/Src/usbd_core.o
                0x0000000008006c02                USBD_Start
 .text.USBD_RunTestMode
                0x0000000008006c1a       0x14 Middlewares/ST/STM32_USB_Device_Library/Core/Src/usbd_core.o
                0x0000000008006c1a                USBD_RunTestMode
 .text.USBD_SetClassConfig
                0x0000000008006c2e       0x3e Middlewares/ST/STM32_USB_Device_Library/Core/Src/usbd_core.o
                0x0000000008006c2e                USBD_SetClassConfig
 .text.USBD_ClrClassConfig
                0x0000000008006c6c       0x26 Middlewares/ST/STM32_USB_Device_Library/Core/Src/usbd_core.o
                0x0000000008006c6c                USBD_ClrClassConfig
 .text.USBD_LL_SetupStage
                0x0000000008006c92       0x96 Middlewares/ST/STM32_USB_Device_Library/Core/Src/usbd_core.o
                0x0000000008006c92                USBD_LL_SetupStage
 .text.USBD_LL_DataOutStage
                0x0000000008006d28       0xe2 Middlewares/ST/STM32_USB_Device_Library/Core/Src/usbd_core.o
                0x0000000008006d28                USBD_LL_DataOutStage
 .text.USBD_LL_DataInStage
                0x0000000008006e0a      0x14a Middlewares/ST/STM32_USB_Device_Library/Core/Src/usbd_core.o
                0x0000000008006e0a                USBD_LL_DataInStage
 .text.USBD_LL_Reset
                0x0000000008006f54       0x82 Middlewares/ST/STM32_USB_Device_Library/Core/Src/usbd_core.o
                0x0000000008006f54                USBD_LL_Reset
 .text.USBD_LL_SetSpeed
                0x0000000008006fd6       0x1e Middlewares/ST/STM32_USB_Device_Library/Core/Src/usbd_core.o
                0x0000000008006fd6                USBD_LL_SetSpeed
 .text.USBD_LL_Suspend
                0x0000000008006ff4       0x28 Middlewares/ST/STM32_USB_Device_Library/Core/Src/usbd_core.o
                0x0000000008006ff4                USBD_LL_Suspend
 .text.USBD_LL_Resume
                0x000000000800701c       0x2a Middlewares/ST/STM32_USB_Device_Library/Core/Src/usbd_core.o
                0x000000000800701c                USBD_LL_Resume
 .text.USBD_LL_SOF
                0x0000000008007046       0x34 Middlewares/ST/STM32_USB_Device_Library/Core/Src/usbd_core.o
                0x0000000008007046                USBD_LL_SOF
 *fill*         0x000000000800707a        0x2 
 .text.USBD_StdDevReq
                0x000000000800707c       0xd4 Middlewares/ST/STM32_USB_Device_Library/Core/Src/usbd_ctlreq.o
                0x000000000800707c                USBD_StdDevReq
 .text.USBD_StdItfReq
                0x0000000008007150       0x8c Middlewares/ST/STM32_USB_Device_Library/Core/Src/usbd_ctlreq.o
                0x0000000008007150                USBD_StdItfReq
 .text.USBD_StdEPReq
                0x00000000080071dc      0x2ba Middlewares/ST/STM32_USB_Device_Library/Core/Src/usbd_ctlreq.o
                0x00000000080071dc                USBD_StdEPReq
 *fill*         0x0000000008007496        0x2 
 .text.USBD_GetDescriptor
                0x0000000008007498      0x2d0 Middlewares/ST/STM32_USB_Device_Library/Core/Src/usbd_ctlreq.o
 .text.USBD_SetAddress
                0x0000000008007768       0x84 Middlewares/ST/STM32_USB_Device_Library/Core/Src/usbd_ctlreq.o
 .text.USBD_SetConfig
                0x00000000080077ec      0x11c Middlewares/ST/STM32_USB_Device_Library/Core/Src/usbd_ctlreq.o
 .text.USBD_GetConfig
                0x0000000008007908       0x68 Middlewares/ST/STM32_USB_Device_Library/Core/Src/usbd_ctlreq.o
 .text.USBD_GetStatus
                0x0000000008007970       0x66 Middlewares/ST/STM32_USB_Device_Library/Core/Src/usbd_ctlreq.o
 .text.USBD_SetFeature
                0x00000000080079d6       0x28 Middlewares/ST/STM32_USB_Device_Library/Core/Src/usbd_ctlreq.o
 .text.USBD_ClrFeature
                0x00000000080079fe       0x42 Middlewares/ST/STM32_USB_Device_Library/Core/Src/usbd_ctlreq.o
 .text.USBD_ParseSetupRequest
                0x0000000008007a40       0x78 Middlewares/ST/STM32_USB_Device_Library/Core/Src/usbd_ctlreq.o
                0x0000000008007a40                USBD_ParseSetupRequest
 .text.USBD_CtlError
                0x0000000008007ab8       0x22 Middlewares/ST/STM32_USB_Device_Library/Core/Src/usbd_ctlreq.o
                0x0000000008007ab8                USBD_CtlError
 .text.USBD_GetString
                0x0000000008007ada       0x84 Middlewares/ST/STM32_USB_Device_Library/Core/Src/usbd_ctlreq.o
                0x0000000008007ada                USBD_GetString
 .text.USBD_GetLen
                0x0000000008007b5e       0x2e Middlewares/ST/STM32_USB_Device_Library/Core/Src/usbd_ctlreq.o
 .text.USBD_CtlSendData
                0x0000000008007b8c       0x38 Middlewares/ST/STM32_USB_Device_Library/Core/Src/usbd_ioreq.o
                0x0000000008007b8c                USBD_CtlSendData
 .text.USBD_CtlContinueSendData
                0x0000000008007bc4       0x24 Middlewares/ST/STM32_USB_Device_Library/Core/Src/usbd_ioreq.o
                0x0000000008007bc4                USBD_CtlContinueSendData
 .text.USBD_CtlPrepareRx
                0x0000000008007be8       0x3c Middlewares/ST/STM32_USB_Device_Library/Core/Src/usbd_ioreq.o
                0x0000000008007be8                USBD_CtlPrepareRx
 .text.USBD_CtlContinueRx
                0x0000000008007c24       0x24 Middlewares/ST/STM32_USB_Device_Library/Core/Src/usbd_ioreq.o
                0x0000000008007c24                USBD_CtlContinueRx
 .text.USBD_CtlSendStatus
                0x0000000008007c48       0x26 Middlewares/ST/STM32_USB_Device_Library/Core/Src/usbd_ioreq.o
                0x0000000008007c48                USBD_CtlSendStatus
 .text.USBD_CtlReceiveStatus
                0x0000000008007c6e       0x26 Middlewares/ST/STM32_USB_Device_Library/Core/Src/usbd_ioreq.o
                0x0000000008007c6e                USBD_CtlReceiveStatus
 .text.osKernelInitialize
                0x0000000008007c94       0x64 Middlewares/Third_Party/FreeRTOS/Source/CMSIS_RTOS_V2/cmsis_os2.o
                0x0000000008007c94                osKernelInitialize
 .text.osKernelStart
                0x0000000008007cf8       0x68 Middlewares/Third_Party/FreeRTOS/Source/CMSIS_RTOS_V2/cmsis_os2.o
                0x0000000008007cf8                osKernelStart
 .text.osThreadNew
                0x0000000008007d60      0x154 Middlewares/Third_Party/FreeRTOS/Source/CMSIS_RTOS_V2/cmsis_os2.o
                0x0000000008007d60                osThreadNew
 .text.osDelay  0x0000000008007eb4       0x5c Middlewares/Third_Party/FreeRTOS/Source/CMSIS_RTOS_V2/cmsis_os2.o
                0x0000000008007eb4                osDelay
 .text.vApplicationGetIdleTaskMemory
                0x0000000008007f10       0x30 Middlewares/Third_Party/FreeRTOS/Source/CMSIS_RTOS_V2/cmsis_os2.o
                0x0000000008007f10                vApplicationGetIdleTaskMemory
 .text.vApplicationGetTimerTaskMemory
                0x0000000008007f40       0x30 Middlewares/Third_Party/FreeRTOS/Source/CMSIS_RTOS_V2/cmsis_os2.o
                0x0000000008007f40                vApplicationGetTimerTaskMemory
 .text.vListInitialise
                0x0000000008007f70       0x3e Middlewares/Third_Party/FreeRTOS/Source/list.o
                0x0000000008007f70                vListInitialise
 .text.vListInitialiseItem
                0x0000000008007fae       0x18 Middlewares/Third_Party/FreeRTOS/Source/list.o
                0x0000000008007fae                vListInitialiseItem
 .text.vListInsertEnd
                0x0000000008007fc6       0x46 Middlewares/Third_Party/FreeRTOS/Source/list.o
                0x0000000008007fc6                vListInsertEnd
 .text.vListInsert
                0x000000000800800c       0x70 Middlewares/Third_Party/FreeRTOS/Source/list.o
                0x000000000800800c                vListInsert
 .text.uxListRemove
                0x000000000800807c       0x52 Middlewares/Third_Party/FreeRTOS/Source/list.o
                0x000000000800807c                uxListRemove
 *fill*         0x00000000080080ce        0x2 
 .text.xQueueGenericReset
                0x00000000080080d0       0xd0 Middlewares/Third_Party/FreeRTOS/Source/queue.o
                0x00000000080080d0                xQueueGenericReset
 .text.xQueueGenericCreateStatic
                0x00000000080081a0       0xe4 Middlewares/Third_Party/FreeRTOS/Source/queue.o
                0x00000000080081a0                xQueueGenericCreateStatic
 .text.prvInitialiseNewQueue
                0x0000000008008284       0x46 Middlewares/Third_Party/FreeRTOS/Source/queue.o
 *fill*         0x00000000080082ca        0x2 
 .text.xQueueGenericSend
                0x00000000080082cc      0x1f4 Middlewares/Third_Party/FreeRTOS/Source/queue.o
                0x00000000080082cc                xQueueGenericSend
 .text.xQueueGenericSendFromISR
                0x00000000080084c0      0x128 Middlewares/Third_Party/FreeRTOS/Source/queue.o
                0x00000000080084c0                xQueueGenericSendFromISR
 .text.xQueueReceive
                0x00000000080085e8      0x1b8 Middlewares/Third_Party/FreeRTOS/Source/queue.o
                0x00000000080085e8                xQueueReceive
 .text.prvCopyDataToQueue
                0x00000000080087a0       0xd4 Middlewares/Third_Party/FreeRTOS/Source/queue.o
 .text.prvCopyDataFromQueue
                0x0000000008008874       0x4c Middlewares/Third_Party/FreeRTOS/Source/queue.o
 .text.prvUnlockQueue
                0x00000000080088c0       0xa4 Middlewares/Third_Party/FreeRTOS/Source/queue.o
 .text.prvIsQueueEmpty
                0x0000000008008964       0x2c Middlewares/Third_Party/FreeRTOS/Source/queue.o
 .text.prvIsQueueFull
                0x0000000008008990       0x30 Middlewares/Third_Party/FreeRTOS/Source/queue.o
 .text.vQueueAddToRegistry
                0x00000000080089c0       0x50 Middlewares/Third_Party/FreeRTOS/Source/queue.o
                0x00000000080089c0                vQueueAddToRegistry
 .text.vQueueWaitForMessageRestricted
                0x0000000008008a10       0x68 Middlewares/Third_Party/FreeRTOS/Source/queue.o
                0x0000000008008a10                vQueueWaitForMessageRestricted
 .text.xTaskCreateStatic
                0x0000000008008a78       0xb2 Middlewares/Third_Party/FreeRTOS/Source/tasks.o
                0x0000000008008a78                xTaskCreateStatic
 .text.xTaskCreate
                0x0000000008008b2a       0x8a Middlewares/Third_Party/FreeRTOS/Source/tasks.o
                0x0000000008008b2a                xTaskCreate
 .text.prvInitialiseNewTask
                0x0000000008008bb4      0x10c Middlewares/Third_Party/FreeRTOS/Source/tasks.o
 .text.prvAddNewTaskToReadyList
                0x0000000008008cc0       0xe0 Middlewares/Third_Party/FreeRTOS/Source/tasks.o
 .text.vTaskDelay
                0x0000000008008da0       0x68 Middlewares/Third_Party/FreeRTOS/Source/tasks.o
                0x0000000008008da0                vTaskDelay
 .text.vTaskStartScheduler
                0x0000000008008e08       0xc8 Middlewares/Third_Party/FreeRTOS/Source/tasks.o
                0x0000000008008e08                vTaskStartScheduler
 .text.vTaskSuspendAll
                0x0000000008008ed0       0x1c Middlewares/Third_Party/FreeRTOS/Source/tasks.o
                0x0000000008008ed0                vTaskSuspendAll
 .text.xTaskResumeAll
                0x0000000008008eec      0x138 Middlewares/Third_Party/FreeRTOS/Source/tasks.o
                0x0000000008008eec                xTaskResumeAll
 .text.xTaskGetTickCount
                0x0000000008009024       0x1c Middlewares/Third_Party/FreeRTOS/Source/tasks.o
                0x0000000008009024                xTaskGetTickCount
 .text.xTaskIncrementTick
                0x0000000008009040      0x17c Middlewares/Third_Party/FreeRTOS/Source/tasks.o
                0x0000000008009040                xTaskIncrementTick
 .text.vTaskSwitchContext
                0x00000000080091bc       0xb8 Middlewares/Third_Party/FreeRTOS/Source/tasks.o
                0x00000000080091bc                vTaskSwitchContext
 .text.vTaskPlaceOnEventList
                0x0000000008009274       0x48 Middlewares/Third_Party/FreeRTOS/Source/tasks.o
                0x0000000008009274                vTaskPlaceOnEventList
 .text.vTaskPlaceOnEventListRestricted
                0x00000000080092bc       0x54 Middlewares/Third_Party/FreeRTOS/Source/tasks.o
                0x00000000080092bc                vTaskPlaceOnEventListRestricted
 .text.xTaskRemoveFromEventList
                0x0000000008009310       0xc4 Middlewares/Third_Party/FreeRTOS/Source/tasks.o
                0x0000000008009310                xTaskRemoveFromEventList
 .text.vTaskInternalSetTimeOutState
                0x00000000080093d4       0x2c Middlewares/Third_Party/FreeRTOS/Source/tasks.o
                0x00000000080093d4                vTaskInternalSetTimeOutState
 .text.xTaskCheckForTimeOut
                0x0000000008009400       0xc0 Middlewares/Third_Party/FreeRTOS/Source/tasks.o
                0x0000000008009400                xTaskCheckForTimeOut
 .text.vTaskMissedYield
                0x00000000080094c0       0x18 Middlewares/Third_Party/FreeRTOS/Source/tasks.o
                0x00000000080094c0                vTaskMissedYield
 .text.prvIdleTask
                0x00000000080094d8       0x30 Middlewares/Third_Party/FreeRTOS/Source/tasks.o
 .text.prvInitialiseTaskLists
                0x0000000008009508       0x80 Middlewares/Third_Party/FreeRTOS/Source/tasks.o
 .text.prvCheckTasksWaitingTermination
                0x0000000008009588       0x58 Middlewares/Third_Party/FreeRTOS/Source/tasks.o
 .text.prvDeleteTCB
                0x00000000080095e0       0x5c Middlewares/Third_Party/FreeRTOS/Source/tasks.o
 .text.prvResetNextTaskUnblockTime
                0x000000000800963c       0x48 Middlewares/Third_Party/FreeRTOS/Source/tasks.o
 .text.xTaskGetSchedulerState
                0x0000000008009684       0x3c Middlewares/Third_Party/FreeRTOS/Source/tasks.o
                0x0000000008009684                xTaskGetSchedulerState
 .text.xTaskPriorityDisinherit
                0x00000000080096c0       0xd8 Middlewares/Third_Party/FreeRTOS/Source/tasks.o
                0x00000000080096c0                xTaskPriorityDisinherit
 .text.prvAddCurrentTaskToDelayedList
                0x0000000008009798       0xa8 Middlewares/Third_Party/FreeRTOS/Source/tasks.o
 .text.xTimerCreateTimerTask
                0x0000000008009840       0x90 Middlewares/Third_Party/FreeRTOS/Source/timers.o
                0x0000000008009840                xTimerCreateTimerTask
 .text.xTimerGenericCommand
                0x00000000080098d0       0x98 Middlewares/Third_Party/FreeRTOS/Source/timers.o
                0x00000000080098d0                xTimerGenericCommand
 .text.prvProcessExpiredTimer
                0x0000000008009968       0x80 Middlewares/Third_Party/FreeRTOS/Source/timers.o
 .text.prvTimerTask
                0x00000000080099e8       0x24 Middlewares/Third_Party/FreeRTOS/Source/timers.o
 .text.prvProcessTimerOrBlockTask
                0x0000000008009a0c       0x9c Middlewares/Third_Party/FreeRTOS/Source/timers.o
 .text.prvGetNextExpireTime
                0x0000000008009aa8       0x48 Middlewares/Third_Party/FreeRTOS/Source/timers.o
 .text.prvSampleTimeNow
                0x0000000008009af0       0x40 Middlewares/Third_Party/FreeRTOS/Source/timers.o
 .text.prvInsertTimerInActiveList
                0x0000000008009b30       0x84 Middlewares/Third_Party/FreeRTOS/Source/timers.o
 .text.prvProcessReceivedCommands
                0x0000000008009bb4      0x160 Middlewares/Third_Party/FreeRTOS/Source/timers.o
 .text.prvSwitchTimerLists
                0x0000000008009d14       0xc0 Middlewares/Third_Party/FreeRTOS/Source/timers.o
 .text.prvCheckForValidListAndQueue
                0x0000000008009dd4       0x80 Middlewares/Third_Party/FreeRTOS/Source/timers.o
 .text.pxPortInitialiseStack
                0x0000000008009e54       0x58 Middlewares/Third_Party/FreeRTOS/Source/portable/GCC/ARM_CM3/port.o
                0x0000000008009e54                pxPortInitialiseStack
 .text.prvTaskExitError
                0x0000000008009eac       0x50 Middlewares/Third_Party/FreeRTOS/Source/portable/GCC/ARM_CM3/port.o
 *fill*         0x0000000008009efc        0x4 
 .text.SVC_Handler
                0x0000000008009f00       0x28 Middlewares/Third_Party/FreeRTOS/Source/portable/GCC/ARM_CM3/port.o
                0x0000000008009f00                SVC_Handler
 .text.prvPortStartFirstTask
                0x0000000008009f28       0x20 Middlewares/Third_Party/FreeRTOS/Source/portable/GCC/ARM_CM3/port.o
 .text.xPortStartScheduler
                0x0000000008009f48       0xe0 Middlewares/Third_Party/FreeRTOS/Source/portable/GCC/ARM_CM3/port.o
                0x0000000008009f48                xPortStartScheduler
 .text.vPortEnterCritical
                0x000000000800a028       0x5c Middlewares/Third_Party/FreeRTOS/Source/portable/GCC/ARM_CM3/port.o
                0x000000000800a028                vPortEnterCritical
 .text.vPortExitCritical
                0x000000000800a084       0x4c Middlewares/Third_Party/FreeRTOS/Source/portable/GCC/ARM_CM3/port.o
                0x000000000800a084                vPortExitCritical
 .text.PendSV_Handler
                0x000000000800a0d0       0x48 Middlewares/Third_Party/FreeRTOS/Source/portable/GCC/ARM_CM3/port.o
                0x000000000800a0d0                PendSV_Handler
 .text.SysTick_Handler
                0x000000000800a118       0x40 Middlewares/Third_Party/FreeRTOS/Source/portable/GCC/ARM_CM3/port.o
                0x000000000800a118                SysTick_Handler
 .text.vPortSetupTimerInterrupt
                0x000000000800a158       0x44 Middlewares/Third_Party/FreeRTOS/Source/portable/GCC/ARM_CM3/port.o
                0x000000000800a158                vPortSetupTimerInterrupt
 .text.vPortValidateInterruptPriority
                0x000000000800a19c       0x78 Middlewares/Third_Party/FreeRTOS/Source/portable/GCC/ARM_CM3/port.o
                0x000000000800a19c                vPortValidateInterruptPriority
 .text.pvPortMalloc
                0x000000000800a214      0x184 Middlewares/Third_Party/FreeRTOS/Source/portable/MemMang/heap_4.o
                0x000000000800a214                pvPortMalloc
 .text.vPortFree
                0x000000000800a398       0xb0 Middlewares/Third_Party/FreeRTOS/Source/portable/MemMang/heap_4.o
                0x000000000800a398                vPortFree
 .text.prvHeapInit
                0x000000000800a448       0xc4 Middlewares/Third_Party/FreeRTOS/Source/portable/MemMang/heap_4.o
 .text.prvInsertBlockIntoFreeList
                0x000000000800a50c       0xb0 Middlewares/Third_Party/FreeRTOS/Source/portable/MemMang/heap_4.o
 .text.ResetUsbConnection
                0x000000000800a5bc       0x64 USB_DEVICE/App/usb_device.o
                0x000000000800a5bc                ResetUsbConnection
 .text.MX_USB_DEVICE_Init
                0x000000000800a620       0x64 USB_DEVICE/App/usb_device.o
                0x000000000800a620                MX_USB_DEVICE_Init
 .text.CDC_Init_FS
                0x000000000800a684       0x28 USB_DEVICE/App/usbd_cdc_if.o
 .text.CDC_DeInit_FS
                0x000000000800a6ac        0xe USB_DEVICE/App/usbd_cdc_if.o
 *fill*         0x000000000800a6ba        0x2 
 .text.CDC_Control_FS
                0x000000000800a6bc       0xbc USB_DEVICE/App/usbd_cdc_if.o
 .text.CDC_Receive_FS
                0x000000000800a778       0x1c USB_DEVICE/App/usbd_cdc_if.o
 .text.CDC_Transmit_FS
                0x000000000800a794       0x4c USB_DEVICE/App/usbd_cdc_if.o
                0x000000000800a794                CDC_Transmit_FS
 .text.CDC_Receive_FS_ProcessNext
                0x000000000800a7e0       0x24 USB_DEVICE/App/usbd_cdc_if.o
                0x000000000800a7e0                CDC_Receive_FS_ProcessNext
 .text.USBD_FS_DeviceDescriptor
                0x000000000800a804       0x24 USB_DEVICE/App/usbd_desc.o
                0x000000000800a804                USBD_FS_DeviceDescriptor
 .text.USBD_FS_LangIDStrDescriptor
                0x000000000800a828       0x24 USB_DEVICE/App/usbd_desc.o
                0x000000000800a828                USBD_FS_LangIDStrDescriptor
 .text.USBD_FS_ProductStrDescriptor
                0x000000000800a84c       0x3c USB_DEVICE/App/usbd_desc.o
                0x000000000800a84c                USBD_FS_ProductStrDescriptor
 .text.USBD_FS_ManufacturerStrDescriptor
                0x000000000800a888       0x28 USB_DEVICE/App/usbd_desc.o
                0x000000000800a888                USBD_FS_ManufacturerStrDescriptor
 .text.USBD_FS_SerialStrDescriptor
                0x000000000800a8b0       0x24 USB_DEVICE/App/usbd_desc.o
                0x000000000800a8b0                USBD_FS_SerialStrDescriptor
 .text.USBD_FS_ConfigStrDescriptor
                0x000000000800a8d4       0x3c USB_DEVICE/App/usbd_desc.o
                0x000000000800a8d4                USBD_FS_ConfigStrDescriptor
 .text.USBD_FS_InterfaceStrDescriptor
                0x000000000800a910       0x3c USB_DEVICE/App/usbd_desc.o
                0x000000000800a910                USBD_FS_InterfaceStrDescriptor
 .text.Get_SerialNum
                0x000000000800a94c       0x58 USB_DEVICE/App/usbd_desc.o
 .text.IntToUnicode
                0x000000000800a9a4       0x7a USB_DEVICE/App/usbd_desc.o
 *fill*         0x000000000800aa1e        0x2 
 .text.HAL_PCD_MspInit
                0x000000000800aa20       0x4c USB_DEVICE/Target/usbd_conf.o
                0x000000000800aa20                HAL_PCD_MspInit
 .text.HAL_PCD_SetupStageCallback
                0x000000000800aa6c       0x24 USB_DEVICE/Target/usbd_conf.o
                0x000000000800aa6c                HAL_PCD_SetupStageCallback
 .text.HAL_PCD_DataOutStageCallback
                0x000000000800aa90       0x36 USB_DEVICE/Target/usbd_conf.o
                0x000000000800aa90                HAL_PCD_DataOutStageCallback
 .text.HAL_PCD_DataInStageCallback
                0x000000000800aac6       0x34 USB_DEVICE/Target/usbd_conf.o
                0x000000000800aac6                HAL_PCD_DataInStageCallback
 .text.HAL_PCD_SOFCallback
                0x000000000800aafa       0x1c USB_DEVICE/Target/usbd_conf.o
                0x000000000800aafa                HAL_PCD_SOFCallback
 .text.HAL_PCD_ResetCallback
                0x000000000800ab16       0x3c USB_DEVICE/Target/usbd_conf.o
                0x000000000800ab16                HAL_PCD_ResetCallback
 *fill*         0x000000000800ab52        0x2 
 .text.HAL_PCD_SuspendCallback
                0x000000000800ab54       0x34 USB_DEVICE/Target/usbd_conf.o
                0x000000000800ab54                HAL_PCD_SuspendCallback
 .text.HAL_PCD_ResumeCallback
                0x000000000800ab88       0x1c USB_DEVICE/Target/usbd_conf.o
                0x000000000800ab88                HAL_PCD_ResumeCallback
 .text.USBD_LL_Init
                0x000000000800aba4       0xb4 USB_DEVICE/Target/usbd_conf.o
                0x000000000800aba4                USBD_LL_Init
 .text.USBD_LL_Start
                0x000000000800ac58       0x36 USB_DEVICE/Target/usbd_conf.o
                0x000000000800ac58                USBD_LL_Start
 .text.USBD_LL_OpenEP
                0x000000000800ac8e       0x4c USB_DEVICE/Target/usbd_conf.o
                0x000000000800ac8e                USBD_LL_OpenEP
 .text.USBD_LL_CloseEP
                0x000000000800acda       0x3e USB_DEVICE/Target/usbd_conf.o
                0x000000000800acda                USBD_LL_CloseEP
 .text.USBD_LL_StallEP
                0x000000000800ad18       0x3e USB_DEVICE/Target/usbd_conf.o
                0x000000000800ad18                USBD_LL_StallEP
 .text.USBD_LL_ClearStallEP
                0x000000000800ad56       0x3e USB_DEVICE/Target/usbd_conf.o
                0x000000000800ad56                USBD_LL_ClearStallEP
 .text.USBD_LL_IsStallEP
                0x000000000800ad94       0x58 USB_DEVICE/Target/usbd_conf.o
                0x000000000800ad94                USBD_LL_IsStallEP
 .text.USBD_LL_SetUSBAddress
                0x000000000800adec       0x3e USB_DEVICE/Target/usbd_conf.o
                0x000000000800adec                USBD_LL_SetUSBAddress
 .text.USBD_LL_Transmit
                0x000000000800ae2a       0x46 USB_DEVICE/Target/usbd_conf.o
                0x000000000800ae2a                USBD_LL_Transmit
 .text.USBD_LL_PrepareReceive
                0x000000000800ae70       0x46 USB_DEVICE/Target/usbd_conf.o
                0x000000000800ae70                USBD_LL_PrepareReceive
 .text.USBD_LL_GetRxDataSize
                0x000000000800aeb6       0x26 USB_DEVICE/Target/usbd_conf.o
                0x000000000800aeb6                USBD_LL_GetRxDataSize
 .text.USBD_static_malloc
                0x000000000800aedc       0x18 USB_DEVICE/Target/usbd_conf.o
                0x000000000800aedc                USBD_static_malloc
 .text.USBD_static_free
                0x000000000800aef4       0x12 USB_DEVICE/Target/usbd_conf.o
                0x000000000800aef4                USBD_static_free
 .text.HAL_PCDEx_SetConnectionState
                0x000000000800af06       0x16 USB_DEVICE/Target/usbd_conf.o
                0x000000000800af06                HAL_PCDEx_SetConnectionState
 .text.USBD_Get_USB_Status
                0x000000000800af1c       0x58 USB_DEVICE/Target/usbd_conf.o
 .text.EEPROM_SPI_INIT
                0x000000000800af74       0x1c holse/STM32_EEPROM_SPI.o
                0x000000000800af74                EEPROM_SPI_INIT
 .text.EEPROM_SPI_WritePage
                0x000000000800af90       0xb8 holse/STM32_EEPROM_SPI.o
                0x000000000800af90                EEPROM_SPI_WritePage
 .text.EEPROM_SPI_WriteBuffer
                0x000000000800b048      0x1ea holse/STM32_EEPROM_SPI.o
                0x000000000800b048                EEPROM_SPI_WriteBuffer
 *fill*         0x000000000800b232        0x2 
 .text.EEPROM_SPI_ReadBuffer
                0x000000000800b234       0x88 holse/STM32_EEPROM_SPI.o
                0x000000000800b234                EEPROM_SPI_ReadBuffer
 .text.sEE_WriteEnable
                0x000000000800b2bc       0x34 holse/STM32_EEPROM_SPI.o
                0x000000000800b2bc                sEE_WriteEnable
 .text.sEE_WriteDisable
                0x000000000800b2f0       0x34 holse/STM32_EEPROM_SPI.o
                0x000000000800b2f0                sEE_WriteDisable
 .text.EEPROM_SPI_WaitStandbyState
                0x000000000800b324       0x6c holse/STM32_EEPROM_SPI.o
                0x000000000800b324                EEPROM_SPI_WaitStandbyState
 .text.EEPROM_SPI_SendInstruction
                0x000000000800b390       0x48 holse/STM32_EEPROM_SPI.o
                0x000000000800b390                EEPROM_SPI_SendInstruction
 .text.setInput
                0x000000000800b3d8       0x54 holse/config.o
                0x000000000800b3d8                setInput
 .text.setInputClick
                0x000000000800b42c       0x5c holse/config.o
                0x000000000800b42c                setInputClick
 .text.setInputDoubleClick
                0x000000000800b488       0x5c holse/config.o
                0x000000000800b488                setInputDoubleClick
 .text.setInputLPress
                0x000000000800b4e4       0x5c holse/config.o
                0x000000000800b4e4                setInputLPress
 .text.setConfigTimer
                0x000000000800b540       0x54 holse/config.o
                0x000000000800b540                setConfigTimer
 .text.getInput
                0x000000000800b594       0x28 holse/config.o
                0x000000000800b594                getInput
 .text.getInputClick
                0x000000000800b5bc       0x2c holse/config.o
                0x000000000800b5bc                getInputClick
 .text.getInputDoubleClick
                0x000000000800b5e8       0x2c holse/config.o
                0x000000000800b5e8                getInputDoubleClick
 .text.getInputLPress
                0x000000000800b614       0x2c holse/config.o
                0x000000000800b614                getInputLPress
 .text.getConfigTimer
                0x000000000800b640       0x34 holse/config.o
                0x000000000800b640                getConfigTimer
 .text.loadFromFlash
                0x000000000800b674       0xb4 holse/config.o
                0x000000000800b674                loadFromFlash
 .text.saveToFlash
                0x000000000800b728       0x54 holse/config.o
                0x000000000800b728                saveToFlash
 .text.print    0x000000000800b77c       0x30 holse/cons.o
                0x000000000800b77c                print
 .text.printHelpCommands
                0x000000000800b7ac       0x64 holse/cons.o
                0x000000000800b7ac                printHelpCommands
 .text.cmdHelp  0x000000000800b810       0x98 holse/cons.o
                0x000000000800b810                cmdHelp
 .text.convertToInt
                0x000000000800b8a8       0xb2 holse/cons.o
                0x000000000800b8a8                convertToInt
 *fill*         0x000000000800b95a        0x2 
 .text.printOp  0x000000000800b95c       0x74 holse/cons.o
                0x000000000800b95c                printOp
 .text.printHex
                0x000000000800b9d0       0x2c holse/cons.o
                0x000000000800b9d0                printHex
 .text.printDec
                0x000000000800b9fc       0x2c holse/cons.o
                0x000000000800b9fc                printDec
 .text.printOutputState
                0x000000000800ba28       0x58 holse/cons.o
                0x000000000800ba28                printOutputState
 .text.printConfigInput1Op
                0x000000000800ba80       0x6c holse/cons.o
                0x000000000800ba80                printConfigInput1Op
 .text.printConfigInput
                0x000000000800baec       0xd8 holse/cons.o
                0x000000000800baec                printConfigInput
 .text.printConfigTimer
                0x000000000800bbc4       0x90 holse/cons.o
                0x000000000800bbc4                printConfigTimer
 .text.cmdInput
                0x000000000800bc54      0x228 holse/cons.o
                0x000000000800bc54                cmdInput
 .text.cmdTimer
                0x000000000800be7c       0xa4 holse/cons.o
                0x000000000800be7c                cmdTimer
 .text.cmdShow  0x000000000800bf20      0x198 holse/cons.o
                0x000000000800bf20                cmdShow
 .text.cmdOutput
                0x000000000800c0b8       0xb0 holse/cons.o
                0x000000000800c0b8                cmdOutput
 .text.cmdSave  0x000000000800c168       0x2c holse/cons.o
                0x000000000800c168                cmdSave
 .text.putBufPtr
                0x000000000800c194       0x28 holse/cons.o
                0x000000000800c194                putBufPtr
 .text.consThread
                0x000000000800c1bc       0x7c holse/cons.o
                0x000000000800c1bc                consThread
 .text.consInit
                0x000000000800c238       0x2c holse/cons.o
                0x000000000800c238                consInit
 .text.initCLI  0x000000000800c264       0x28 holse/emCLI.o
                0x000000000800c264                initCLI
 .text.printCh  0x000000000800c28c       0x38 holse/emCLI.o
                0x000000000800c28c                printCh
 .text.redrawLineAfterCursor
                0x000000000800c2c4       0x4c holse/emCLI.o
                0x000000000800c2c4                redrawLineAfterCursor
 .text.redrawCursor
                0x000000000800c310       0x3c holse/emCLI.o
                0x000000000800c310                redrawCursor
 .text.histClean
                0x000000000800c34c       0x94 holse/emCLI.o
                0x000000000800c34c                histClean
 .text.histPutIn
                0x000000000800c3e0       0xac holse/emCLI.o
                0x000000000800c3e0                histPutIn
 .text.histGetFrom
                0x000000000800c48c       0x84 holse/emCLI.o
                0x000000000800c48c                histGetFrom
 .text.histMove
                0x000000000800c510       0xe8 holse/emCLI.o
                0x000000000800c510                histMove
 .text.putInLineCh
                0x000000000800c5f8       0xcc holse/emCLI.o
                0x000000000800c5f8                putInLineCh
 .text.delInLine
                0x000000000800c6c4       0xb0 holse/emCLI.o
                0x000000000800c6c4                delInLine
 .text.closeTerm
                0x000000000800c774       0x24 holse/emCLI.o
                0x000000000800c774                closeTerm
 .text.processCmds
                0x000000000800c798       0x94 holse/emCLI.o
                0x000000000800c798                processCmds
 .text.toLower  0x000000000800c82c       0x50 holse/emCLI.o
                0x000000000800c82c                toLower
 .text.processNewLine
                0x000000000800c87c       0xb0 holse/emCLI.o
                0x000000000800c87c                processNewLine
 .text.moveLineCursor
                0x000000000800c92c      0x10c holse/emCLI.o
                0x000000000800c92c                moveLineCursor
 .text.processACMultiple
                0x000000000800ca38      0x138 holse/emCLI.o
                0x000000000800ca38                processACMultiple
 .text.processAutoComplete
                0x000000000800cb70       0xbc holse/emCLI.o
                0x000000000800cb70                processAutoComplete
 .text.processConsoleStr2
                0x000000000800cc2c      0x220 holse/emCLI.o
                0x000000000800cc2c                processConsoleStr2
 .text.processConsoleStr
                0x000000000800ce4c       0x38 holse/emCLI.o
                0x000000000800ce4c                processConsoleStr
 .text.__setOutputs
                0x000000000800ce84       0x50 holse/io.o
                0x000000000800ce84                __setOutputs
 .text.setOutputs
                0x000000000800ced4       0x24 holse/io.o
                0x000000000800ced4                setOutputs
 .text.setOutputsByInputConfig
                0x000000000800cef8       0xa4 holse/io.o
                0x000000000800cef8                setOutputsByInputConfig
 .text.setOutputsOff
                0x000000000800cf9c       0x38 holse/io.o
                0x000000000800cf9c                setOutputsOff
 .text.firstEnableOutputs
                0x000000000800cfd4       0x34 holse/io.o
                0x000000000800cfd4                firstEnableOutputs
 .text.initIO   0x000000000800d008       0x10 holse/io.o
                0x000000000800d008                initIO
 .text.setOutputOn
                0x000000000800d018       0x40 holse/io.o
                0x000000000800d018                setOutputOn
 .text.setOutputOff
                0x000000000800d058       0x44 holse/io.o
                0x000000000800d058                setOutputOff
 .text.setOutputToggle
                0x000000000800d09c       0x40 holse/io.o
                0x000000000800d09c                setOutputToggle
 .text.getOutputState
                0x000000000800d0dc       0x44 holse/io.o
                0x000000000800d0dc                getOutputState
 .text.readInputs
                0x000000000800d120       0x40 holse/io.o
                0x000000000800d120                readInputs
 .text.processInputEvent
                0x000000000800d160      0x100 holse/io.o
                0x000000000800d160                processInputEvent
 .text.threadInputTimers
                0x000000000800d260       0x90 holse/io.o
                0x000000000800d260                threadInputTimers
 .text.processInputEvents
                0x000000000800d2f0       0x80 holse/io.o
                0x000000000800d2f0                processInputEvents
 .text.threadSPI
                0x000000000800d370       0x6c holse/io.o
                0x000000000800d370                threadSPI
 .text.startTimer
                0x000000000800d3dc       0x50 holse/io.o
                0x000000000800d3dc                startTimer
 .text.processTimerEvent
                0x000000000800d42c       0x3c holse/io.o
                0x000000000800d42c                processTimerEvent
 .text.threadTimers
                0x000000000800d468       0x4c holse/io.o
                0x000000000800d468                threadTimers
 .text.offActiveTimers
                0x000000000800d4b4       0x38 holse/io.o
                0x000000000800d4b4                offActiveTimers
 .text.initThreads
                0x000000000800d4ec       0x68 holse/io.o
                0x000000000800d4ec                initThreads
 .text.__errno  0x000000000800d554        0xc c:/st/stm32cubeide_1.3.0/stm32cubeide/plugins/com.st.stm32cube.ide.mcu.externaltools.gnu-tools-for-stm32.7-2018-q2-update.win32_1.5.0.202011040924/tools/bin/../lib/gcc/arm-none-eabi/7.3.1/../../../../arm-none-eabi/lib/thumb/v7-m\libc_nano.a(lib_a-errno.o)
                0x000000000800d554                __errno
 .text.__libc_init_array
                0x000000000800d560       0x48 c:/st/stm32cubeide_1.3.0/stm32cubeide/plugins/com.st.stm32cube.ide.mcu.externaltools.gnu-tools-for-stm32.7-2018-q2-update.win32_1.5.0.202011040924/tools/bin/../lib/gcc/arm-none-eabi/7.3.1/../../../../arm-none-eabi/lib/thumb/v7-m\libc_nano.a(lib_a-init.o)
                0x000000000800d560                __libc_init_array
 .text.__locale_ctype_ptr_l
                0x000000000800d5a8        0x6 c:/st/stm32cubeide_1.3.0/stm32cubeide/plugins/com.st.stm32cube.ide.mcu.externaltools.gnu-tools-for-stm32.7-2018-q2-update.win32_1.5.0.202011040924/tools/bin/../lib/gcc/arm-none-eabi/7.3.1/../../../../arm-none-eabi/lib/thumb/v7-m\libc_nano.a(lib_a-locale.o)
                0x000000000800d5a8                __locale_ctype_ptr_l
 *fill*         0x000000000800d5ae        0x2 
 .text.__locale_ctype_ptr
                0x000000000800d5b0       0x1c c:/st/stm32cubeide_1.3.0/stm32cubeide/plugins/com.st.stm32cube.ide.mcu.externaltools.gnu-tools-for-stm32.7-2018-q2-update.win32_1.5.0.202011040924/tools/bin/../lib/gcc/arm-none-eabi/7.3.1/../../../../arm-none-eabi/lib/thumb/v7-m\libc_nano.a(lib_a-locale.o)
                0x000000000800d5b0                __locale_ctype_ptr
 .text.__ascii_mbtowc
                0x000000000800d5cc       0x24 c:/st/stm32cubeide_1.3.0/stm32cubeide/plugins/com.st.stm32cube.ide.mcu.externaltools.gnu-tools-for-stm32.7-2018-q2-update.win32_1.5.0.202011040924/tools/bin/../lib/gcc/arm-none-eabi/7.3.1/../../../../arm-none-eabi/lib/thumb/v7-m\libc_nano.a(lib_a-mbtowc_r.o)
                0x000000000800d5cc                __ascii_mbtowc
 .text.memcpy   0x000000000800d5f0       0x16 c:/st/stm32cubeide_1.3.0/stm32cubeide/plugins/com.st.stm32cube.ide.mcu.externaltools.gnu-tools-for-stm32.7-2018-q2-update.win32_1.5.0.202011040924/tools/bin/../lib/gcc/arm-none-eabi/7.3.1/../../../../arm-none-eabi/lib/thumb/v7-m\libc_nano.a(lib_a-memcpy-stub.o)
                0x000000000800d5f0                memcpy
 .text.memmove  0x000000000800d606       0x32 c:/st/stm32cubeide_1.3.0/stm32cubeide/plugins/com.st.stm32cube.ide.mcu.externaltools.gnu-tools-for-stm32.7-2018-q2-update.win32_1.5.0.202011040924/tools/bin/../lib/gcc/arm-none-eabi/7.3.1/../../../../arm-none-eabi/lib/thumb/v7-m\libc_nano.a(lib_a-memmove.o)
                0x000000000800d606                memmove
 .text.memset   0x000000000800d638       0x10 c:/st/stm32cubeide_1.3.0/stm32cubeide/plugins/com.st.stm32cube.ide.mcu.externaltools.gnu-tools-for-stm32.7-2018-q2-update.win32_1.5.0.202011040924/tools/bin/../lib/gcc/arm-none-eabi/7.3.1/../../../../arm-none-eabi/lib/thumb/v7-m\libc_nano.a(lib_a-memset.o)
                0x000000000800d638                memset
 .text.snprintf
                0x000000000800d648       0x68 c:/st/stm32cubeide_1.3.0/stm32cubeide/plugins/com.st.stm32cube.ide.mcu.externaltools.gnu-tools-for-stm32.7-2018-q2-update.win32_1.5.0.202011040924/tools/bin/../lib/gcc/arm-none-eabi/7.3.1/../../../../arm-none-eabi/lib/thumb/v7-m\libc_nano.a(lib_a-snprintf.o)
                0x000000000800d648                sniprintf
                0x000000000800d648                snprintf
 .text.sscanf   0x000000000800d6b0       0x54 c:/st/stm32cubeide_1.3.0/stm32cubeide/plugins/com.st.stm32cube.ide.mcu.externaltools.gnu-tools-for-stm32.7-2018-q2-update.win32_1.5.0.202011040924/tools/bin/../lib/gcc/arm-none-eabi/7.3.1/../../../../arm-none-eabi/lib/thumb/v7-m\libc_nano.a(lib_a-sscanf.o)
                0x000000000800d6b0                siscanf
                0x000000000800d6b0                sscanf
 .text.__seofread
                0x000000000800d704        0x4 c:/st/stm32cubeide_1.3.0/stm32cubeide/plugins/com.st.stm32cube.ide.mcu.externaltools.gnu-tools-for-stm32.7-2018-q2-update.win32_1.5.0.202011040924/tools/bin/../lib/gcc/arm-none-eabi/7.3.1/../../../../arm-none-eabi/lib/thumb/v7-m\libc_nano.a(lib_a-stdio.o)
                0x000000000800d704                __seofread
 .text.strchr   0x000000000800d708       0x1a c:/st/stm32cubeide_1.3.0/stm32cubeide/plugins/com.st.stm32cube.ide.mcu.externaltools.gnu-tools-for-stm32.7-2018-q2-update.win32_1.5.0.202011040924/tools/bin/../lib/gcc/arm-none-eabi/7.3.1/../../../../arm-none-eabi/lib/thumb/v7-m\libc_nano.a(lib_a-strchr.o)
                0x000000000800d708                strchr
 .text.strncat  0x000000000800d722       0x28 c:/st/stm32cubeide_1.3.0/stm32cubeide/plugins/com.st.stm32cube.ide.mcu.externaltools.gnu-tools-for-stm32.7-2018-q2-update.win32_1.5.0.202011040924/tools/bin/../lib/gcc/arm-none-eabi/7.3.1/../../../../arm-none-eabi/lib/thumb/v7-m\libc_nano.a(lib_a-strncat.o)
                0x000000000800d722                strncat
 .text.strncmp  0x000000000800d74a       0x24 c:/st/stm32cubeide_1.3.0/stm32cubeide/plugins/com.st.stm32cube.ide.mcu.externaltools.gnu-tools-for-stm32.7-2018-q2-update.win32_1.5.0.202011040924/tools/bin/../lib/gcc/arm-none-eabi/7.3.1/../../../../arm-none-eabi/lib/thumb/v7-m\libc_nano.a(lib_a-strncmp.o)
                0x000000000800d74a                strncmp
 *fill*         0x000000000800d76e        0x2 
 .text.strtok   0x000000000800d770       0x54 c:/st/stm32cubeide_1.3.0/stm32cubeide/plugins/com.st.stm32cube.ide.mcu.externaltools.gnu-tools-for-stm32.7-2018-q2-update.win32_1.5.0.202011040924/tools/bin/../lib/gcc/arm-none-eabi/7.3.1/../../../../arm-none-eabi/lib/thumb/v7-m\libc_nano.a(lib_a-strtok.o)
                0x000000000800d770                strtok
 .text.__strtok_r
                0x000000000800d7c4       0x54 c:/st/stm32cubeide_1.3.0/stm32cubeide/plugins/com.st.stm32cube.ide.mcu.externaltools.gnu-tools-for-stm32.7-2018-q2-update.win32_1.5.0.202011040924/tools/bin/../lib/gcc/arm-none-eabi/7.3.1/../../../../arm-none-eabi/lib/thumb/v7-m\libc_nano.a(lib_a-strtok_r.o)
                0x000000000800d7c4                __strtok_r
 .text._strtoul_l.isra.0
                0x000000000800d818       0xf4 c:/st/stm32cubeide_1.3.0/stm32cubeide/plugins/com.st.stm32cube.ide.mcu.externaltools.gnu-tools-for-stm32.7-2018-q2-update.win32_1.5.0.202011040924/tools/bin/../lib/gcc/arm-none-eabi/7.3.1/../../../../arm-none-eabi/lib/thumb/v7-m\libc_nano.a(lib_a-strtoul.o)
 .text._strtoul_r
                0x000000000800d90c       0x24 c:/st/stm32cubeide_1.3.0/stm32cubeide/plugins/com.st.stm32cube.ide.mcu.externaltools.gnu-tools-for-stm32.7-2018-q2-update.win32_1.5.0.202011040924/tools/bin/../lib/gcc/arm-none-eabi/7.3.1/../../../../arm-none-eabi/lib/thumb/v7-m\libc_nano.a(lib_a-strtoul.o)
                0x000000000800d90c                _strtoul_r
 .text.strtoul  0x000000000800d930       0x2c c:/st/stm32cubeide_1.3.0/stm32cubeide/plugins/com.st.stm32cube.ide.mcu.externaltools.gnu-tools-for-stm32.7-2018-q2-update.win32_1.5.0.202011040924/tools/bin/../lib/gcc/arm-none-eabi/7.3.1/../../../../arm-none-eabi/lib/thumb/v7-m\libc_nano.a(lib_a-strtoul.o)
                0x000000000800d930                strtoul
 .text.__ascii_wctomb
                0x000000000800d95c       0x1a c:/st/stm32cubeide_1.3.0/stm32cubeide/plugins/com.st.stm32cube.ide.mcu.externaltools.gnu-tools-for-stm32.7-2018-q2-update.win32_1.5.0.202011040924/tools/bin/../lib/gcc/arm-none-eabi/7.3.1/../../../../arm-none-eabi/lib/thumb/v7-m\libc_nano.a(lib_a-wctomb_r.o)
                0x000000000800d95c                __ascii_wctomb
 *fill*         0x000000000800d976        0x2 
 .text.malloc   0x000000000800d978       0x10 c:/st/stm32cubeide_1.3.0/stm32cubeide/plugins/com.st.stm32cube.ide.mcu.externaltools.gnu-tools-for-stm32.7-2018-q2-update.win32_1.5.0.202011040924/tools/bin/../lib/gcc/arm-none-eabi/7.3.1/../../../../arm-none-eabi/lib/thumb/v7-m\libc_nano.a(lib_a-malloc.o)
                0x000000000800d978                malloc
 .text._free_r  0x000000000800d988       0x98 c:/st/stm32cubeide_1.3.0/stm32cubeide/plugins/com.st.stm32cube.ide.mcu.externaltools.gnu-tools-for-stm32.7-2018-q2-update.win32_1.5.0.202011040924/tools/bin/../lib/gcc/arm-none-eabi/7.3.1/../../../../arm-none-eabi/lib/thumb/v7-m\libc_nano.a(lib_a-nano-freer.o)
                0x000000000800d988                _free_r
 .text._malloc_r
                0x000000000800da20       0xb4 c:/st/stm32cubeide_1.3.0/stm32cubeide/plugins/com.st.stm32cube.ide.mcu.externaltools.gnu-tools-for-stm32.7-2018-q2-update.win32_1.5.0.202011040924/tools/bin/../lib/gcc/arm-none-eabi/7.3.1/../../../../arm-none-eabi/lib/thumb/v7-m\libc_nano.a(lib_a-nano-mallocr.o)
                0x000000000800da20                _malloc_r
 .text.__ssputs_r
                0x000000000800dad4       0xb4 c:/st/stm32cubeide_1.3.0/stm32cubeide/plugins/com.st.stm32cube.ide.mcu.externaltools.gnu-tools-for-stm32.7-2018-q2-update.win32_1.5.0.202011040924/tools/bin/../lib/gcc/arm-none-eabi/7.3.1/../../../../arm-none-eabi/lib/thumb/v7-m\libc_nano.a(lib_a-nano-svfprintf.o)
                0x000000000800dad4                __ssputs_r
 .text._svfprintf_r
                0x000000000800db88      0x1f0 c:/st/stm32cubeide_1.3.0/stm32cubeide/plugins/com.st.stm32cube.ide.mcu.externaltools.gnu-tools-for-stm32.7-2018-q2-update.win32_1.5.0.202011040924/tools/bin/../lib/gcc/arm-none-eabi/7.3.1/../../../../arm-none-eabi/lib/thumb/v7-m\libc_nano.a(lib_a-nano-svfprintf.o)
                0x000000000800db88                _svfiprintf_r
                0x000000000800db88                _svfprintf_r
 .text._sungetc_r
                0x000000000800dd78       0x7a c:/st/stm32cubeide_1.3.0/stm32cubeide/plugins/com.st.stm32cube.ide.mcu.externaltools.gnu-tools-for-stm32.7-2018-q2-update.win32_1.5.0.202011040924/tools/bin/../lib/gcc/arm-none-eabi/7.3.1/../../../../arm-none-eabi/lib/thumb/v7-m\libc_nano.a(lib_a-nano-svfscanf.o)
                0x000000000800dd78                _sungetc_r
 .text.__ssrefill_r
                0x000000000800ddf2       0x3a c:/st/stm32cubeide_1.3.0/stm32cubeide/plugins/com.st.stm32cube.ide.mcu.externaltools.gnu-tools-for-stm32.7-2018-q2-update.win32_1.5.0.202011040924/tools/bin/../lib/gcc/arm-none-eabi/7.3.1/../../../../arm-none-eabi/lib/thumb/v7-m\libc_nano.a(lib_a-nano-svfscanf.o)
                0x000000000800ddf2                __ssrefill_r
 .text.__ssvfscanf_r
                0x000000000800de2c      0x2a0 c:/st/stm32cubeide_1.3.0/stm32cubeide/plugins/com.st.stm32cube.ide.mcu.externaltools.gnu-tools-for-stm32.7-2018-q2-update.win32_1.5.0.202011040924/tools/bin/../lib/gcc/arm-none-eabi/7.3.1/../../../../arm-none-eabi/lib/thumb/v7-m\libc_nano.a(lib_a-nano-svfscanf.o)
                0x000000000800de2c                __ssvfiscanf_r
                0x000000000800de2c                __ssvfscanf_r
 .text._printf_common
                0x000000000800e0cc       0xec c:/st/stm32cubeide_1.3.0/stm32cubeide/plugins/com.st.stm32cube.ide.mcu.externaltools.gnu-tools-for-stm32.7-2018-q2-update.win32_1.5.0.202011040924/tools/bin/../lib/gcc/arm-none-eabi/7.3.1/../../../../arm-none-eabi/lib/thumb/v7-m\libc_nano.a(lib_a-nano-vfprintf_i.o)
                0x000000000800e0cc                _printf_common
 .text._printf_i
                0x000000000800e1b8      0x224 c:/st/stm32cubeide_1.3.0/stm32cubeide/plugins/com.st.stm32cube.ide.mcu.externaltools.gnu-tools-for-stm32.7-2018-q2-update.win32_1.5.0.202011040924/tools/bin/../lib/gcc/arm-none-eabi/7.3.1/../../../../arm-none-eabi/lib/thumb/v7-m\libc_nano.a(lib_a-nano-vfprintf_i.o)
                0x000000000800e1b8                _printf_i
 .text._scanf_chars
                0x000000000800e3dc       0xc4 c:/st/stm32cubeide_1.3.0/stm32cubeide/plugins/com.st.stm32cube.ide.mcu.externaltools.gnu-tools-for-stm32.7-2018-q2-update.win32_1.5.0.202011040924/tools/bin/../lib/gcc/arm-none-eabi/7.3.1/../../../../arm-none-eabi/lib/thumb/v7-m\libc_nano.a(lib_a-nano-vfscanf_i.o)
                0x000000000800e3dc                _scanf_chars
 .text._scanf_i
                0x000000000800e4a0      0x1ec c:/st/stm32cubeide_1.3.0/stm32cubeide/plugins/com.st.stm32cube.ide.mcu.externaltools.gnu-tools-for-stm32.7-2018-q2-update.win32_1.5.0.202011040924/tools/bin/../lib/gcc/arm-none-eabi/7.3.1/../../../../arm-none-eabi/lib/thumb/v7-m\libc_nano.a(lib_a-nano-vfscanf_i.o)
                0x000000000800e4a0                _scanf_i
 .text._sbrk_r  0x000000000800e68c       0x20 c:/st/stm32cubeide_1.3.0/stm32cubeide/plugins/com.st.stm32cube.ide.mcu.externaltools.gnu-tools-for-stm32.7-2018-q2-update.win32_1.5.0.202011040924/tools/bin/../lib/gcc/arm-none-eabi/7.3.1/../../../../arm-none-eabi/lib/thumb/v7-m\libc_nano.a(lib_a-sbrkr.o)
                0x000000000800e68c                _sbrk_r
 .text.__sccl   0x000000000800e6ac       0x62 c:/st/stm32cubeide_1.3.0/stm32cubeide/plugins/com.st.stm32cube.ide.mcu.externaltools.gnu-tools-for-stm32.7-2018-q2-update.win32_1.5.0.202011040924/tools/bin/../lib/gcc/arm-none-eabi/7.3.1/../../../../arm-none-eabi/lib/thumb/v7-m\libc_nano.a(lib_a-sccl.o)
                0x000000000800e6ac                __sccl
 .text._strtol_l.isra.0
                0x000000000800e70e       0xf6 c:/st/stm32cubeide_1.3.0/stm32cubeide/plugins/com.st.stm32cube.ide.mcu.externaltools.gnu-tools-for-stm32.7-2018-q2-update.win32_1.5.0.202011040924/tools/bin/../lib/gcc/arm-none-eabi/7.3.1/../../../../arm-none-eabi/lib/thumb/v7-m\libc_nano.a(lib_a-strtol.o)
 .text._strtol_r
                0x000000000800e804       0x24 c:/st/stm32cubeide_1.3.0/stm32cubeide/plugins/com.st.stm32cube.ide.mcu.externaltools.gnu-tools-for-stm32.7-2018-q2-update.win32_1.5.0.202011040924/tools/bin/../lib/gcc/arm-none-eabi/7.3.1/../../../../arm-none-eabi/lib/thumb/v7-m\libc_nano.a(lib_a-strtol.o)
                0x000000000800e804                _strtol_r
 .text.__submore
                0x000000000800e828       0x70 c:/st/stm32cubeide_1.3.0/stm32cubeide/plugins/com.st.stm32cube.ide.mcu.externaltools.gnu-tools-for-stm32.7-2018-q2-update.win32_1.5.0.202011040924/tools/bin/../lib/gcc/arm-none-eabi/7.3.1/../../../../arm-none-eabi/lib/thumb/v7-m\libc_nano.a(lib_a-ungetc.o)
                0x000000000800e828                __submore
 .text.memchr   0x000000000800e898       0x1c c:/st/stm32cubeide_1.3.0/stm32cubeide/plugins/com.st.stm32cube.ide.mcu.externaltools.gnu-tools-for-stm32.7-2018-q2-update.win32_1.5.0.202011040924/tools/bin/../lib/gcc/arm-none-eabi/7.3.1/../../../../arm-none-eabi/lib/thumb/v7-m\libc_nano.a(lib_a-memchr-stub.o)
                0x000000000800e898                memchr
 .text.__malloc_lock
                0x000000000800e8b4        0x2 c:/st/stm32cubeide_1.3.0/stm32cubeide/plugins/com.st.stm32cube.ide.mcu.externaltools.gnu-tools-for-stm32.7-2018-q2-update.win32_1.5.0.202011040924/tools/bin/../lib/gcc/arm-none-eabi/7.3.1/../../../../arm-none-eabi/lib/thumb/v7-m\libc_nano.a(lib_a-mlock.o)
                0x000000000800e8b4                __malloc_lock
 .text.__malloc_unlock
                0x000000000800e8b6        0x2 c:/st/stm32cubeide_1.3.0/stm32cubeide/plugins/com.st.stm32cube.ide.mcu.externaltools.gnu-tools-for-stm32.7-2018-q2-update.win32_1.5.0.202011040924/tools/bin/../lib/gcc/arm-none-eabi/7.3.1/../../../../arm-none-eabi/lib/thumb/v7-m\libc_nano.a(lib_a-mlock.o)
                0x000000000800e8b6                __malloc_unlock
 .text._realloc_r
                0x000000000800e8b8       0x4c c:/st/stm32cubeide_1.3.0/stm32cubeide/plugins/com.st.stm32cube.ide.mcu.externaltools.gnu-tools-for-stm32.7-2018-q2-update.win32_1.5.0.202011040924/tools/bin/../lib/gcc/arm-none-eabi/7.3.1/../../../../arm-none-eabi/lib/thumb/v7-m\libc_nano.a(lib_a-nano-reallocr.o)
                0x000000000800e8b8                _realloc_r
 .text._malloc_usable_size_r
                0x000000000800e904       0x10 c:/st/stm32cubeide_1.3.0/stm32cubeide/plugins/com.st.stm32cube.ide.mcu.externaltools.gnu-tools-for-stm32.7-2018-q2-update.win32_1.5.0.202011040924/tools/bin/../lib/gcc/arm-none-eabi/7.3.1/../../../../arm-none-eabi/lib/thumb/v7-m\libc_nano.a(lib_a-nano-msizer.o)
                0x000000000800e904                _malloc_usable_size_r
 *(.glue_7)
 .glue_7        0x000000000800e914        0x0 linker stubs
 *(.glue_7t)
 .glue_7t       0x000000000800e914        0x0 linker stubs
 *(.eh_frame)
 .eh_frame      0x000000000800e914        0x0 c:/st/stm32cubeide_1.3.0/stm32cubeide/plugins/com.st.stm32cube.ide.mcu.externaltools.gnu-tools-for-stm32.7-2018-q2-update.win32_1.5.0.202011040924/tools/bin/../lib/gcc/arm-none-eabi/7.3.1/thumb/v7-m/crtbegin.o
 *(.init)
 .init          0x000000000800e914        0x4 c:/st/stm32cubeide_1.3.0/stm32cubeide/plugins/com.st.stm32cube.ide.mcu.externaltools.gnu-tools-for-stm32.7-2018-q2-update.win32_1.5.0.202011040924/tools/bin/../lib/gcc/arm-none-eabi/7.3.1/thumb/v7-m/crti.o
                0x000000000800e914                _init
 .init          0x000000000800e918        0x8 c:/st/stm32cubeide_1.3.0/stm32cubeide/plugins/com.st.stm32cube.ide.mcu.externaltools.gnu-tools-for-stm32.7-2018-q2-update.win32_1.5.0.202011040924/tools/bin/../lib/gcc/arm-none-eabi/7.3.1/thumb/v7-m/crtn.o
 *(.fini)
 .fini          0x000000000800e920        0x4 c:/st/stm32cubeide_1.3.0/stm32cubeide/plugins/com.st.stm32cube.ide.mcu.externaltools.gnu-tools-for-stm32.7-2018-q2-update.win32_1.5.0.202011040924/tools/bin/../lib/gcc/arm-none-eabi/7.3.1/thumb/v7-m/crti.o
                0x000000000800e920                _fini
 .fini          0x000000000800e924        0x8 c:/st/stm32cubeide_1.3.0/stm32cubeide/plugins/com.st.stm32cube.ide.mcu.externaltools.gnu-tools-for-stm32.7-2018-q2-update.win32_1.5.0.202011040924/tools/bin/../lib/gcc/arm-none-eabi/7.3.1/thumb/v7-m/crtn.o
                0x000000000800e92c                . = ALIGN (0x4)
                0x000000000800e92c                _etext = .

.vfp11_veneer   0x000000000800e92c        0x0
 .vfp11_veneer  0x000000000800e92c        0x0 linker stubs

.v4_bx          0x000000000800e92c        0x0
 .v4_bx         0x000000000800e92c        0x0 linker stubs

.iplt           0x000000000800e92c        0x0
 .iplt          0x000000000800e92c        0x0 c:/st/stm32cubeide_1.3.0/stm32cubeide/plugins/com.st.stm32cube.ide.mcu.externaltools.gnu-tools-for-stm32.7-2018-q2-update.win32_1.5.0.202011040924/tools/bin/../lib/gcc/arm-none-eabi/7.3.1/thumb/v7-m/crtbegin.o

.rodata         0x000000000800e92c      0xa20
                0x000000000800e92c                . = ALIGN (0x4)
 *(.rodata)
 .rodata        0x000000000800e92c        0xc Core/Src/freertos.o
 .rodata        0x000000000800e938       0x12 Drivers/STM32F1xx_HAL_Driver/Src/stm32f1xx_hal_rcc.o
 *fill*         0x000000000800e94a        0x2 
 .rodata        0x000000000800e94c       0x12 Drivers/STM32F1xx_HAL_Driver/Src/stm32f1xx_hal_rcc_ex.o
 *fill*         0x000000000800e95e        0x2 
 .rodata        0x000000000800e960        0x5 Middlewares/Third_Party/FreeRTOS/Source/tasks.o
 *fill*         0x000000000800e965        0x3 
 .rodata        0x000000000800e968        0xd Middlewares/Third_Party/FreeRTOS/Source/timers.o
 *fill*         0x000000000800e975        0x3 
 .rodata        0x000000000800e978       0x46 USB_DEVICE/App/usbd_desc.o
 *fill*         0x000000000800e9be        0x2 
 .rodata        0x000000000800e9c0      0x5f1 holse/cons.o
 *fill*         0x000000000800efb1        0x3 
 .rodata        0x000000000800efb4      0x16b holse/emCLI.o
 *fill*         0x000000000800f11f        0x1 
 .rodata        0x000000000800f120        0x1 holse/io.o
 *fill*         0x000000000800f121        0x3 
 .rodata        0x000000000800f124        0xc c:/st/stm32cubeide_1.3.0/stm32cubeide/plugins/com.st.stm32cube.ide.mcu.externaltools.gnu-tools-for-stm32.7-2018-q2-update.win32_1.5.0.202011040924/tools/bin/../lib/gcc/arm-none-eabi/7.3.1/../../../../arm-none-eabi/lib/thumb/v7-m\libc_nano.a(lib_a-nano-vfscanf_i.o)
 *(.rodata*)
 .rodata.defaultTask_attributes
                0x000000000800f130       0x24 Core/Src/freertos.o
                0x000000000800f130                defaultTask_attributes
 .rodata.AHBPrescTable
                0x000000000800f154       0x10 Core/Src/system_stm32f1xx.o
                0x000000000800f154                AHBPrescTable
 .rodata.APBPrescTable
                0x000000000800f164        0x8 Core/Src/system_stm32f1xx.o
                0x000000000800f164                APBPrescTable
 .rodata.consTask_attributes
                0x000000000800f16c       0x24 holse/cons.o
                0x000000000800f16c                consTask_attributes
 .rodata._setlocale_r.str1.1
                0x000000000800f190        0x8 c:/st/stm32cubeide_1.3.0/stm32cubeide/plugins/com.st.stm32cube.ide.mcu.externaltools.gnu-tools-for-stm32.7-2018-q2-update.win32_1.5.0.202011040924/tools/bin/../lib/gcc/arm-none-eabi/7.3.1/../../../../arm-none-eabi/lib/thumb/v7-m\libc_nano.a(lib_a-locale.o)
                                          0x9 (size before relaxing)
 .rodata.str1.1
                0x000000000800f198        0x2 c:/st/stm32cubeide_1.3.0/stm32cubeide/plugins/com.st.stm32cube.ide.mcu.externaltools.gnu-tools-for-stm32.7-2018-q2-update.win32_1.5.0.202011040924/tools/bin/../lib/gcc/arm-none-eabi/7.3.1/../../../../arm-none-eabi/lib/thumb/v7-m\libc_nano.a(lib_a-locale.o)
 .rodata._ctype_
                0x000000000800f19a      0x101 c:/st/stm32cubeide_1.3.0/stm32cubeide/plugins/com.st.stm32cube.ide.mcu.externaltools.gnu-tools-for-stm32.7-2018-q2-update.win32_1.5.0.202011040924/tools/bin/../lib/gcc/arm-none-eabi/7.3.1/../../../../arm-none-eabi/lib/thumb/v7-m\libc_nano.a(lib_a-ctype_.o)
                0x000000000800f19a                _ctype_
 .rodata._svfprintf_r.str1.1
                0x000000000800f29b       0x11 c:/st/stm32cubeide_1.3.0/stm32cubeide/plugins/com.st.stm32cube.ide.mcu.externaltools.gnu-tools-for-stm32.7-2018-q2-update.win32_1.5.0.202011040924/tools/bin/../lib/gcc/arm-none-eabi/7.3.1/../../../../arm-none-eabi/lib/thumb/v7-m\libc_nano.a(lib_a-nano-svfprintf.o)
 .rodata.__ssvfscanf_r.str1.1
                0x000000000800f2ac        0x4 c:/st/stm32cubeide_1.3.0/stm32cubeide/plugins/com.st.stm32cube.ide.mcu.externaltools.gnu-tools-for-stm32.7-2018-q2-update.win32_1.5.0.202011040924/tools/bin/../lib/gcc/arm-none-eabi/7.3.1/../../../../arm-none-eabi/lib/thumb/v7-m\libc_nano.a(lib_a-nano-svfscanf.o)
 .rodata._printf_i.str1.1
                0x000000000800f2ac       0x22 c:/st/stm32cubeide_1.3.0/stm32cubeide/plugins/com.st.stm32cube.ide.mcu.externaltools.gnu-tools-for-stm32.7-2018-q2-update.win32_1.5.0.202011040924/tools/bin/../lib/gcc/arm-none-eabi/7.3.1/../../../../arm-none-eabi/lib/thumb/v7-m\libc_nano.a(lib_a-nano-vfprintf_i.o)
 .rodata._scanf_i.str1.1
                0x000000000800f2ce       0x12 c:/st/stm32cubeide_1.3.0/stm32cubeide/plugins/com.st.stm32cube.ide.mcu.externaltools.gnu-tools-for-stm32.7-2018-q2-update.win32_1.5.0.202011040924/tools/bin/../lib/gcc/arm-none-eabi/7.3.1/../../../../arm-none-eabi/lib/thumb/v7-m\libc_nano.a(lib_a-nano-vfscanf_i.o)
 .rodata.str1.1
                0x000000000800f2e0        0x9 c:/st/stm32cubeide_1.3.0/stm32cubeide/plugins/com.st.stm32cube.ide.mcu.externaltools.gnu-tools-for-stm32.7-2018-q2-update.win32_1.5.0.202011040924/tools/bin/../lib/gcc/arm-none-eabi/7.3.1/../../../../arm-none-eabi/lib/thumb/v7-m\libc_nano.a(lib_a-nano-vfscanf_i.o)
 *fill*         0x000000000800f2e9        0x3 
 .rodata.__sf_fake_stderr
                0x000000000800f2ec       0x20 c:/st/stm32cubeide_1.3.0/stm32cubeide/plugins/com.st.stm32cube.ide.mcu.externaltools.gnu-tools-for-stm32.7-2018-q2-update.win32_1.5.0.202011040924/tools/bin/../lib/gcc/arm-none-eabi/7.3.1/../../../../arm-none-eabi/lib/thumb/v7-m\libc_nano.a(lib_a-findfp.o)
                0x000000000800f2ec                __sf_fake_stderr
 .rodata.__sf_fake_stdin